2026-09-28 21:04:16.541 Df stuckstart[7415:1773bd4] (CoreAudio)   HALC_ProxyIOContext.cpp:1159   HALC_ProxyIOContext::PauseIO: <- 0 1 1, id:1993 called from <private>
2026-09-28 21:04:16.556 Df stuckstart[7415:1773bd4] (CoreAudio)   HALC_ProxyIOContext.cpp:1159   HALC_ProxyIOContext::PauseIO: <- 0 2 2, id:1993 called from <private>
2026-09-28 21:04:16.556 Df stuckstart[7415:1773bd3] (CoreAudio)   HALC_ProxyIOContext.cpp:1159   HALC_ProxyIOContext::PauseIO: <- 0 3 3, id:1993 called from <private>
2026-09-28 21:04:16.558 Df stuckstart[7415:1773bd3] (CoreAudio)   HALC_ProxyIOContext.cpp:1210   HALC_ProxyIOContext::ResumeIO: <- 0 2 2 id:1993 called from <private>
2026-09-28 21:04:16.558 Df stuckstart[7415:1773bd3] (CoreAudio)   HALC_ProxyIOContext.cpp:1210   HALC_ProxyIOContext::ResumeIO: <- 0 1 1 id:1993 called from <private>
2026-09-28 21:04:16.558 E  stuckstart[7415:1773bd4] [com.apple.coreaudio:AMCP]          HALC_ProxyIOContext.cpp:1075  HALC_ProxyIOContext::_StartIO(): Start failed - StartAndWaitForState returned error 35
2026-09-28 21:04:16.558 Df stuckstart[7415:1773bd4] (CoreAudio)   HALC_ProxyIOContext.cpp:1210   HALC_ProxyIOContext::ResumeIO: <- 0 0 0 id:1993 called from <private>
2026-09-28 21:04:16.558 Df stuckstart[7415:1773bd3] (CoreAudio)   HALC_ProxyIOContext.cpp:1159   HALC_ProxyIOContext::PauseIO: <- 0 1 1, id:1993 called from <private>
2026-09-28 21:04:16.599 Df stuckstart[7415:1773bd4] (CoreAudio)   HALC_ProxyIOContext.cpp:1159   HALC_ProxyIOContext::PauseIO: <- 0 2 2, id:1993 called from <private>
2026-09-28 21:04:16.600 Df stuckstart[7415:1773bd4] (CoreAudio)   HALC_ProxyIOContext.cpp:1210   HALC_ProxyIOContext::ResumeIO: <- 0 1 1 id:1993 called from <private>
2026-09-28 21:04:16.612 Df stuckstart[7415:1773bd4] (CoreAudio)   HALC_ProxyIOContext.cpp:1159   HALC_ProxyIOContext::PauseIO: <- 0 2 2, id:1993 called from <private>
2026-09-28 21:04:16.647 Df stuckstart[7415:1773bd3] (CoreAudio)   HALC_ProxyIOContext.cpp:1159   HALC_ProxyIOContext::PauseIO: <- 0 3 3, id:1993 called from <private>
2026-09-28 21:04:16.649 Df stuckstart[7415:1773bd3] (CoreAudio)   HALC_ProxyIOContext.cpp:1210   HALC_ProxyIOContext::ResumeIO: <- 0 2 2 id:1993 called from <private>
2026-09-28 21:04:16.649 Df stuckstart[7415:1773c31] (CoreAudio)   HALC_ProxyIOContext.cpp:1159   HALC_ProxyIOContext::PauseIO: <- 0 3 3, id:1993 called from <private>
2026-09-28 21:04:16.649 Df stuckstart[7415:1773c31] (CoreAudio)   HALC_ProxyIOContext.cpp:1210   HALC_ProxyIOContext::ResumeIO: <- 0 2 2 id:1993 called from <private>
2026-09-28 21:04:16.649 Df stuckstart[7415:1773c31] (CoreAudio)   HALC_ProxyIOContext.cpp:1210   HALC_ProxyIOContext::ResumeIO: <- 0 1 1 id:1993 called from <private>
2026-09-28 21:04:16.649 Df stuckstart[7415:1773c31] (CoreAudio)   HALC_ProxyIOContext.cpp:1159   HALC_ProxyIOContext::PauseIO: <- 0 2 2, id:1993 called from <private>
2026-09-28 21:04:16.649 Df stuckstart[7415:1773c31] (CoreAudio)   HALC_ProxyIOContext.cpp:1159   HALC_ProxyIOContext::PauseIO: <- 0 3 3, id:1993 called from <private>
2026-09-28 21:04:16.649 Df stuckstart[7415:1773c31] (CoreAudio)   HALC_ProxyIOContext.cpp:1210   HALC_ProxyIOContext::ResumeIO: <- 0 2 2 id:1993 called from <private>
2026-09-28 21:04:16.649 Df stuckstart[7415:1773c31] (CoreAudio)   HALC_ProxyIOContext.cpp:1159   HALC_ProxyIOContext::PauseIO: <- 0 3 3, id:1993 called from <private>
2026-09-28 21:04:16.652 Df stuckstart[7415:1773c31] (CoreAudio)   HALC_ProxyIOContext.cpp:1210   HALC_ProxyIOContext::ResumeIO: <- 0 2 2 id:1993 called from <private>
2026-09-28 21:04:16.652 Df stuckstart[7415:1773c31] (CoreAudio)   HALC_ProxyIOContext.cpp:1159   HALC_ProxyIOContext::PauseIO: <- 0 3 3, id:1993 called from <private>
2026-09-28 21:04:16.652 Df stuckstart[7415:1773c31] (CoreAudio)   HALC_ProxyIOContext.cpp:1210   HALC_ProxyIOContext::ResumeIO: <- 0 2 2 id:1993 called from <private>
2026-09-28 21:04:16.652 Df stuckstart[7415:1773bd4] (CoreAudio)   HALC_ProxyIOContext.cpp:1210   HALC_ProxyIOContext::ResumeIO: <- 0 1 1 id:1993 called from <private>
2026-09-28 21:04:16.652 E  stuckstart[7415:1773c31] [com.apple.coreaudio:AMCP]          HALC_ProxyIOContext.cpp:1075  HALC_ProxyIOContext::_StartIO(): Start failed - StartAndWaitForState returned error 35
2026-09-28 21:04:16.652 Df stuckstart[7415:1773c31] (CoreAudio)   HALC_ProxyIOContext.cpp:1210   HALC_ProxyIOContext::ResumeIO: <- 0 0 0 id:1993 called from <private>
2026-09-28 21:04:16.652 Df stuckstart[7415:1773c31] (CoreAudio)   HALC_ProxyIOContext.cpp:1159   HALC_ProxyIOContext::PauseIO: <- 0 1 1, id:1993 called from <private>
2026-09-28 21:04:16.718 Df stuckstart[7415:1773bfb] (CoreAudio)   HALC_ProxyIOContext.cpp:1210   HALC_ProxyIOContext::ResumeIO: <- 1 1 1 id:1993 called from <private>
2026-09-28 21:04:16.729 Df stuckstart[7415:1773bd4] (CoreAudio)   HALC_ProxyIOContext.cpp:1159   HALC_ProxyIOContext::PauseIO: <- 0 1 1, id:1993 called from <private>
2026-09-28 21:04:16.729 Df stuckstart[7415:1773c31] (CoreAudio)   HALC_ProxyIOContext.cpp:1159   HALC_ProxyIOContext::PauseIO: <- 0 2 2, id:1993 called from <private>
2026-09-28 21:04:16.730 Df stuckstart[7415:1773bd4] (CoreAudio)   HALC_ProxyIOContext.cpp:1210   HALC_ProxyIOContext::ResumeIO: <- 0 1 1 id:1993 called from <private>
2026-09-28 21:04:16.782 Df stuckstart[7415:1773bfb] (CoreAudio)   HALC_ProxyIOContext.cpp:1210   HALC_ProxyIOContext::ResumeIO: <- 1 0 0 id:1993 called from <private>
2026-09-28 21:04:16.782 E  stuckstart[7415:1773bbe] (CoreAudio)         HALB_IOThread.cpp:342    HALB_IOThread::_Start: there already is a thread
2026-09-28 21:04:17.217 Df stuckstart[7415:1773c31] (CoreAudio)   HALC_ProxyIOContext.cpp:1159   HALC_ProxyIOContext::PauseIO: <- 0 1 1, id:1993 called from <private>
2026-09-28 21:04:17.249 Df stuckstart[7415:1773c31] (CoreAudio)   HALC_ProxyIOContext.cpp:1159   HALC_ProxyIOContext::PauseIO: <- 0 2 2, id:1993 called from <private>
2026-09-28 21:04:17.249 Df stuckstart[7415:1773bd3] (CoreAudio)   HALC_ProxyIOContext.cpp:1159   HALC_ProxyIOContext::PauseIO: <- 0 3 3, id:1993 called from <private>
2026-09-28 21:04:17.255 Df stuckstart[7415:1773bd4] (CoreAudio)   HALC_ProxyIOContext.cpp:1210   HALC_ProxyIOContext::ResumeIO: <- 0 2 2 id:1993 called from <private>
2026-09-28 21:04:17.255 Df stuckstart[7415:1773bd4] (CoreAudio)   HALC_ProxyIOContext.cpp:1210   HALC_ProxyIOContext::ResumeIO: <- 0 1 1 id:1993 called from <private>
2026-09-28 21:04:17.256 Df stuckstart[7415:1773c31] (CoreAudio)   HALC_ProxyIOContext.cpp:1210   HALC_ProxyIOContext::ResumeIO: <- 0 0 0 id:1993 called from <private>
2026-09-28 21:04:17.256 Df stuckstart[7415:1773bd3] (CoreAudio)   HALC_ProxyIOContext.cpp:1159   HALC_ProxyIOContext::PauseIO: <- 0 1 1, id:1993 called from <private>
2026-09-28 21:04:17.304 Df stuckstart[7415:1773bfb] (CoreAudio)   HALC_ProxyIOContext.cpp:1210   HALC_ProxyIOContext::ResumeIO: <- 0 0 0 id:1993 called from <private>
2026-09-28 21:04:17.330 Df stuckstart[7415:1773c31] (CoreAudio)   HALC_ProxyIOContext.cpp:1159   HALC_ProxyIOContext::PauseIO: <- 0 1 1, id:1993 called from <private>
2026-09-28 21:04:17.370 Df stuckstart[7415:1773bd4] (CoreAudio)   HALC_ProxyIOContext.cpp:1159   HALC_ProxyIOContext::PauseIO: <- 0 2 2, id:1993 called from <private>
2026-09-28 21:04:17.372 Df stuckstart[7415:1773bd4] (CoreAudio)   HALC_ProxyIOContext.cpp:1210   HALC_ProxyIOContext::ResumeIO: <- 0 1 1 id:1993 called from <private>
2026-09-28 21:04:17.372 Df stuckstart[7415:1773bd3] (CoreAudio)   HALC_ProxyIOContext.cpp:1159   HALC_ProxyIOContext::PauseIO: <- 0 2 2, id:1993 called from <private>
2026-09-28 21:04:17.372 Df stuckstart[7415:1773bd3] (CoreAudio)   HALC_ProxyIOContext.cpp:1210   HALC_ProxyIOContext::ResumeIO: <- 0 1 1 id:1993 called from <private>
2026-09-28 21:04:17.372 Df stuckstart[7415:1773bfb] (CoreAudio)   HALC_ProxyIOContext.cpp:1159   HALC_ProxyIOContext::PauseIO: <- 0 2 2, id:1993 called from <private>
2026-09-28 21:04:17.373 Df stuckstart[7415:1773c31] (CoreAudio)   HALC_ProxyIOContext.cpp:1210   HALC_ProxyIOContext::ResumeIO: <- 0 1 1 id:1993 called from <private>
2026-09-28 21:04:17.373 Df stuckstart[7415:1773bd3] (CoreAudio)   HALC_ProxyIOContext.cpp:1210   HALC_ProxyIOContext::ResumeIO: <- 0 0 0 id:1993 called from <private>
2026-09-28 21:04:17.402 Df stuckstart[7415:1773c31] (CoreAudio)   HALC_ProxyIOContext.cpp:1159   HALC_ProxyIOContext::PauseIO: <- 0 1 1, id:1993 called from <private>
2026-09-28 21:04:17.402 Df stuckstart[7415:1773bd3] (CoreAudio)   HALC_ProxyIOContext.cpp:1159   HALC_ProxyIOContext::PauseIO: <- 0 2 2, id:1993 called from <private>
2026-09-28 21:04:17.403 Df stuckstart[7415:1773bd3] (CoreAudio)   HALC_ProxyIOContext.cpp:1210   HALC_ProxyIOContext::ResumeIO: <- 0 1 1 id:1993 called from <private>
2026-09-28 21:04:17.403 Df stuckstart[7415:1773c31] (CoreAudio)   HALC_ProxyIOContext.cpp:1210   HALC_ProxyIOContext::ResumeIO: <- 0 0 0 id:1993 called from <private>
2026-09-28 21:04:17.424 Df stuckstart[7415:1773c31] (CoreAudio)   HALC_ProxyIOContext.cpp:1159   HALC_ProxyIOContext::PauseIO: <- 0 1 1, id:1993 called from <private>
2026-09-28 21:04:17.424 Df stuckstart[7415:1773bd3] (CoreAudio)   HALC_ProxyIOContext.cpp:1159   HALC_ProxyIOContext::PauseIO: <- 0 2 2, id:1993 called from <private>
2026-09-28 21:04:17.427 Df stuckstart[7415:1773bfb] (CoreAudio)   HALC_ProxyIOContext.cpp:1210   HALC_ProxyIOContext::ResumeIO: <- 0 1 1 id:1993 called from <private>
2026-09-28 21:04:17.427 Df stuckstart[7415:1773c31] (CoreAudio)   HALC_ProxyIOContext.cpp:1210   HALC_ProxyIOContext::ResumeIO: <- 0 0 0 id:1993 called from <private>
2026-09-28 21:04:17.832 Df stuckstart[7415:1773bfb] (CoreAudio)   HALC_ProxyIOContext.cpp:1159   HALC_ProxyIOContext::PauseIO: <- 0 1 1, id:1993 called from <private>
2026-09-28 21:04:17.864 Df stuckstart[7415:1773bd3] (CoreAudio)   HALC_ProxyIOContext.cpp:1159   HALC_ProxyIOContext::PauseIO: <- 0 2 2, id:1993 called from <private>
2026-09-28 21:04:17.864 Df stuckstart[7415:1773bfb] (CoreAudio)   HALC_ProxyIOContext.cpp:1159   HALC_ProxyIOContext::PauseIO: <- 0 3 3, id:1993 called from <private>
2026-09-28 21:04:17.867 Df stuckstart[7415:1773bfb] (CoreAudio)   HALC_ProxyIOContext.cpp:1210   HALC_ProxyIOContext::ResumeIO: <- 0 2 2 id:1993 called from <private>
2026-09-28 21:04:17.868 Df stuckstart[7415:1773bd4] (CoreAudio)   HALC_ProxyIOContext.cpp:1210   HALC_ProxyIOContext::ResumeIO: <- 0 1 1 id:1993 called from <private>
2026-09-28 21:04:17.871 E  stuckstart[7415:1773bd3] [com.apple.coreaudio:AMCP]          HALC_ProxyIOContext.cpp:1075  HALC_ProxyIOContext::_StartIO(): Start failed - StartAndWaitForState returned error 35
2026-09-28 21:04:17.871 Df stuckstart[7415:1773bd3] (CoreAudio)   HALC_ProxyIOContext.cpp:1210   HALC_ProxyIOContext::ResumeIO: <- 0 0 0 id:1993 called from <private>
2026-09-28 21:04:17.871 Df stuckstart[7415:1773bfb] (CoreAudio)   HALC_ProxyIOContext.cpp:1159   HALC_ProxyIOContext::PauseIO: <- 0 1 1, id:1993 called from <private>
2026-09-28 21:04:17.924 Df stuckstart[7415:1773bd3] (CoreAudio)   HALC_ProxyIOContext.cpp:1159   HALC_ProxyIOContext::PauseIO: <- 0 2 2, id:1993 called from <private>
2026-09-28 21:04:17.927 Df stuckstart[7415:1773bd3] (CoreAudio)   HALC_ProxyIOContext.cpp:1210   HALC_ProxyIOContext::ResumeIO: <- 0 1 1 id:1993 called from <private>
2026-09-28 21:04:17.949 Df stuckstart[7415:1773bd3] (CoreAudio)   HALC_ProxyIOContext.cpp:1159   HALC_ProxyIOContext::PauseIO: <- 0 2 2, id:1993 called from <private>
2026-09-28 21:04:17.950 Df stuckstart[7415:1773bd3] (CoreAudio)   HALC_ProxyIOContext.cpp:1210   HALC_ProxyIOContext::ResumeIO: <- 0 1 1 id:1993 called from <private>
2026-09-28 21:04:17.975 Df stuckstart[7415:1773bd3] (CoreAudio)   HALC_ProxyIOContext.cpp:1159   HALC_ProxyIOContext::PauseIO: <- 0 2 2, id:1993 called from <private>
2026-09-28 21:04:17.977 Df stuckstart[7415:1773bd3] (CoreAudio)   HALC_ProxyIOContext.cpp:1210   HALC_ProxyIOContext::ResumeIO: <- 0 1 1 id:1993 called from <private>
2026-09-28 21:04:18.028 Df stuckstart[7415:1773c31] (CoreAudio)   HALC_ProxyIOContext.cpp:1159   HALC_ProxyIOContext::PauseIO: <- 0 2 2, id:1993 called from <private>
2026-09-28 21:04:18.030 Df stuckstart[7415:1773c31] (CoreAudio)   HALC_ProxyIOContext.cpp:1210   HALC_ProxyIOContext::ResumeIO: <- 0 1 1 id:1993 called from <private>
2026-09-28 21:04:18.030 Df stuckstart[7415:1773c31] (CoreAudio)   HALC_ProxyIOContext.cpp:1159   HALC_ProxyIOContext::PauseIO: <- 0 2 2, id:1993 called from <private>
2026-09-28 21:04:18.030 Df stuckstart[7415:1773c31] (CoreAudio)   HALC_ProxyIOContext.cpp:1210   HALC_ProxyIOContext::ResumeIO: <- 0 1 1 id:1993 called from <private>
2026-09-28 21:04:18.030 Df stuckstart[7415:1773c31] (CoreAudio)   HALC_ProxyIOContext.cpp:1159   HALC_ProxyIOContext::PauseIO: <- 0 2 2, id:1993 called from <private>
2026-09-28 21:04:18.030 Df stuckstart[7415:1773c31] (CoreAudio)   HALC_ProxyIOContext.cpp:1210   HALC_ProxyIOContext::ResumeIO: <- 0 1 1 id:1993 called from <private>
2026-09-28 21:04:18.095 Df stuckstart[7415:1773c31] (CoreAudio)   HALC_ProxyIOContext.cpp:1210   HALC_ProxyIOContext::ResumeIO: <- 1 0 0 id:1993 called from <private>
2026-09-28 21:04:18.095 E  stuckstart[7415:1773bbe] (CoreAudio)         HALB_IOThread.cpp:342    HALB_IOThread::_Start: there already is a thread
2026-09-28 21:04:18.105 Df stuckstart[7415:1773c31] (CoreAudio)   HALC_ProxyIOContext.cpp:1159   HALC_ProxyIOContext::PauseIO: <- 0 1 1, id:1993 called from <private>
2026-09-28 21:04:18.158 Df stuckstart[7415:1773c31] (CoreAudio)   HALC_ProxyIOContext.cpp:1210   HALC_ProxyIOContext::ResumeIO: <- 1 0 0 id:1993 called from <private>
2026-09-28 21:04:18.168 Df stuckstart[7415:1773c31] (CoreAudio)   HALC_ProxyIOContext.cpp:1159   HALC_ProxyIOContext::PauseIO: <- 0 1 1, id:1993 called from <private>
2026-09-28 21:04:18.223 Df stuckstart[7415:1773c31] (CoreAudio)   HALC_ProxyIOContext.cpp:1210   HALC_ProxyIOContext::ResumeIO: <- 1 0 0 id:1993 called from <private>
2026-09-28 21:04:18.552 Df stuckstart[7415:1773bd3] (CoreAudio)   HALC_ProxyIOContext.cpp:1159   HALC_ProxyIOContext::PauseIO: <- 0 1 1, id:1993 called from <private>
2026-09-28 21:04:18.673 Df stuckstart[7415:1773bfb] (CoreAudio)   HALC_ProxyIOContext.cpp:1159   HALC_ProxyIOContext::PauseIO: <- 0 2 2, id:1993 called from <private>
2026-09-28 21:04:18.673 Df stuckstart[7415:1773bd4] (CoreAudio)   HALC_ProxyIOContext.cpp:1159   HALC_ProxyIOContext::PauseIO: <- 0 3 3, id:1993 called from <private>
2026-09-28 21:04:18.675 Df stuckstart[7415:1773bfb] (CoreAudio)   HALC_ProxyIOContext.cpp:1210   HALC_ProxyIOContext::ResumeIO: <- 0 2 2 id:1993 called from <private>
2026-09-28 21:04:18.675 Df stuckstart[7415:1773bd3] (CoreAudio)   HALC_ProxyIOContext.cpp:1210   HALC_ProxyIOContext::ResumeIO: <- 0 1 1 id:1993 called from <private>
2026-09-28 21:04:18.755 Df stuckstart[7415:1773bfb] (CoreAudio)   HALC_ProxyIOContext.cpp:1159   HALC_ProxyIOContext::PauseIO: <- 0 2 2, id:1993 called from <private>
2026-09-28 21:04:18.774 Df stuckstart[7415:1773bd3] (CoreAudio)   HALC_ProxyIOContext.cpp:1159   HALC_ProxyIOContext::PauseIO: <- 0 3 3, id:1993 called from <private>
2026-09-28 21:04:18.777 Df stuckstart[7415:1773bd3] (CoreAudio)   HALC_ProxyIOContext.cpp:1210   HALC_ProxyIOContext::ResumeIO: <- 0 2 2 id:1993 called from <private>
2026-09-28 21:04:18.777 Df stuckstart[7415:1773bd3] (CoreAudio)   HALC_ProxyIOContext.cpp:1159   HALC_ProxyIOContext::PauseIO: <- 0 3 3, id:1993 called from <private>
2026-09-28 21:04:18.777 Df stuckstart[7415:1773bd3] (CoreAudio)   HALC_ProxyIOContext.cpp:1210   HALC_ProxyIOContext::ResumeIO: <- 0 2 2 id:1993 called from <private>
2026-09-28 21:04:18.777 Df stuckstart[7415:1773c31] (CoreAudio)   HALC_ProxyIOContext.cpp:1159   HALC_ProxyIOContext::PauseIO: <- 0 3 3, id:1993 called from <private>
2026-09-28 21:04:18.779 Df stuckstart[7415:1773bd4] (CoreAudio)   HALC_ProxyIOContext.cpp:1210   HALC_ProxyIOContext::ResumeIO: <- 0 2 2 id:1993 called from <private>
2026-09-28 21:04:18.779 Df stuckstart[7415:1773bfb] (CoreAudio)   HALC_ProxyIOContext.cpp:1210   HALC_ProxyIOContext::ResumeIO: <- 0 1 1 id:1993 called from <private>
2026-09-28 21:04:18.796 Df stuckstart[7415:1773bfb] (CoreAudio)   HALC_ProxyIOContext.cpp:1159   HALC_ProxyIOContext::PauseIO: <- 0 2 2, id:1993 called from <private>
2026-09-28 21:04:18.796 Df stuckstart[7415:1773c31] (CoreAudio)   HALC_ProxyIOContext.cpp:1159   HALC_ProxyIOContext::PauseIO: <- 0 3 3, id:1993 called from <private>
2026-09-28 21:04:18.798 Df stuckstart[7415:1773bfb] (CoreAudio)   HALC_ProxyIOContext.cpp:1210   HALC_ProxyIOContext::ResumeIO: <- 0 2 2 id:1993 called from <private>
2026-09-28 21:04:18.798 Df stuckstart[7415:1773c31] (CoreAudio)   HALC_ProxyIOContext.cpp:1210   HALC_ProxyIOContext::ResumeIO: <- 0 1 1 id:1993 called from <private>
2026-09-28 21:04:18.815 Df stuckstart[7415:1773bfb] (CoreAudio)   HALC_ProxyIOContext.cpp:1159   HALC_ProxyIOContext::PauseIO: <- 0 2 2, id:1993 called from <private>
2026-09-28 21:04:18.816 Df stuckstart[7415:1773bd4] (CoreAudio)   HALC_ProxyIOContext.cpp:1159   HALC_ProxyIOContext::PauseIO: <- 0 3 3, id:1993 called from <private>
2026-09-28 21:04:18.818 Df stuckstart[7415:1773bd4] (CoreAudio)   HALC_ProxyIOContext.cpp:1210   HALC_ProxyIOContext::ResumeIO: <- 0 2 2 id:1993 called from <private>
2026-09-28 21:04:18.818 Df stuckstart[7415:1773bfb] (CoreAudio)   HALC_ProxyIOContext.cpp:1210   HALC_ProxyIOContext::ResumeIO: <- 0 1 1 id:1993 called from <private>
2026-09-28 21:04:18.858 Df stuckstart[7415:1773bd4] (CoreAudio)   HALC_ProxyIOContext.cpp:1210   HALC_ProxyIOContext::ResumeIO: <- 0 0 0 id:1993 called from <private>
2026-09-28 21:04:18.858 Df stuckstart[7415:1773bd4] (CoreAudio)   HALC_ProxyIOContext.cpp:1159   HALC_ProxyIOContext::PauseIO: <- 0 1 1, id:1993 called from <private>
2026-09-28 21:04:18.999 Df stuckstart[7415:1773c31] (CoreAudio)   HALC_ProxyIOContext.cpp:1210   HALC_ProxyIOContext::ResumeIO: <- 0 0 0 id:1993 called from <private>
2026-09-28 21:04:19.223 Df stuckstart[7415:1773bd4] (CoreAudio)   HALC_ProxyIOContext.cpp:1159   HALC_ProxyIOContext::PauseIO: <- 0 1 1, id:1993 called from <private>
2026-09-28 21:04:19.256 Df stuckstart[7415:1773bd4] (CoreAudio)   HALC_ProxyIOContext.cpp:1159   HALC_ProxyIOContext::PauseIO: <- 0 2 2, id:1993 called from <private>
2026-09-28 21:04:19.257 Df stuckstart[7415:1773c31] (CoreAudio)   HALC_ProxyIOContext.cpp:1159   HALC_ProxyIOContext::PauseIO: <- 0 3 3, id:1993 called from <private>
2026-09-28 21:04:19.259 Df stuckstart[7415:1773c31] (CoreAudio)   HALC_ProxyIOContext.cpp:1210   HALC_ProxyIOContext::ResumeIO: <- 0 2 2 id:1993 called from <private>
2026-09-28 21:04:19.259 Df stuckstart[7415:1773c31] (CoreAudio)   HALC_ProxyIOContext.cpp:1210   HALC_ProxyIOContext::ResumeIO: <- 0 1 1 id:1993 called from <private>
2026-09-28 21:04:19.260 Df stuckstart[7415:1773bd3] (CoreAudio)   HALC_ProxyIOContext.cpp:1159   HALC_ProxyIOContext::PauseIO: <- 0 1 1, id:1993 called from <private>
2026-09-28 21:04:19.260 E  stuckstart[7415:1773bd4] [com.apple.coreaudio:AMCP]          HALC_ProxyIOContext.cpp:1075  HALC_ProxyIOContext::_StartIO(): Start failed - StartAndWaitForState returned error 35
2026-09-28 21:04:19.260 Df stuckstart[7415:1773bd4] (CoreAudio)   HALC_ProxyIOContext.cpp:1210   HALC_ProxyIOContext::ResumeIO: <- 0 1 1 id:1993 called from <private>
2026-09-28 21:04:19.303 Df stuckstart[7415:1773bd4] (CoreAudio)   HALC_ProxyIOContext.cpp:1159   HALC_ProxyIOContext::PauseIO: <- 0 2 2, id:1993 called from <private>
2026-09-28 21:04:19.305 Df stuckstart[7415:1773bd4] (CoreAudio)   HALC_ProxyIOContext.cpp:1210   HALC_ProxyIOContext::ResumeIO: <- 0 1 1 id:1993 called from <private>
2026-09-28 21:04:19.323 Df stuckstart[7415:1773bd4] (CoreAudio)   HALC_ProxyIOContext.cpp:1159   HALC_ProxyIOContext::PauseIO: <- 0 2 2, id:1993 called from <private>
2026-09-28 21:04:19.325 Df stuckstart[7415:1773bd4] (CoreAudio)   HALC_ProxyIOContext.cpp:1210   HALC_ProxyIOContext::ResumeIO: <- 0 1 1 id:1993 called from <private>
2026-09-28 21:04:19.356 Df stuckstart[7415:1773bd4] (CoreAudio)   HALC_ProxyIOContext.cpp:1159   HALC_ProxyIOContext::PauseIO: <- 0 2 2, id:1993 called from <private>
2026-09-28 21:04:19.358 Df stuckstart[7415:1773bd4] (CoreAudio)   HALC_ProxyIOContext.cpp:1210   HALC_ProxyIOContext::ResumeIO: <- 0 1 1 id:1993 called from <private>
2026-09-28 21:04:19.380 Df stuckstart[7415:1773bd3] (CoreAudio)   HALC_ProxyIOContext.cpp:1159   HALC_ProxyIOContext::PauseIO: <- 0 2 2, id:1993 called from <private>
2026-09-28 21:04:19.381 Df stuckstart[7415:1773bd3] (CoreAudio)   HALC_ProxyIOContext.cpp:1210   HALC_ProxyIOContext::ResumeIO: <- 0 1 1 id:1993 called from <private>
2026-09-28 21:04:19.381 Df stuckstart[7415:1773bd4] (CoreAudio)   HALC_ProxyIOContext.cpp:1159   HALC_ProxyIOContext::PauseIO: <- 0 2 2, id:1993 called from <private>
2026-09-28 21:04:19.381 Df stuckstart[7415:1773bd4] (CoreAudio)   HALC_ProxyIOContext.cpp:1210   HALC_ProxyIOContext::ResumeIO: <- 0 1 1 id:1993 called from <private>
2026-09-28 21:04:19.382 E  stuckstart[7415:1773bd4] [com.apple.coreaudio:AMCP]          HALC_ProxyIOContext.cpp:1075  HALC_ProxyIOContext::_StartIO(): Start failed - StartAndWaitForState returned error 35
2026-09-28 21:04:19.382 Df stuckstart[7415:1773bd4] (CoreAudio)   HALC_ProxyIOContext.cpp:1210   HALC_ProxyIOContext::ResumeIO: <- 0 0 0 id:1993 called from <private>
2026-09-28 21:04:19.382 Df stuckstart[7415:1773bd4] (CoreAudio)   HALC_ProxyIOContext.cpp:1159   HALC_ProxyIOContext::PauseIO: <- 0 1 1, id:1993 called from <private>
2026-09-28 21:04:19.382 Df stuckstart[7415:1773bd4] (CoreAudio)   HALC_ProxyIOContext.cpp:1159   HALC_ProxyIOContext::PauseIO: <- 0 2 2, id:1993 called from <private>
2026-09-28 21:04:19.382 Df stuckstart[7415:1773bd4] (CoreAudio)   HALC_ProxyIOContext.cpp:1210   HALC_ProxyIOContext::ResumeIO: <- 0 1 1 id:1993 called from <private>
2026-09-28 21:04:19.383 E  stuckstart[7415:1773bd4] [com.apple.coreaudio:AMCP]          HALC_ProxyIOContext.cpp:1075  HALC_ProxyIOContext::_StartIO(): Start failed - StartAndWaitForState returned error 35
2026-09-28 21:04:19.383 Df stuckstart[7415:1773bd4] (CoreAudio)   HALC_ProxyIOContext.cpp:1210   HALC_ProxyIOContext::ResumeIO: <- 0 0 0 id:1993 called from <private>
2026-09-28 21:04:19.383 Df stuckstart[7415:1773bd4] (CoreAudio)   HALC_ProxyIOContext.cpp:1159   HALC_ProxyIOContext::PauseIO: <- 0 1 1, id:1993 called from <private>
2026-09-28 21:04:19.383 Df stuckstart[7415:1773bd4] (CoreAudio)   HALC_ProxyIOContext.cpp:1159   HALC_ProxyIOContext::PauseIO: <- 0 2 2, id:1993 called from <private>
2026-09-28 21:04:19.383 Df stuckstart[7415:1773bd4] (CoreAudio)   HALC_ProxyIOContext.cpp:1210   HALC_ProxyIOContext::ResumeIO: <- 0 1 1 id:1993 called from <private>
2026-09-28 21:04:19.384 E  stuckstart[7415:1773bd4] [com.apple.coreaudio:AMCP]          HALC_ProxyIOContext.cpp:1075  HALC_ProxyIOContext::_StartIO(): Start failed - StartAndWaitForState returned error 35
2026-09-28 21:04:19.384 Df stuckstart[7415:1773bd4] (CoreAudio)   HALC_ProxyIOContext.cpp:1210   HALC_ProxyIOContext::ResumeIO: <- 0 0 0 id:1993 called from <private>
2026-09-28 21:04:19.384 Df stuckstart[7415:1773bd4] (CoreAudio)   HALC_ProxyIOContext.cpp:1159   HALC_ProxyIOContext::PauseIO: <- 0 1 1, id:1993 called from <private>
2026-09-28 21:04:19.384 Df stuckstart[7415:1773bd4] (CoreAudio)   HALC_ProxyIOContext.cpp:1159   HALC_ProxyIOContext::PauseIO: <- 0 2 2, id:1993 called from <private>
2026-09-28 21:04:19.384 Df stuckstart[7415:1773bd4] (CoreAudio)   HALC_ProxyIOContext.cpp:1210   HALC_ProxyIOContext::ResumeIO: <- 0 1 1 id:1993 called from <private>
2026-09-28 21:04:19.385 E  stuckstart[7415:1773bd4] [com.apple.coreaudio:AMCP]          HALC_ProxyIOContext.cpp:1075  HALC_ProxyIOContext::_StartIO(): Start failed - StartAndWaitForState returned error 35
2026-09-28 21:04:19.385 Df stuckstart[7415:1773bd4] (CoreAudio)   HALC_ProxyIOContext.cpp:1210   HALC_ProxyIOContext::ResumeIO: <- 0 0 0 id:1993 called from <private>
2026-09-28 21:04:19.385 Df stuckstart[7415:1773bd4] (CoreAudio)   HALC_ProxyIOContext.cpp:1159   HALC_ProxyIOContext::PauseIO: <- 0 1 1, id:1993 called from <private>
2026-09-28 21:04:19.438 Df stuckstart[7415:1773bfb] (CoreAudio)   HALC_ProxyIOContext.cpp:1210   HALC_ProxyIOContext::ResumeIO: <- 1 0 0 id:1993 called from <private>
2026-09-28 21:04:19.438 E  stuckstart[7415:1773bbe] (CoreAudio)         HALB_IOThread.cpp:342    HALB_IOThread::_Start: there already is a thread
2026-09-28 21:04:19.867 Df stuckstart[7415:1773bd3] (CoreAudio)   HALC_ProxyIOContext.cpp:1159   HALC_ProxyIOContext::PauseIO: <- 0 1 1, id:1993 called from <private>
2026-09-28 21:04:19.890 Df stuckstart[7415:1773bfb] (CoreAudio)   HALC_ProxyIOContext.cpp:1159   HALC_ProxyIOContext::PauseIO: <- 0 2 2, id:1993 called from <private>
2026-09-28 21:04:19.890 Df stuckstart[7415:1773bd3] (CoreAudio)   HALC_ProxyIOContext.cpp:1159   HALC_ProxyIOContext::PauseIO: <- 0 3 3, id:1993 called from <private>
2026-09-28 21:04:19.892 Df stuckstart[7415:1773bfb] (CoreAudio)   HALC_ProxyIOContext.cpp:1210   HALC_ProxyIOContext::ResumeIO: <- 0 2 2 id:1993 called from <private>
2026-09-28 21:04:19.893 Df stuckstart[7415:1773bd3] (CoreAudio)   HALC_ProxyIOContext.cpp:1210   HALC_ProxyIOContext::ResumeIO: <- 0 1 1 id:1993 called from <private>
2026-09-28 21:04:19.893 Df stuckstart[7415:1773bd3] (CoreAudio)   HALC_ProxyIOContext.cpp:1210   HALC_ProxyIOContext::ResumeIO: <- 0 0 0 id:1993 called from <private>
2026-09-28 21:04:19.894 Df stuckstart[7415:1773bd3] (CoreAudio)   HALC_ProxyIOContext.cpp:1159   HALC_ProxyIOContext::PauseIO: <- 0 1 1, id:1993 called from <private>
2026-09-28 21:04:19.955 Df stuckstart[7415:1773bd4] (CoreAudio)   HALC_ProxyIOContext.cpp:1210   HALC_ProxyIOContext::ResumeIO: <- 0 0 0 id:1993 called from <private>
2026-09-28 21:04:19.974 Df stuckstart[7415:1773bfb] (CoreAudio)   HALC_ProxyIOContext.cpp:1159   HALC_ProxyIOContext::PauseIO: <- 0 1 1, id:1993 called from <private>
2026-09-28 21:04:19.975 Df stuckstart[7415:1773bfb] (CoreAudio)   HALC_ProxyIOContext.cpp:1210   HALC_ProxyIOContext::ResumeIO: <- 0 0 0 id:1993 called from <private>
2026-09-28 21:04:20.007 Df stuckstart[7415:1773c52] (CoreAudio)   HALC_ProxyIOContext.cpp:1159   HALC_ProxyIOContext::PauseIO: <- 0 1 1, id:1993 called from <private>
2026-09-28 21:04:20.008 Df stuckstart[7415:1773c52] (CoreAudio)   HALC_ProxyIOContext.cpp:1210   HALC_ProxyIOContext::ResumeIO: <- 0 0 0 id:1993 called from <private>
2026-09-28 21:04:20.008 Df stuckstart[7415:1773c52] (CoreAudio)   HALC_ProxyIOContext.cpp:1159   HALC_ProxyIOContext::PauseIO: <- 0 1 1, id:1993 called from <private>
2026-09-28 21:04:20.008 Df stuckstart[7415:1773c52] (CoreAudio)   HALC_ProxyIOContext.cpp:1210   HALC_ProxyIOContext::ResumeIO: <- 0 0 0 id:1993 called from <private>
2026-09-28 21:04:20.008 Df stuckstart[7415:1773c52] (CoreAudio)   HALC_ProxyIOContext.cpp:1159   HALC_ProxyIOContext::PauseIO: <- 0 1 1, id:1993 called from <private>
2026-09-28 21:04:20.008 Df stuckstart[7415:1773c52] (CoreAudio)   HALC_ProxyIOContext.cpp:1210   HALC_ProxyIOContext::ResumeIO: <- 0 0 0 id:1993 called from <private>
2026-09-28 21:04:20.032 Df stuckstart[7415:1773bfb] (CoreAudio)   HALC_ProxyIOContext.cpp:1159   HALC_ProxyIOContext::PauseIO: <- 0 1 1, id:1993 called from <private>
2026-09-28 21:04:20.032 Df stuckstart[7415:1773bd4] (CoreAudio)   HALC_ProxyIOContext.cpp:1159   HALC_ProxyIOContext::PauseIO: <- 0 2 2, id:1993 called from <private>
2026-09-28 21:04:20.035 Df stuckstart[7415:1773bfb] (CoreAudio)   HALC_ProxyIOContext.cpp:1210   HALC_ProxyIOContext::ResumeIO: <- 0 1 1 id:1993 called from <private>
2026-09-28 21:04:20.035 Df stuckstart[7415:1773c31] (CoreAudio)   HALC_ProxyIOContext.cpp:1210   HALC_ProxyIOContext::ResumeIO: <- 0 0 0 id:1993 called from <private>
2026-09-28 21:04:20.066 Df stuckstart[7415:1773bfb] (CoreAudio)   HALC_ProxyIOContext.cpp:1159   HALC_ProxyIOContext::PauseIO: <- 0 1 1, id:1993 called from <private>
2026-09-28 21:04:20.067 Df stuckstart[7415:1773c31] (CoreAudio)   HALC_ProxyIOContext.cpp:1159   HALC_ProxyIOContext::PauseIO: <- 0 2 2, id:1993 called from <private>
2026-09-28 21:04:20.069 Df stuckstart[7415:1773bd4] (CoreAudio)   HALC_ProxyIOContext.cpp:1210   HALC_ProxyIOContext::ResumeIO: <- 0 1 1 id:1993 called from <private>
2026-09-28 21:04:20.069 Df stuckstart[7415:1773bfb] (CoreAudio)   HALC_ProxyIOContext.cpp:1210   HALC_ProxyIOContext::ResumeIO: <- 0 0 0 id:1993 called from <private>
2026-09-28 21:04:20.509 Df stuckstart[7415:1773bfb] (CoreAudio)   HALC_ProxyIOContext.cpp:1159   HALC_ProxyIOContext::PauseIO: <- 0 1 1, id:1993 called from <private>
2026-09-28 21:04:20.554 Df stuckstart[7415:1773bfb] (CoreAudio)   HALC_ProxyIOContext.cpp:1159   HALC_ProxyIOContext::PauseIO: <- 0 2 2, id:1993 called from <private>
2026-09-28 21:04:20.554 Df stuckstart[7415:1773c31] (CoreAudio)   HALC_ProxyIOContext.cpp:1159   HALC_ProxyIOContext::PauseIO: <- 0 3 3, id:1993 called from <private>
2026-09-28 21:04:20.557 Df stuckstart[7415:1773c31] (CoreAudio)   HALC_ProxyIOContext.cpp:1210   HALC_ProxyIOContext::ResumeIO: <- 0 2 2 id:1993 called from <private>
2026-09-28 21:04:20.557 Df stuckstart[7415:1773c31] (CoreAudio)   HALC_ProxyIOContext.cpp:1210   HALC_ProxyIOContext::ResumeIO: <- 0 1 1 id:1993 called from <private>
2026-09-28 21:04:20.558 Df stuckstart[7415:1773bd4] (CoreAudio)   HALC_ProxyIOContext.cpp:1159   HALC_ProxyIOContext::PauseIO: <- 0 1 1, id:1993 called from <private>
2026-09-28 21:04:20.558 E  stuckstart[7415:1773bfb] [com.apple.coreaudio:AMCP]          HALC_ProxyIOContext.cpp:1075  HALC_ProxyIOContext::_StartIO(): Start failed - StartAndWaitForState returned error 35
2026-09-28 21:04:20.558 Df stuckstart[7415:1773bfb] (CoreAudio)   HALC_ProxyIOContext.cpp:1210   HALC_ProxyIOContext::ResumeIO: <- 0 1 1 id:1993 called from <private>
2026-09-28 21:04:20.596 Df stuckstart[7415:1773bfb] (CoreAudio)   HALC_ProxyIOContext.cpp:1159   HALC_ProxyIOContext::PauseIO: <- 0 2 2, id:1993 called from <private>
2026-09-28 21:04:20.599 Df stuckstart[7415:1773bfb] (CoreAudio)   HALC_ProxyIOContext.cpp:1210   HALC_ProxyIOContext::ResumeIO: <- 0 1 1 id:1993 called from <private>
2026-09-28 21:04:20.620 Df stuckstart[7415:1773bfb] (CoreAudio)   HALC_ProxyIOContext.cpp:1159   HALC_ProxyIOContext::PauseIO: <- 0 2 2, id:1993 called from <private>
2026-09-28 21:04:20.622 Df stuckstart[7415:1773bfb] (CoreAudio)   HALC_ProxyIOContext.cpp:1210   HALC_ProxyIOContext::ResumeIO: <- 0 1 1 id:1993 called from <private>
2026-09-28 21:04:20.633 Df stuckstart[7415:1773bfb] (CoreAudio)   HALC_ProxyIOContext.cpp:1159   HALC_ProxyIOContext::PauseIO: <- 0 2 2, id:1993 called from <private>
2026-09-28 21:04:20.634 Df stuckstart[7415:1773bfb] (CoreAudio)   HALC_ProxyIOContext.cpp:1210   HALC_ProxyIOContext::ResumeIO: <- 0 1 1 id:1993 called from <private>
2026-09-28 21:04:20.660 Df stuckstart[7415:1773c31] (CoreAudio)   HALC_ProxyIOContext.cpp:1159   HALC_ProxyIOContext::PauseIO: <- 0 2 2, id:1993 called from <private>
2026-09-28 21:04:20.661 Df stuckstart[7415:1773c31] (CoreAudio)   HALC_ProxyIOContext.cpp:1210   HALC_ProxyIOContext::ResumeIO: <- 0 1 1 id:1993 called from <private>
2026-09-28 21:04:20.661 Df stuckstart[7415:1773bd4] (CoreAudio)   HALC_ProxyIOContext.cpp:1159   HALC_ProxyIOContext::PauseIO: <- 0 2 2, id:1993 called from <private>
2026-09-28 21:04:20.661 Df stuckstart[7415:1773bd4] (CoreAudio)   HALC_ProxyIOContext.cpp:1210   HALC_ProxyIOContext::ResumeIO: <- 0 1 1 id:1993 called from <private>
2026-09-28 21:04:20.662 E  stuckstart[7415:1773bd4] [com.apple.coreaudio:AMCP]          HALC_ProxyIOContext.cpp:1075  HALC_ProxyIOContext::_StartIO(): Start failed - StartAndWaitForState returned error 35
2026-09-28 21:04:20.662 Df stuckstart[7415:1773bd4] (CoreAudio)   HALC_ProxyIOContext.cpp:1210   HALC_ProxyIOContext::ResumeIO: <- 0 0 0 id:1993 called from <private>
2026-09-28 21:04:20.662 Df stuckstart[7415:1773bd4] (CoreAudio)   HALC_ProxyIOContext.cpp:1159   HALC_ProxyIOContext::PauseIO: <- 0 1 1, id:1993 called from <private>
2026-09-28 21:04:20.662 Df stuckstart[7415:1773bd4] (CoreAudio)   HALC_ProxyIOContext.cpp:1159   HALC_ProxyIOContext::PauseIO: <- 0 2 2, id:1993 called from <private>
2026-09-28 21:04:20.662 Df stuckstart[7415:1773bd4] (CoreAudio)   HALC_ProxyIOContext.cpp:1210   HALC_ProxyIOContext::ResumeIO: <- 0 1 1 id:1993 called from <private>
2026-09-28 21:04:20.663 E  stuckstart[7415:1773bd4] [com.apple.coreaudio:AMCP]          HALC_ProxyIOContext.cpp:1075  HALC_ProxyIOContext::_StartIO(): Start failed - StartAndWaitForState returned error 35
2026-09-28 21:04:20.663 Df stuckstart[7415:1773bd4] (CoreAudio)   HALC_ProxyIOContext.cpp:1210   HALC_ProxyIOContext::ResumeIO: <- 0 0 0 id:1993 called from <private>
2026-09-28 21:04:20.663 Df stuckstart[7415:1773bd4] (CoreAudio)   HALC_ProxyIOContext.cpp:1159   HALC_ProxyIOContext::PauseIO: <- 0 1 1, id:1993 called from <private>
2026-09-28 21:04:20.663 Df stuckstart[7415:1773bd4] (CoreAudio)   HALC_ProxyIOContext.cpp:1159   HALC_ProxyIOContext::PauseIO: <- 0 2 2, id:1993 called from <private>
2026-09-28 21:04:20.663 Df stuckstart[7415:1773bd4] (CoreAudio)   HALC_ProxyIOContext.cpp:1210   HALC_ProxyIOContext::ResumeIO: <- 0 1 1 id:1993 called from <private>
2026-09-28 21:04:20.664 E  stuckstart[7415:1773bd4] [com.apple.coreaudio:AMCP]          HALC_ProxyIOContext.cpp:1075  HALC_ProxyIOContext::_StartIO(): Start failed - StartAndWaitForState returned error 35
2026-09-28 21:04:20.664 Df stuckstart[7415:1773bd4] (CoreAudio)   HALC_ProxyIOContext.cpp:1210   HALC_ProxyIOContext::ResumeIO: <- 0 0 0 id:1993 called from <private>
2026-09-28 21:04:20.664 Df stuckstart[7415:1773bd4] (CoreAudio)   HALC_ProxyIOContext.cpp:1159   HALC_ProxyIOContext::PauseIO: <- 0 1 1, id:1993 called from <private>
2026-09-28 21:04:20.664 Df stuckstart[7415:1773bd4] (CoreAudio)   HALC_ProxyIOContext.cpp:1159   HALC_ProxyIOContext::PauseIO: <- 0 2 2, id:1993 called from <private>
2026-09-28 21:04:20.664 Df stuckstart[7415:1773bd4] (CoreAudio)   HALC_ProxyIOContext.cpp:1210   HALC_ProxyIOContext::ResumeIO: <- 0 1 1 id:1993 called from <private>
2026-09-28 21:04:20.664 E  stuckstart[7415:1773bd4] [com.apple.coreaudio:AMCP]          HALC_ProxyIOContext.cpp:1075  HALC_ProxyIOContext::_StartIO(): Start failed - StartAndWaitForState returned error 35
2026-09-28 21:04:20.664 Df stuckstart[7415:1773bd4] (CoreAudio)   HALC_ProxyIOContext.cpp:1210   HALC_ProxyIOContext::ResumeIO: <- 0 0 0 id:1993 called from <private>
2026-09-28 21:04:20.664 Df stuckstart[7415:1773bd4] (CoreAudio)   HALC_ProxyIOContext.cpp:1159   HALC_ProxyIOContext::PauseIO: <- 0 1 1, id:1993 called from <private>
2026-09-28 21:04:20.719 Df stuckstart[7415:1773bd4] (CoreAudio)   HALC_ProxyIOContext.cpp:1210   HALC_ProxyIOContext::ResumeIO: <- 1 0 0 id:1993 called from <private>
2026-09-28 21:04:20.723 E  stuckstart[7415:1773bbe] (CoreAudio)         HALB_IOThread.cpp:342    HALB_IOThread::_Start: there already is a thread
2026-09-28 21:04:21.156 Df stuckstart[7415:1773c31] (CoreAudio)   HALC_ProxyIOContext.cpp:1159   HALC_ProxyIOContext::PauseIO: <- 0 1 1, id:1993 called from <private>
2026-09-28 21:04:21.157 Df stuckstart[7415:1773bd3] (CoreAudio)   HALC_ProxyIOContext.cpp:1210   HALC_ProxyIOContext::ResumeIO: <- 0 0 0 id:1993 called from <private>
2026-09-28 21:04:21.190 Df stuckstart[7415:1773bd3] (CoreAudio)   HALC_ProxyIOContext.cpp:1159   HALC_ProxyIOContext::PauseIO: <- 0 1 1, id:1993 called from <private>
2026-09-28 21:04:21.191 Df stuckstart[7415:1773c31] (CoreAudio)   HALC_ProxyIOContext.cpp:1159   HALC_ProxyIOContext::PauseIO: <- 0 2 2, id:1993 called from <private>
2026-09-28 21:04:21.195 Df stuckstart[7415:1773bd3] (CoreAudio)   HALC_ProxyIOContext.cpp:1210   HALC_ProxyIOContext::ResumeIO: <- 0 1 1 id:1993 called from <private>
2026-09-28 21:04:21.195 Df stuckstart[7415:1773bd4] (CoreAudio)   HALC_ProxyIOContext.cpp:1210   HALC_ProxyIOContext::ResumeIO: <- 0 0 0 id:1993 called from <private>
2026-09-28 21:04:21.195 Df stuckstart[7415:1773bd4] (CoreAudio)   HALC_ProxyIOContext.cpp:1210   HALC_ProxyIOContext::ResumeIO: <- 0 0 0 id:1993 called from <private>
2026-09-28 21:04:21.196 Df stuckstart[7415:1773bd4] (CoreAudio)   HALC_ProxyIOContext.cpp:1159   HALC_ProxyIOContext::PauseIO: <- 0 1 1, id:1993 called from <private>
2026-09-28 21:04:21.271 Df stuckstart[7415:1773bd3] (CoreAudio)   HALC_ProxyIOContext.cpp:1159   HALC_ProxyIOContext::PauseIO: <- 0 2 2, id:1993 called from <private>
2026-09-28 21:04:21.273 Df stuckstart[7415:1773bd3] (CoreAudio)   HALC_ProxyIOContext.cpp:1210   HALC_ProxyIOContext::ResumeIO: <- 0 1 1 id:1993 called from <private>
2026-09-28 21:04:21.300 Df stuckstart[7415:1773bd4] (CoreAudio)   HALC_ProxyIOContext.cpp:1159   HALC_ProxyIOContext::PauseIO: <- 0 2 2, id:1993 called from <private>
2026-09-28 21:04:21.302 Df stuckstart[7415:1773bd4] (CoreAudio)   HALC_ProxyIOContext.cpp:1210   HALC_ProxyIOContext::ResumeIO: <- 0 1 1 id:1993 called from <private>
2026-09-28 21:04:21.302 Df stuckstart[7415:1773bd4] (CoreAudio)   HALC_ProxyIOContext.cpp:1159   HALC_ProxyIOContext::PauseIO: <- 0 2 2, id:1993 called from <private>
2026-09-28 21:04:21.302 Df stuckstart[7415:1773bd4] (CoreAudio)   HALC_ProxyIOContext.cpp:1210   HALC_ProxyIOContext::ResumeIO: <- 0 1 1 id:1993 called from <private>
2026-09-28 21:04:21.302 Df stuckstart[7415:1773bd4] (CoreAudio)   HALC_ProxyIOContext.cpp:1159   HALC_ProxyIOContext::PauseIO: <- 0 2 2, id:1993 called from <private>
2026-09-28 21:04:21.302 Df stuckstart[7415:1773bd4] (CoreAudio)   HALC_ProxyIOContext.cpp:1210   HALC_ProxyIOContext::ResumeIO: <- 0 1 1 id:1993 called from <private>
2026-09-28 21:04:21.328 Df stuckstart[7415:1773bd3] (CoreAudio)   HALC_ProxyIOContext.cpp:1159   HALC_ProxyIOContext::PauseIO: <- 0 2 2, id:1993 called from <private>
2026-09-28 21:04:21.328 Df stuckstart[7415:1773bd4] (CoreAudio)   HALC_ProxyIOContext.cpp:1159   HALC_ProxyIOContext::PauseIO: <- 0 3 3, id:1993 called from <private>
2026-09-28 21:04:21.330 Df stuckstart[7415:1773bd3] (CoreAudio)   HALC_ProxyIOContext.cpp:1210   HALC_ProxyIOContext::ResumeIO: <- 0 2 2 id:1993 called from <private>
2026-09-28 21:04:21.330 Df stuckstart[7415:1773bfb] (CoreAudio)   HALC_ProxyIOContext.cpp:1210   HALC_ProxyIOContext::ResumeIO: <- 0 1 1 id:1993 called from <private>
2026-09-28 21:04:21.367 Df stuckstart[7415:1773bd3] (CoreAudio)   HALC_ProxyIOContext.cpp:1159   HALC_ProxyIOContext::PauseIO: <- 0 2 2, id:1993 called from <private>
2026-09-28 21:04:21.367 Df stuckstart[7415:1773bd4] (CoreAudio)   HALC_ProxyIOContext.cpp:1159   HALC_ProxyIOContext::PauseIO: <- 0 3 3, id:1993 called from <private>
2026-09-28 21:04:21.369 Df stuckstart[7415:1773bd3] (CoreAudio)   HALC_ProxyIOContext.cpp:1210   HALC_ProxyIOContext::ResumeIO: <- 0 2 2 id:1993 called from <private>
2026-09-28 21:04:21.369 Df stuckstart[7415:1773bd4] (CoreAudio)   HALC_ProxyIOContext.cpp:1210   HALC_ProxyIOContext::ResumeIO: <- 0 1 1 id:1993 called from <private>
2026-09-28 21:04:21.767 Df stuckstart[7415:1773bd4] (CoreAudio)   HALC_ProxyIOContext.cpp:1159   HALC_ProxyIOContext::PauseIO: <- 0 2 2, id:1993 called from <private>
2026-09-28 21:04:21.802 Df stuckstart[7415:1773bd3] (CoreAudio)   HALC_ProxyIOContext.cpp:1159   HALC_ProxyIOContext::PauseIO: <- 0 3 3, id:1993 called from <private>
2026-09-28 21:04:21.802 Df stuckstart[7415:1773bd4] (CoreAudio)   HALC_ProxyIOContext.cpp:1159   HALC_ProxyIOContext::PauseIO: <- 0 4 4, id:1993 called from <private>
2026-09-28 21:04:21.804 Df stuckstart[7415:1773bd4] (CoreAudio)   HALC_ProxyIOContext.cpp:1210   HALC_ProxyIOContext::ResumeIO: <- 0 3 3 id:1993 called from <private>
2026-09-28 21:04:21.804 Df stuckstart[7415:1773bd4] (CoreAudio)   HALC_ProxyIOContext.cpp:1210   HALC_ProxyIOContext::ResumeIO: <- 0 2 2 id:1993 called from <private>
2026-09-28 21:04:21.804 Df stuckstart[7415:1773bd3] (CoreAudio)   HALC_ProxyIOContext.cpp:1210   HALC_ProxyIOContext::ResumeIO: <- 0 1 1 id:1993 called from <private>
2026-09-28 21:04:21.805 Df stuckstart[7415:1773bfb] (CoreAudio)   HALC_ProxyIOContext.cpp:1159   HALC_ProxyIOContext::PauseIO: <- 0 2 2, id:1993 called from <private>
2026-09-28 21:04:21.848 Df stuckstart[7415:1773bd3] (CoreAudio)   HALC_ProxyIOContext.cpp:1159   HALC_ProxyIOContext::PauseIO: <- 0 3 3, id:1993 called from <private>
2026-09-28 21:04:21.850 Df stuckstart[7415:1773bd3] (CoreAudio)   HALC_ProxyIOContext.cpp:1210   HALC_ProxyIOContext::ResumeIO: <- 0 2 2 id:1993 called from <private>
2026-09-28 21:04:21.867 Df stuckstart[7415:1773bd3] (CoreAudio)   HALC_ProxyIOContext.cpp:1159   HALC_ProxyIOContext::PauseIO: <- 0 3 3, id:1993 called from <private>
2026-09-28 21:04:21.869 Df stuckstart[7415:1773bd3] (CoreAudio)   HALC_ProxyIOContext.cpp:1210   HALC_ProxyIOContext::ResumeIO: <- 0 2 2 id:1993 called from <private>
2026-09-28 21:04:21.913 Df stuckstart[7415:1773bd3] (CoreAudio)   HALC_ProxyIOContext.cpp:1159   HALC_ProxyIOContext::PauseIO: <- 0 3 3, id:1993 called from <private>
2026-09-28 21:04:21.914 Df stuckstart[7415:1773bd3] (CoreAudio)   HALC_ProxyIOContext.cpp:1210   HALC_ProxyIOContext::ResumeIO: <- 0 2 2 id:1993 called from <private>
2026-09-28 21:04:21.931 Df stuckstart[7415:1773bfb] (CoreAudio)   HALC_ProxyIOContext.cpp:1159   HALC_ProxyIOContext::PauseIO: <- 0 3 3, id:1993 called from <private>
2026-09-28 21:04:21.934 Df stuckstart[7415:1773bfb] (CoreAudio)   HALC_ProxyIOContext.cpp:1210   HALC_ProxyIOContext::ResumeIO: <- 0 2 2 id:1993 called from <private>
2026-09-28 21:04:21.934 Df stuckstart[7415:1773bfb] (CoreAudio)   HALC_ProxyIOContext.cpp:1159   HALC_ProxyIOContext::PauseIO: <- 0 3 3, id:1993 called from <private>
2026-09-28 21:04:21.934 Df stuckstart[7415:1773bfb] (CoreAudio)   HALC_ProxyIOContext.cpp:1210   HALC_ProxyIOContext::ResumeIO: <- 0 2 2 id:1993 called from <private>
2026-09-28 21:04:21.934 Df stuckstart[7415:1773bfb] (CoreAudio)   HALC_ProxyIOContext.cpp:1210   HALC_ProxyIOContext::ResumeIO: <- 0 1 1 id:1993 called from <private>
2026-09-28 21:04:21.934 Df stuckstart[7415:1773bfb] (CoreAudio)   HALC_ProxyIOContext.cpp:1159   HALC_ProxyIOContext::PauseIO: <- 0 2 2, id:1993 called from <private>
2026-09-28 21:04:21.934 Df stuckstart[7415:1773bfb] (CoreAudio)   HALC_ProxyIOContext.cpp:1210   HALC_ProxyIOContext::ResumeIO: <- 0 1 1 id:1993 called from <private>
2026-09-28 21:04:21.934 Df stuckstart[7415:1773bfb] (CoreAudio)   HALC_ProxyIOContext.cpp:1159   HALC_ProxyIOContext::PauseIO: <- 0 2 2, id:1993 called from <private>
2026-09-28 21:04:21.934 Df stuckstart[7415:1773bfb] (CoreAudio)   HALC_ProxyIOContext.cpp:1210   HALC_ProxyIOContext::ResumeIO: <- 0 1 1 id:1993 called from <private>
2026-09-28 21:04:21.934 Df stuckstart[7415:1773bfb] (CoreAudio)   HALC_ProxyIOContext.cpp:1159   HALC_ProxyIOContext::PauseIO: <- 0 2 2, id:1993 called from <private>
2026-09-28 21:04:21.934 Df stuckstart[7415:1773bfb] (CoreAudio)   HALC_ProxyIOContext.cpp:1210   HALC_ProxyIOContext::ResumeIO: <- 0 1 1 id:1993 called from <private>
2026-09-28 21:04:23.897 Df stuckstart[7415:1773bbe] (CoreAudio)         HALB_IOThread.cpp:305    HALB_IOThread::_Start: IO is still disabled after waiting
2026-09-28 21:04:29.302 E  stuckstart[7415:1773bbe] [com.apple.coreaudio:AMCP]          HALC_ProxyIOContext.cpp:1075  HALC_ProxyIOContext::_StartIO(): Start failed - StartAndWaitForState returned error 35
2026-09-28 21:04:31.440 Df stuckstart[7415:1773bbe] (CoreAudio)         HALB_IOThread.cpp:305    HALB_IOThread::_Start: IO is still disabled after waiting
2026-09-28 21:04:36.852 E  stuckstart[7415:1773bbe] [com.apple.coreaudio:AMCP]          HALC_ProxyIOContext.cpp:1075  HALC_ProxyIOContext::_StartIO(): Start failed - StartAndWaitForState returned error 35
2026-09-28 21:04:37.266 Df stuckstart[7415:1773c52] (CoreAudio)   HALC_ProxyIOContext.cpp:1159   HALC_ProxyIOContext::PauseIO: <- 0 2 2, id:1993 called from <private>
2026-09-28 21:04:37.299 Df stuckstart[7415:1773c52] (CoreAudio)   HALC_ProxyIOContext.cpp:1159   HALC_ProxyIOContext::PauseIO: <- 0 3 3, id:1993 called from <private>
2026-09-28 21:04:37.299 Df stuckstart[7415:1773cf3] (CoreAudio)   HALC_ProxyIOContext.cpp:1159   HALC_ProxyIOContext::PauseIO: <- 0 4 4, id:1993 called from <private>
2026-09-28 21:04:37.303 Df stuckstart[7415:1773cf3] (CoreAudio)   HALC_ProxyIOContext.cpp:1210   HALC_ProxyIOContext::ResumeIO: <- 0 3 3 id:1993 called from <private>
2026-09-28 21:04:37.303 Df stuckstart[7415:1773cf3] (CoreAudio)   HALC_ProxyIOContext.cpp:1210   HALC_ProxyIOContext::ResumeIO: <- 0 2 2 id:1993 called from <private>
2026-09-28 21:04:37.303 Df stuckstart[7415:1773c52] (CoreAudio)   HALC_ProxyIOContext.cpp:1210   HALC_ProxyIOContext::ResumeIO: <- 0 1 1 id:1993 called from <private>
2026-09-28 21:04:37.304 Df stuckstart[7415:1773cf3] (CoreAudio)   HALC_ProxyIOContext.cpp:1159   HALC_ProxyIOContext::PauseIO: <- 0 2 2, id:1993 called from <private>
2026-09-28 21:04:37.352 Df stuckstart[7415:1773c52] (CoreAudio)   HALC_ProxyIOContext.cpp:1159   HALC_ProxyIOContext::PauseIO: <- 0 3 3, id:1993 called from <private>
2026-09-28 21:04:37.354 Df stuckstart[7415:1773c52] (CoreAudio)   HALC_ProxyIOContext.cpp:1210   HALC_ProxyIOContext::ResumeIO: <- 0 2 2 id:1993 called from <private>
2026-09-28 21:04:37.365 Df stuckstart[7415:1773eea] (CoreAudio)   HALC_ProxyIOContext.cpp:1159   HALC_ProxyIOContext::PauseIO: <- 0 3 3, id:1993 called from <private>
2026-09-28 21:04:37.366 Df stuckstart[7415:1773eea] (CoreAudio)   HALC_ProxyIOContext.cpp:1210   HALC_ProxyIOContext::ResumeIO: <- 0 2 2 id:1993 called from <private>
2026-09-28 21:04:37.411 Df stuckstart[7415:1773c52] (CoreAudio)   HALC_ProxyIOContext.cpp:1159   HALC_ProxyIOContext::PauseIO: <- 0 3 3, id:1993 called from <private>
2026-09-28 21:04:37.413 Df stuckstart[7415:1773c52] (CoreAudio)   HALC_ProxyIOContext.cpp:1210   HALC_ProxyIOContext::ResumeIO: <- 0 2 2 id:1993 called from <private>
2026-09-28 21:04:37.465 Df stuckstart[7415:1773c52] (CoreAudio)   HALC_ProxyIOContext.cpp:1159   HALC_ProxyIOContext::PauseIO: <- 0 3 3, id:1993 called from <private>
2026-09-28 21:04:37.467 Df stuckstart[7415:1773c52] (CoreAudio)   HALC_ProxyIOContext.cpp:1210   HALC_ProxyIOContext::ResumeIO: <- 0 2 2 id:1993 called from <private>
2026-09-28 21:04:37.467 Df stuckstart[7415:1773eea] (CoreAudio)   HALC_ProxyIOContext.cpp:1210   HALC_ProxyIOContext::ResumeIO: <- 0 1 1 id:1993 called from <private>
2026-09-28 21:04:37.467 Df stuckstart[7415:1773eea] (CoreAudio)   HALC_ProxyIOContext.cpp:1159   HALC_ProxyIOContext::PauseIO: <- 0 2 2, id:1993 called from <private>
2026-09-28 21:04:37.467 Df stuckstart[7415:1773eea] (CoreAudio)   HALC_ProxyIOContext.cpp:1210   HALC_ProxyIOContext::ResumeIO: <- 0 1 1 id:1993 called from <private>
2026-09-28 21:04:37.467 Df stuckstart[7415:1773eea] (CoreAudio)   HALC_ProxyIOContext.cpp:1159   HALC_ProxyIOContext::PauseIO: <- 0 2 2, id:1993 called from <private>
2026-09-28 21:04:37.467 Df stuckstart[7415:1773eea] (CoreAudio)   HALC_ProxyIOContext.cpp:1210   HALC_ProxyIOContext::ResumeIO: <- 0 1 1 id:1993 called from <private>
2026-09-28 21:04:37.467 Df stuckstart[7415:1773eea] (CoreAudio)   HALC_ProxyIOContext.cpp:1159   HALC_ProxyIOContext::PauseIO: <- 0 2 2, id:1993 called from <private>
2026-09-28 21:04:37.467 Df stuckstart[7415:1773eea] (CoreAudio)   HALC_ProxyIOContext.cpp:1210   HALC_ProxyIOContext::ResumeIO: <- 0 1 1 id:1993 called from <private>
2026-09-28 21:04:37.467 Df stuckstart[7415:1773eea] (CoreAudio)   HALC_ProxyIOContext.cpp:1159   HALC_ProxyIOContext::PauseIO: <- 0 2 2, id:1993 called from <private>
2026-09-28 21:04:37.467 Df stuckstart[7415:1773eea] (CoreAudio)   HALC_ProxyIOContext.cpp:1210   HALC_ProxyIOContext::ResumeIO: <- 0 1 1 id:1993 called from <private>
2026-09-28 21:04:37.879 Df stuckstart[7415:1773c52] (CoreAudio)   HALC_ProxyIOContext.cpp:1159   HALC_ProxyIOContext::PauseIO: <- 0 2 2, id:1993 called from <private>
2026-09-28 21:04:37.918 Df stuckstart[7415:1773f34] (CoreAudio)   HALC_ProxyIOContext.cpp:1159   HALC_ProxyIOContext::PauseIO: <- 0 3 3, id:1993 called from <private>
2026-09-28 21:04:37.919 Df stuckstart[7415:1773c52] (CoreAudio)   HALC_ProxyIOContext.cpp:1159   HALC_ProxyIOContext::PauseIO: <- 0 4 4, id:1993 called from <private>
2026-09-28 21:04:37.920 Df stuckstart[7415:1773f34] (CoreAudio)   HALC_ProxyIOContext.cpp:1210   HALC_ProxyIOContext::ResumeIO: <- 0 3 3 id:1993 called from <private>
2026-09-28 21:04:37.920 Df stuckstart[7415:1773c52] (CoreAudio)   HALC_ProxyIOContext.cpp:1210   HALC_ProxyIOContext::ResumeIO: <- 0 2 2 id:1993 called from <private>
2026-09-28 21:04:37.920 Df stuckstart[7415:1773c52] (CoreAudio)   HALC_ProxyIOContext.cpp:1210   HALC_ProxyIOContext::ResumeIO: <- 0 1 1 id:1993 called from <private>
2026-09-28 21:04:37.921 Df stuckstart[7415:1773eea] (CoreAudio)   HALC_ProxyIOContext.cpp:1159   HALC_ProxyIOContext::PauseIO: <- 0 2 2, id:1993 called from <private>
2026-09-28 21:04:37.969 Df stuckstart[7415:1773f34] (CoreAudio)   HALC_ProxyIOContext.cpp:1159   HALC_ProxyIOContext::PauseIO: <- 0 3 3, id:1993 called from <private>
2026-09-28 21:04:37.972 Df stuckstart[7415:1773f34] (CoreAudio)   HALC_ProxyIOContext.cpp:1210   HALC_ProxyIOContext::ResumeIO: <- 0 2 2 id:1993 called from <private>
2026-09-28 21:04:37.984 Df stuckstart[7415:1773f34] (CoreAudio)   HALC_ProxyIOContext.cpp:1159   HALC_ProxyIOContext::PauseIO: <- 0 3 3, id:1993 called from <private>
2026-09-28 21:04:37.986 Df stuckstart[7415:1773f34] (CoreAudio)   HALC_ProxyIOContext.cpp:1210   HALC_ProxyIOContext::ResumeIO: <- 0 2 2 id:1993 called from <private>
2026-09-28 21:04:38.013 Df stuckstart[7415:1773f34] (CoreAudio)   HALC_ProxyIOContext.cpp:1159   HALC_ProxyIOContext::PauseIO: <- 0 3 3, id:1993 called from <private>
2026-09-28 21:04:38.016 Df stuckstart[7415:1773f34] (CoreAudio)   HALC_ProxyIOContext.cpp:1210   HALC_ProxyIOContext::ResumeIO: <- 0 2 2 id:1993 called from <private>
2026-09-28 21:04:38.033 Df stuckstart[7415:1773eea] (CoreAudio)   HALC_ProxyIOContext.cpp:1159   HALC_ProxyIOContext::PauseIO: <- 0 3 3, id:1993 called from <private>
2026-09-28 21:04:38.036 Df stuckstart[7415:1773eea] (CoreAudio)   HALC_ProxyIOContext.cpp:1210   HALC_ProxyIOContext::ResumeIO: <- 0 2 2 id:1993 called from <private>
2026-09-28 21:04:38.036 Df stuckstart[7415:1773eea] (CoreAudio)   HALC_ProxyIOContext.cpp:1210   HALC_ProxyIOContext::ResumeIO: <- 0 1 1 id:1993 called from <private>
2026-09-28 21:04:38.036 Df stuckstart[7415:1773eea] (CoreAudio)   HALC_ProxyIOContext.cpp:1159   HALC_ProxyIOContext::PauseIO: <- 0 2 2, id:1993 called from <private>
2026-09-28 21:04:38.036 Df stuckstart[7415:1773eea] (CoreAudio)   HALC_ProxyIOContext.cpp:1210   HALC_ProxyIOContext::ResumeIO: <- 0 1 1 id:1993 called from <private>
2026-09-28 21:04:38.036 Df stuckstart[7415:1773eea] (CoreAudio)   HALC_ProxyIOContext.cpp:1159   HALC_ProxyIOContext::PauseIO: <- 0 2 2, id:1993 called from <private>
2026-09-28 21:04:38.036 Df stuckstart[7415:1773eea] (CoreAudio)   HALC_ProxyIOContext.cpp:1210   HALC_ProxyIOContext::ResumeIO: <- 0 1 1 id:1993 called from <private>
2026-09-28 21:04:38.036 Df stuckstart[7415:1773eea] (CoreAudio)   HALC_ProxyIOContext.cpp:1159   HALC_ProxyIOContext::PauseIO: <- 0 2 2, id:1993 called from <private>
2026-09-28 21:04:38.036 Df stuckstart[7415:1773eea] (CoreAudio)   HALC_ProxyIOContext.cpp:1210   HALC_ProxyIOContext::ResumeIO: <- 0 1 1 id:1993 called from <private>
2026-09-28 21:04:38.036 Df stuckstart[7415:1773eea] (CoreAudio)   HALC_ProxyIOContext.cpp:1159   HALC_ProxyIOContext::PauseIO: <- 0 2 2, id:1993 called from <private>
2026-09-28 21:04:38.036 Df stuckstart[7415:1773eea] (CoreAudio)   HALC_ProxyIOContext.cpp:1210   HALC_ProxyIOContext::ResumeIO: <- 0 1 1 id:1993 called from <private>
2026-09-28 21:04:40.003 Df stuckstart[7415:1773bbe] (CoreAudio)         HALB_IOThread.cpp:305    HALB_IOThread::_Start: IO is still disabled after waiting
2026-09-28 21:04:45.413 E  stuckstart[7415:1773bbe] [com.apple.coreaudio:AMCP]          HALC_ProxyIOContext.cpp:1075  HALC_ProxyIOContext::_StartIO(): Start failed - StartAndWaitForState returned error 35
2026-09-28 21:04:47.528 Df stuckstart[7415:1773bbe] (CoreAudio)         HALB_IOThread.cpp:305    HALB_IOThread::_Start: IO is still disabled after waiting
2026-09-28 21:04:52.935 E  stuckstart[7415:1773bbe] [com.apple.coreaudio:AMCP]          HALC_ProxyIOContext.cpp:1075  HALC_ProxyIOContext::_StartIO(): Start failed - StartAndWaitForState returned error 35
2026-09-28 21:04:53.350 Df stuckstart[7415:17740df] (CoreAudio)   HALC_ProxyIOContext.cpp:1159   HALC_ProxyIOContext::PauseIO: <- 0 2 2, id:1993 called from <private>
2026-09-28 21:04:53.370 Df stuckstart[7415:17740df] (CoreAudio)   HALC_ProxyIOContext.cpp:1159   HALC_ProxyIOContext::PauseIO: <- 0 3 3, id:1993 called from <private>
2026-09-28 21:04:53.370 Df stuckstart[7415:1773cf3] (CoreAudio)   HALC_ProxyIOContext.cpp:1159   HALC_ProxyIOContext::PauseIO: <- 0 4 4, id:1993 called from <private>
2026-09-28 21:04:53.371 Df stuckstart[7415:17740df] (CoreAudio)   HALC_ProxyIOContext.cpp:1210   HALC_ProxyIOContext::ResumeIO: <- 0 3 3 id:1993 called from <private>
2026-09-28 21:04:53.371 Df stuckstart[7415:1773cf3] (CoreAudio)   HALC_ProxyIOContext.cpp:1210   HALC_ProxyIOContext::ResumeIO: <- 0 2 2 id:1993 called from <private>
2026-09-28 21:04:53.371 Df stuckstart[7415:1773cf3] (CoreAudio)   HALC_ProxyIOContext.cpp:1210   HALC_ProxyIOContext::ResumeIO: <- 0 1 1 id:1993 called from <private>
2026-09-28 21:04:53.372 Df stuckstart[7415:1773cf3] (CoreAudio)   HALC_ProxyIOContext.cpp:1159   HALC_ProxyIOContext::PauseIO: <- 0 2 2, id:1993 called from <private>
2026-09-28 21:04:53.419 Df stuckstart[7415:17740df] (CoreAudio)   HALC_ProxyIOContext.cpp:1159   HALC_ProxyIOContext::PauseIO: <- 0 3 3, id:1993 called from <private>
2026-09-28 21:04:53.421 Df stuckstart[7415:17740df] (CoreAudio)   HALC_ProxyIOContext.cpp:1210   HALC_ProxyIOContext::ResumeIO: <- 0 2 2 id:1993 called from <private>
2026-09-28 21:04:53.447 Df stuckstart[7415:17740df] (CoreAudio)   HALC_ProxyIOContext.cpp:1159   HALC_ProxyIOContext::PauseIO: <- 0 3 3, id:1993 called from <private>
2026-09-28 21:04:53.449 Df stuckstart[7415:17740df] (CoreAudio)   HALC_ProxyIOContext.cpp:1210   HALC_ProxyIOContext::ResumeIO: <- 0 2 2 id:1993 called from <private>
2026-09-28 21:04:53.479 Df stuckstart[7415:17740df] (CoreAudio)   HALC_ProxyIOContext.cpp:1159   HALC_ProxyIOContext::PauseIO: <- 0 3 3, id:1993 called from <private>
2026-09-28 21:04:53.507 Df stuckstart[7415:17740e5] (CoreAudio)   HALC_ProxyIOContext.cpp:1159   HALC_ProxyIOContext::PauseIO: <- 0 4 4, id:1993 called from <private>
2026-09-28 21:04:53.509 Df stuckstart[7415:17740e5] (CoreAudio)   HALC_ProxyIOContext.cpp:1210   HALC_ProxyIOContext::ResumeIO: <- 0 3 3 id:1993 called from <private>
2026-09-28 21:04:53.509 Df stuckstart[7415:17740e5] (CoreAudio)   HALC_ProxyIOContext.cpp:1210   HALC_ProxyIOContext::ResumeIO: <- 0 2 2 id:1993 called from <private>
2026-09-28 21:04:53.509 Df stuckstart[7415:17740e5] (CoreAudio)   HALC_ProxyIOContext.cpp:1159   HALC_ProxyIOContext::PauseIO: <- 0 3 3, id:1993 called from <private>
2026-09-28 21:04:53.509 Df stuckstart[7415:17740e5] (CoreAudio)   HALC_ProxyIOContext.cpp:1210   HALC_ProxyIOContext::ResumeIO: <- 0 2 2 id:1993 called from <private>
2026-09-28 21:04:53.509 Df stuckstart[7415:17740e5] (CoreAudio)   HALC_ProxyIOContext.cpp:1159   HALC_ProxyIOContext::PauseIO: <- 0 3 3, id:1993 called from <private>
2026-09-28 21:04:53.509 Df stuckstart[7415:17740e5] (CoreAudio)   HALC_ProxyIOContext.cpp:1210   HALC_ProxyIOContext::ResumeIO: <- 0 2 2 id:1993 called from <private>
2026-09-28 21:04:53.509 Df stuckstart[7415:17740e5] (CoreAudio)   HALC_ProxyIOContext.cpp:1159   HALC_ProxyIOContext::PauseIO: <- 0 3 3, id:1993 called from <private>
2026-09-28 21:04:53.509 Df stuckstart[7415:17740e5] (CoreAudio)   HALC_ProxyIOContext.cpp:1210   HALC_ProxyIOContext::ResumeIO: <- 0 2 2 id:1993 called from <private>
2026-09-28 21:04:53.509 Df stuckstart[7415:17740e5] (CoreAudio)   HALC_ProxyIOContext.cpp:1159   HALC_ProxyIOContext::PauseIO: <- 0 3 3, id:1993 called from <private>
2026-09-28 21:04:53.511 Df stuckstart[7415:17740e5] (CoreAudio)   HALC_ProxyIOContext.cpp:1210   HALC_ProxyIOContext::ResumeIO: <- 0 2 2 id:1993 called from <private>
2026-09-28 21:04:53.511 Df stuckstart[7415:17740df] (CoreAudio)   HALC_ProxyIOContext.cpp:1210   HALC_ProxyIOContext::ResumeIO: <- 0 1 1 id:1993 called from <private>
