Timestamp               Ty Process[PID:TID]
2026-09-28 20:48:42.557 Df LosslessSwitcher[2783:176a696] [com.apple.coreaudio:AMCP]          HALC_ProxyIOContext.cpp:1631  HALC_ProxyIOContext::IOWorkLoop: ending the transport, stopping the io thread
2026-09-28 20:48:42.557 Df coreaudiod[2872:176aa88] [com.apple.coreaudio:AMCP]   HALS_IOContext_Legacy_Impl.cpp:2588  HALS_IOContext_Legacy_Impl::IOWorkLoopPerformIO: 589 Exitted PerformIO early - thread hasBeenStopped: 1 and shouldExit: 0
2026-09-28 20:48:42.558 Df coreaudiod[2872:176a37c] (CoreAudio)        HALS_IOEngine2.cpp:2482   HALS_IOEngine2::StopIO: stopping IO on device <private>
2026-09-28 20:48:42.558 Df coreaudiod[2872:176aa88] [com.apple.coreaudio:AMCP]               HALS_IOEngine2.cpp:2940  HALS_IOEngine2::_StopIO(145) called on Context 589  current state: Prewarm: 0 Play: 1 State: Running
2026-09-28 20:48:42.561 Df coreaudiod[2872:176a37c] (CoreAudio) HALS_IOContext_Legacy_Impl.cpp:2255   IO Stopped Context 589 after 2912256 frames.
2026-09-28 20:48:42.561 Df coreaudiod[2872:176a37c] (CoreAudio) HALS_IOContext_Legacy_Impl.cpp:2280   HALS_IOContext_Legacy_Impl::IOWorkLoopDeinit: 589 LSOutput_UID (LSOutput_UID): stopping with error 0
2026-09-28 20:48:42.561 Df coreaudiod[2872:176a36f] (CoreAudio)   HALB_PowerAssertion.cpp:161    HALB_PowerAssertion::Release: releasing power assertion ID 38432 of type 'PreventUserIdleSystemSleep' with name: 'com.apple.audio.LSOutput_UID.context.preventuseridlesleep' on behalf of 2783 taken at <private> for 60.675193 seconds
2026-09-28 20:48:42.564 Df coreaudiod[2872:176aab7] (CoreAudio)    SystemStatusWrapper.mm:89     SystemStatusWrapper::PublishRecordingClientInfo: Report client 2783 running: no device: <private>
2026-09-28 20:48:42.565 Df LosslessSwitcher[2783:176a134] [com.apple.coreaudio:as_client] SessionCore_macOS_Legacy.mm:163   --> setPlayState Stopped  Input {LSOutput_UID, 0xa}
2026-09-28 20:48:42.567 Df coreaudiod[2872:176aab9] (CoreAudio)    SystemStatusWrapper.mm:129    SystemStatusWrapper::PublishRecordingClientInfo: Updated recording status successfully.
2026-09-28 20:48:42.568 Df LosslessSwitcher[2783:176a134] [com.apple.coreaudio:as_client] SessionCore_macOS_Legacy.mm:156   Sent updated IOState to server: [0, 1]. BT device UIDS: {(
)}
2026-09-28 20:48:42.568 Df LosslessSwitcher[2783:176a134] [com.apple.coreaudio:as_client] SessionCore_macOS_Legacy.mm:199   <-- setPlayState Server update was required.
2026-09-28 20:48:42.568 Df LosslessSwitcher[2783:176a134] [com.apple.coreaudio:as_client] SessionCore_macOS_Legacy.mm:163   --> setPlayState Stopped  Input {LSOutput_UID, 0xa}
2026-09-28 20:48:42.569 Df LosslessSwitcher[2783:176a134] [com.apple.coreaudio:as_client] SessionCore_macOS_Legacy.mm:194   <-- setPlayState IOState: [0, 1]. BT device UIDS: {(
)} Server update was not required.
2026-09-28 20:48:42.569 Df LosslessSwitcher[2783:176a62e] [com.apple.coreaudio:AMCP]                 HALB_Logging.cpp:72    LogVolumeChangeForClientSide from AudioObjectSetPropertyData: device id 268, property address ['volm', 'outp', 0], device UID LSOutput_UID, volume: 1.000000
2026-09-28 20:48:42.570 Df coreaudiod[2872:176aa86] [com.apple.coreaudio:AMCP]                 HALB_Logging.cpp:101   LogVolumeChangeForServerSideControl from HALS_PlugInControl::SetPropertyData: control id 142, property address ['lcsv', 'glob', 0], owning device UID LSOutput_UID, control type external driver, control scope 'outp', control element 0, volume: 1.000000
2026-09-28 20:48:42.571 Df LosslessSwitcher[2783:176a696] [com.apple.coreaudio:AMCP]                 HALB_Logging.cpp:72    LogVolumeChangeForClientSide from AudioObjectSetPropertyData: device id 268, property address ['mute', 'outp', 0], device UID LSOutput_UID, mute: 0.000000
2026-09-28 20:48:42.606 Df coreaudiod[2872:176aab7] [com.apple.coreaudio:AMCP]                 HALB_Logging.cpp:101   LogVolumeChangeForServerSideControl from HALS_PlugInControl::SetPropertyData: control id 143, property address ['bcvl', 'glob', 0], owning device UID LSOutput_UID, control type external driver, control scope 'outp', control element 0, mute: 0.000000
2026-09-28 20:48:42.606 Df coreaudiod[2872:176a381] (CoreAudio)        HALS_IOEngine2.cpp:2482   HALS_IOEngine2::StopIO: stopping IO on device <private>
2026-09-28 20:48:42.607 Df LosslessSwitcher[2783:176a62e] [com.apple.coreaudio:AMCP]          HALC_ProxyIOContext.cpp:1631  HALC_ProxyIOContext::IOWorkLoop: ending the transport, stopping the io thread
2026-09-28 20:48:42.607 Df coreaudiod[2872:176a36e] [com.apple.coreaudio:AMCP]   HALS_IOContext_Legacy_Impl.cpp:2588  HALS_IOContext_Legacy_Impl::IOWorkLoopPerformIO: 610 Exitted PerformIO early - thread hasBeenStopped: 1 and shouldExit: 0
2026-09-28 20:48:42.607 Df coreaudiod[2872:176a36e] [com.apple.coreaudio:AMCP]               HALS_IOEngine2.cpp:2940  HALS_IOEngine2::_StopIO(160) called on Context 610  current state: Prewarm: 0 Play: 1 State: Running
2026-09-28 20:48:42.620 Df coreaudiod[2872:176a381] (CoreAudio) HALS_IOContext_Legacy_Impl.cpp:2255   IO Stopped Context 610 after 2913280 frames.
2026-09-28 20:48:42.620 Df coreaudiod[2872:176a381] (CoreAudio) HALS_IOContext_Legacy_Impl.cpp:2280   HALS_IOContext_Legacy_Impl::IOWorkLoopDeinit: 610 AppleUSBAudioEngine:AudioQuest:AudioQuest DragonFly Black v1.5:AQDFBL0120002531:1 (AppleUSBAudioEngine:AudioQuest:AudioQuest DragonFly Black v1.5:AQDFBL0120002531:1): stopping with error 0
2026-09-28 20:48:42.620 Df coreaudiod[2872:176aab8] (CoreAudio)   HALB_PowerAssertion.cpp:161    HALB_PowerAssertion::Release: releasing power assertion ID 38594 of type 'PreventUserIdleSystemSleep' with name: 'com.apple.audio.AppleUSBAudioEngine:AudioQuest:AudioQuest DragonFly Black v1.5:AQDFBL0120002531:1.context.preventuseridlesleep' on behalf of 2783 taken at <private> for 60.718716 seconds
2026-09-28 20:48:42.622 Df LosslessSwitcher[2783:176a134] [com.apple.coreaudio:as_client] SessionCore_macOS_Legacy.mm:163   --> setPlayState Stopped  Output {AppleUSBAudioEngine:AudioQuest:AudioQuest DragonFly Black v1.5:AQDFBL0120002531:1, 0xa}
2026-09-28 20:48:42.622 Df LosslessSwitcher[2783:176a134] [com.apple.coreaudio:as_client] SessionCore_macOS_Legacy.mm:156   Sent updated IOState to server: [0, 0]. BT device UIDS: {(
)}
2026-09-28 20:48:42.622 Df LosslessSwitcher[2783:176a134] [com.apple.coreaudio:as_client] SessionCore_macOS_Legacy.mm:199   <-- setPlayState Server update was required.
2026-09-28 20:48:42.622 Df LosslessSwitcher[2783:176a134] [com.apple.coreaudio:as_client] SessionCore_macOS_Legacy.mm:163   --> setPlayState Stopped  Output {AppleUSBAudioEngine:AudioQuest:AudioQuest DragonFly Black v1.5:AQDFBL0120002531:1, 0xa}
2026-09-28 20:48:42.622 Df LosslessSwitcher[2783:176a134] [com.apple.coreaudio:as_client] SessionCore_macOS_Legacy.mm:194   <-- setPlayState IOState: [0, 0]. BT device UIDS: {(
)} Server update was not required.
2026-09-28 20:48:42.624 Df coreaudiod[2872:176ac62] (CoreAudio)     HALS_PlugInDevice.cpp:2856   HALS_PlugInDevice::HandlePlugIn_RequestConfigChange: AppleUSBAudioEngine:AudioQuest:AudioQuest DragonFly Black v1.5:AQDFBL0120002531:1  --->
2026-09-28 20:48:42.625 Df LosslessSwitcher[2783:176a696] (CoreAudio)   HALC_ProxyIOContext.cpp:3542   HALC_IOContext_PauseIO(610)
2026-09-28 20:48:42.625 Df LosslessSwitcher[2783:176a696] (CoreAudio)   HALC_ProxyIOContext.cpp:3576   HALC_IOContext_ResumeIO(610)
2026-09-28 20:48:42.625 Df LosslessSwitcher[2783:176a696] (CoreAudio)   HALC_ProxyIOContext.cpp:1146   HALC_ProxyIOContext::PauseIO: -> 0 0 0, id:610 called from <private>
2026-09-28 20:48:42.625 Df LosslessSwitcher[2783:176a696] (CoreAudio)   HALC_ProxyIOContext.cpp:1159   HALC_ProxyIOContext::PauseIO: <- 0 1 1, id:610 called from <private>
2026-09-28 20:48:42.625 Df LosslessSwitcher[2783:176a696] (CoreAudio)   HALC_ProxyIOContext.cpp:1193   HALC_ProxyIOContext::ResumeIO: -> 0 1 1 id:610 called from <private>
2026-09-28 20:48:42.625 Df LosslessSwitcher[2783:176a696] (CoreAudio)   HALC_ProxyIOContext.cpp:1210   HALC_ProxyIOContext::ResumeIO: <- 0 0 0 id:610 called from <private>
2026-09-28 20:48:42.625 Df coreaudiod[2872:176aab8] (CoreAudio)   HALC_ProxyIOContext.cpp:3542   HALC_IOContext_PauseIO(359)
2026-09-28 20:48:42.625 Df coreaudiod[2872:176aab8] (CoreAudio)   HALC_ProxyIOContext.cpp:3576   HALC_IOContext_ResumeIO(359)
2026-09-28 20:48:42.625 Df coreaudiod[2872:176aab8] (CoreAudio)   HALC_ProxyIOContext.cpp:1146   HALC_ProxyIOContext::PauseIO: -> 0 1 1, id:359 called from <private>
2026-09-28 20:48:42.625 Df coreaudiod[2872:176aab8] (CoreAudio)   HALC_ProxyIOContext.cpp:1159   HALC_ProxyIOContext::PauseIO: <- 0 2 2, id:359 called from <private>
2026-09-28 20:48:42.625 Df coreaudiod[2872:176aab8] (CoreAudio)   HALC_ProxyIOContext.cpp:1193   HALC_ProxyIOContext::ResumeIO: -> 0 2 2 id:359 called from <private>
2026-09-28 20:48:42.625 Df coreaudiod[2872:176aab8] (CoreAudio)   HALC_ProxyIOContext.cpp:1210   HALC_ProxyIOContext::ResumeIO: <- 0 1 1 id:359 called from <private>
2026-09-28 20:48:42.627 Df coreaudiod[2872:176ac63] [com.apple.Accessibility:AXHearingHalPlugin] IsHidden: 1
2026-09-28 20:48:42.628 Df coreaudiod[2872:176ac63] [com.apple.Accessibility:AXHearingHalPlugin] IsHidden: 1
2026-09-28 20:48:42.631 Df coreaudiod[2872:176ac62] (CoreAudio)     HALS_PlugInDevice.cpp:2617   HALS_PlugInDevice::HandlePlugIn_RequestConfigChange: AppleUSBAudioEngine:AudioQuest:AudioQuest DragonFly Black v1.5:AQDFBL0120002531:1  --- calling driver
2026-09-28 20:48:42.641 Df coreaudiod[2872:176ac63] (CoreAudio) HALS_DefaultDeviceManager.cpp:410    Heap has 4 items
2026-09-28 20:48:42.641 Df coreaudiod[2872:176ac63] (CoreAudio) HALS_DefaultDeviceManager.cpp:488      126: 'BuiltInMicrophoneDevice'
2026-09-28 20:48:42.641 Df coreaudiod[2872:176ac63] (CoreAudio) HALS_DefaultDeviceManager.cpp:489           Arrival Time:       (0, 0)
2026-09-28 20:48:42.641 Df coreaudiod[2872:176ac63] (CoreAudio) HALS_DefaultDeviceManager.cpp:490           Transport:          'bltn'
2026-09-28 20:48:42.641 Df coreaudiod[2872:176ac63] (CoreAudio) HALS_DefaultDeviceManager.cpp:491           Input Data Source:  'imic'
2026-09-28 20:48:42.641 Df coreaudiod[2872:176ac63] (CoreAudio) HALS_DefaultDeviceManager.cpp:492           Output Data Source: ''
2026-09-28 20:48:42.641 Df coreaudiod[2872:176ac63] (CoreAudio) HALS_DefaultDeviceManager.cpp:493           Input Kind:          Mic
2026-09-28 20:48:42.641 Df coreaudiod[2872:176ac63] (CoreAudio) HALS_DefaultDeviceManager.cpp:494           Output Kind:         None
2026-09-28 20:48:42.641 Df coreaudiod[2872:176ac63] (CoreAudio) HALS_DefaultDeviceManager.cpp:495           Can Be Input:        yes
2026-09-28 20:48:42.641 Df coreaudiod[2872:176ac63] (CoreAudio) HALS_DefaultDeviceManager.cpp:496           Can Be Output:       no
2026-09-28 20:48:42.641 Df coreaudiod[2872:176ac63] (CoreAudio) HALS_DefaultDeviceManager.cpp:497           Can Be System:       no
2026-09-28 20:48:42.641 Df coreaudiod[2872:176ac63] (CoreAudio) HALS_DefaultDeviceManager.cpp:498           Allows Auto-Route:   yes
2026-09-28 20:48:42.641 Df coreaudiod[2872:176ac63] (CoreAudio) HALS_DefaultDeviceManager.cpp:488      551: 'com.rogueamoeba.Loopback:B84C2883-09E2-4BFA-979B-9935F80B4D6D'
2026-09-28 20:48:42.641 Df coreaudiod[2872:176ac63] (CoreAudio) HALS_DefaultDeviceManager.cpp:489           Arrival Time:       (497, 26001960000000)
2026-09-28 20:48:42.641 Df coreaudiod[2872:176ac63] (CoreAudio) HALS_DefaultDeviceManager.cpp:490           Transport:          'virt'
2026-09-28 20:48:42.641 Df coreaudiod[2872:176ac63] (CoreAudio) HALS_DefaultDeviceManager.cpp:491           Input Data Source:  ''
2026-09-28 20:48:42.641 Df coreaudiod[2872:176ac63] (CoreAudio) HALS_DefaultDeviceManager.cpp:492           Output Data Source: ''
2026-09-28 20:48:42.641 Df coreaudiod[2872:176ac63] (CoreAudio) HALS_DefaultDeviceManager.cpp:493           Input Kind:          Don't
2026-09-28 20:48:42.641 Df coreaudiod[2872:176ac63] (CoreAudio) HALS_DefaultDeviceManager.cpp:494           Output Kind:         Don't
2026-09-28 20:48:42.641 Df coreaudiod[2872:176ac63] (CoreAudio) HALS_DefaultDeviceManager.cpp:495           Can Be Input:        yes
2026-09-28 20:48:42.641 Df coreaudiod[2872:176ac63] (CoreAudio) HALS_DefaultDeviceManager.cpp:496           Can Be Output:       yes
2026-09-28 20:48:42.641 Df coreaudiod[2872:176ac63] (CoreAudio) HALS_DefaultDeviceManager.cpp:497           Can Be System:       yes
2026-09-28 20:48:42.641 Df coreaudiod[2872:176ac63] (CoreAudio) HALS_DefaultDeviceManager.cpp:498           Allows Auto-Route:   yes
2026-09-28 20:48:42.641 Df coreaudiod[2872:176ac63] (CoreAudio) HALS_DefaultDeviceManager.cpp:488      70: '597A1DFA-1BE3-47EF-8565-BAD100000003'
2026-09-28 20:48:42.641 Df coreaudiod[2872:176ac63] (CoreAudio) HALS_DefaultDeviceManager.cpp:489           Arrival Time:       (496, 26001120000000)
2026-09-28 20:48:42.641 Df coreaudiod[2872:176ac63] (CoreAudio) HALS_DefaultDeviceManager.cpp:490           Transport:          'ccwd'
2026-09-28 20:48:42.641 Df coreaudiod[2872:176ac63] (CoreAudio) HALS_DefaultDeviceManager.cpp:491           Input Data Source:  ''
2026-09-28 20:48:42.641 Df coreaudiod[2872:176ac63] (CoreAudio) HALS_DefaultDeviceManager.cpp:492           Output Data Source: ''
2026-09-28 20:48:42.641 Df coreaudiod[2872:176ac63] (CoreAudio) HALS_DefaultDeviceManager.cpp:493           Input Kind:          Don't
2026-09-28 20:48:42.641 Df coreaudiod[2872:176ac63] (CoreAudio) HALS_DefaultDeviceManager.cpp:494           Output Kind:         Don't
2026-09-28 20:48:42.641 Df coreaudiod[2872:176ac63] (CoreAudio) HALS_DefaultDeviceManager.cpp:495           Can Be Input:        yes
2026-09-28 20:48:42.641 Df coreaudiod[2872:176ac63] (CoreAudio) HALS_DefaultDeviceManager.cpp:496           Can Be Output:       no
2026-09-28 20:48:42.641 Df coreaudiod[2872:176ac63] (CoreAudio) HALS_DefaultDeviceManager.cpp:497           Can Be System:       no
2026-09-28 20:48:42.641 Df coreaudiod[2872:176ac63] (CoreAudio) HALS_DefaultDeviceManager.cpp:498           Allows Auto-Route:   no
2026-09-28 20:48:42.641 Df coreaudiod[2872:176ac63] (CoreAudio) HALS_DefaultDeviceManager.cpp:488      36: 'AOP Audio-1'
2026-09-28 20:48:42.641 Df coreaudiod[2872:176ac63] (CoreAudio) HALS_DefaultDeviceManager.cpp:489           Arrival Time:       (323, 0)
2026-09-28 20:48:42.641 Df coreaudiod[2872:176ac63] (CoreAudio) HALS_DefaultDeviceManager.cpp:490           Transport:          'virt'
2026-09-28 20:48:42.641 Df coreaudiod[2872:176ac63] (CoreAudio) HALS_DefaultDeviceManager.cpp:491           Input Data Source:  ''
2026-09-28 20:48:42.641 Df coreaudiod[2872:176ac63] (CoreAudio) HALS_DefaultDeviceManager.cpp:492           Output Data Source: ''
2026-09-28 20:48:42.641 Df coreaudiod[2872:176ac63] (CoreAudio) HALS_DefaultDeviceManager.cpp:493           Input Kind:          Don't
2026-09-28 20:48:42.641 Df coreaudiod[2872:176ac63] (CoreAudio) HALS_DefaultDeviceManager.cpp:494           Output Kind:         None
2026-09-28 20:48:42.641 Df coreaudiod[2872:176ac63] (CoreAudio) HALS_DefaultDeviceManager.cpp:495           Can Be Input:        yes
2026-09-28 20:48:42.641 Df coreaudiod[2872:176ac63] (CoreAudio) HALS_DefaultDeviceManager.cpp:496           Can Be Output:       no
2026-09-28 20:48:42.641 Df coreaudiod[2872:176ac63] (CoreAudio) HALS_DefaultDeviceManager.cpp:497           Can Be System:       no
2026-09-28 20:48:42.641 Df coreaudiod[2872:176ac63] (CoreAudio) HALS_DefaultDeviceManager.cpp:498           Allows Auto-Route:   yes
2026-09-28 20:48:42.641 Df coreaudiod[2872:176ac63] (CoreAudio) HALS_DefaultDeviceManager.cpp:1730   HALS_DefaultDeviceManager::PickDefaultDevice:          'dIn ' | picking 126: 'BuiltInMicrophoneDevice'/'imic'
2026-09-28 20:48:42.642 Df coreaudiod[2872:176ac63] (CoreAudio) HALS_DefaultDeviceManager.cpp:1692   HALS_DefaultDeviceManager::FindPreferredDefaultDevice: 'dOut' | found preferred[0] 139: 'LSOutput_UID'/''
2026-09-28 20:48:42.643 Df coreaudiod[2872:176ac63] (CoreAudio) HALS_DefaultDeviceManager.cpp:1692   HALS_DefaultDeviceManager::FindPreferredDefaultDevice: 'sOut' | found preferred[0] 117: 'BuiltInSpeakerDevice'/'ispk'
2026-09-28 20:48:42.645 Df coreaudiod[2872:176ac63] (CoreAudio) HALS_DefaultDeviceManager.cpp:1692   HALS_DefaultDeviceManager::FindPreferredDefaultDevice: 'shrd' | found preferred[0] 139: 'LSOutput_UID'/''
2026-09-28 20:48:42.648 Df coreaudiod[2872:176aab9] (CoreAudio)   HALC_ProxyIOContext.cpp:1146   HALC_ProxyIOContext::PauseIO: -> 0 1 1, id:359 called from <private>
2026-09-28 20:48:42.648 Df coreaudiod[2872:176aab9] (CoreAudio)   HALC_ProxyIOContext.cpp:1159   HALC_ProxyIOContext::PauseIO: <- 0 2 2, id:359 called from <private>
2026-09-28 20:48:42.648 Df coreaudiod[2872:1769feb] (CoreAudio)   HALC_ProxyIOContext.cpp:3542   HALC_IOContext_PauseIO(359)
2026-09-28 20:48:42.648 Df coreaudiod[2872:1769feb] (CoreAudio)   HALC_ProxyIOContext.cpp:1146   HALC_ProxyIOContext::PauseIO: -> 0 2 2, id:359 called from <private>
2026-09-28 20:48:42.648 Df coreaudiod[2872:1769feb] (CoreAudio)   HALC_ProxyIOContext.cpp:1159   HALC_ProxyIOContext::PauseIO: <- 0 3 3, id:359 called from <private>
2026-09-28 20:48:42.649 Df LosslessSwitcher[2783:176a696] (CoreAudio)   HALC_ProxyIOContext.cpp:1146   HALC_ProxyIOContext::PauseIO: -> 0 0 0, id:610 called from <private>
2026-09-28 20:48:42.649 Df LosslessSwitcher[2783:176a696] (CoreAudio)   HALC_ProxyIOContext.cpp:1159   HALC_ProxyIOContext::PauseIO: <- 0 1 1, id:610 called from <private>
2026-09-28 20:48:42.649 Df LosslessSwitcher[2783:176a62e] (CoreAudio)   HALC_ProxyIOContext.cpp:3542   HALC_IOContext_PauseIO(610)
2026-09-28 20:48:42.649 Df LosslessSwitcher[2783:176a62e] (CoreAudio)   HALC_ProxyIOContext.cpp:1146   HALC_ProxyIOContext::PauseIO: -> 0 1 1, id:610 called from <private>
2026-09-28 20:48:42.649 Df LosslessSwitcher[2783:176a62e] (CoreAudio)   HALC_ProxyIOContext.cpp:1159   HALC_ProxyIOContext::PauseIO: <- 0 2 2, id:610 called from <private>
2026-09-28 20:48:42.651 Df coreaudiod[2872:176aa86] (CoreAudio)   HALC_ProxyIOContext.cpp:3576   HALC_IOContext_ResumeIO(359)
2026-09-28 20:48:42.651 Df coreaudiod[2872:176aa86] (CoreAudio)   HALC_ProxyIOContext.cpp:3576   HALC_IOContext_ResumeIO(359)
2026-09-28 20:48:42.651 Df LosslessSwitcher[2783:176a697] (CoreAudio)   HALC_ProxyIOContext.cpp:3576   HALC_IOContext_ResumeIO(610)
2026-09-28 20:48:42.651 Df LosslessSwitcher[2783:176a697] (CoreAudio)   HALC_ProxyIOContext.cpp:3576   HALC_IOContext_ResumeIO(610)
2026-09-28 20:48:42.651 Df LosslessSwitcher[2783:176a697] (CoreAudio)   HALC_ProxyIOContext.cpp:1193   HALC_ProxyIOContext::ResumeIO: -> 0 2 2 id:610 called from <private>
2026-09-28 20:48:42.651 Df LosslessSwitcher[2783:176a697] (CoreAudio)   HALC_ProxyIOContext.cpp:1210   HALC_ProxyIOContext::ResumeIO: <- 0 1 1 id:610 called from <private>
2026-09-28 20:48:42.651 Df LosslessSwitcher[2783:176a697] (CoreAudio)   HALC_ProxyIOContext.cpp:1193   HALC_ProxyIOContext::ResumeIO: -> 0 1 1 id:610 called from <private>
2026-09-28 20:48:42.651 Df LosslessSwitcher[2783:176a697] (CoreAudio)   HALC_ProxyIOContext.cpp:1210   HALC_ProxyIOContext::ResumeIO: <- 0 0 0 id:610 called from <private>
2026-09-28 20:48:42.651 Df coreaudiod[2872:176ac61] (CoreAudio)   HALC_ProxyIOContext.cpp:3542   HALC_IOContext_PauseIO(359)
2026-09-28 20:48:42.651 Df coreaudiod[2872:176aab9] (CoreAudio)   HALC_ProxyIOContext.cpp:1193   HALC_ProxyIOContext::ResumeIO: -> 0 3 3 id:359 called from <private>
2026-09-28 20:48:42.651 Df coreaudiod[2872:176aab9] (CoreAudio)   HALC_ProxyIOContext.cpp:1210   HALC_ProxyIOContext::ResumeIO: <- 0 2 2 id:359 called from <private>
2026-09-28 20:48:42.651 Df coreaudiod[2872:176aa86] (CoreAudio)   HALC_ProxyIOContext.cpp:1193   HALC_ProxyIOContext::ResumeIO: -> 0 2 2 id:359 called from <private>
2026-09-28 20:48:42.651 Df coreaudiod[2872:176aa86] (CoreAudio)   HALC_ProxyIOContext.cpp:1210   HALC_ProxyIOContext::ResumeIO: <- 0 1 1 id:359 called from <private>
2026-09-28 20:48:42.651 Df coreaudiod[2872:176aa86] (CoreAudio)   HALC_ProxyIOContext.cpp:1193   HALC_ProxyIOContext::ResumeIO: -> 0 1 1 id:359 called from <private>
2026-09-28 20:48:42.651 Df coreaudiod[2872:176aa86] (CoreAudio)   HALC_ProxyIOContext.cpp:1210   HALC_ProxyIOContext::ResumeIO: <- 0 0 0 id:359 called from <private>
2026-09-28 20:48:42.651 Df coreaudiod[2872:176aa86] (CoreAudio)   HALC_ProxyIOContext.cpp:1146   HALC_ProxyIOContext::PauseIO: -> 0 0 0, id:359 called from <private>
2026-09-28 20:48:42.651 Df coreaudiod[2872:176aa86] (CoreAudio)   HALC_ProxyIOContext.cpp:1159   HALC_ProxyIOContext::PauseIO: <- 0 1 1, id:359 called from <private>
2026-09-28 20:48:42.651 Df LosslessSwitcher[2783:176a696] (CoreAudio)   HALC_ProxyIOContext.cpp:1193   HALC_ProxyIOContext::ResumeIO: -> 0 0 0 id:610 called from <private>
2026-09-28 20:48:42.651 Df LosslessSwitcher[2783:176a696] (CoreAudio)   HALC_ProxyIOContext.cpp:1210   HALC_ProxyIOContext::ResumeIO: <- 0 0 0 id:610 called from <private>
2026-09-28 20:48:42.652 Df LosslessSwitcher[2783:176a697] (CoreAudio)   HALC_ProxyIOContext.cpp:3542   HALC_IOContext_PauseIO(610)
2026-09-28 20:48:42.652 Df LosslessSwitcher[2783:176a697] (CoreAudio)   HALC_ProxyIOContext.cpp:1146   HALC_ProxyIOContext::PauseIO: -> 0 0 0, id:610 called from <private>
2026-09-28 20:48:42.652 Df LosslessSwitcher[2783:176a697] (CoreAudio)   HALC_ProxyIOContext.cpp:1159   HALC_ProxyIOContext::PauseIO: <- 0 1 1, id:610 called from <private>
2026-09-28 20:48:42.662 Df coreaudiod[2872:176ac62] (CoreAudio)     HALS_PlugInDevice.cpp:2634   HALS_PlugInDevice::HandlePlugIn_RequestConfigChange: AppleUSBAudioEngine:AudioQuest:AudioQuest DragonFly Black v1.5:AQDFBL0120002531:1  --- driver returned
2026-09-28 20:48:42.664 Df coreaudiod[2872:176ac62] [com.apple.coreaudio:AMCP]            HALS_PlugInDevice.cpp:902   HALS_PlugInDevice::_UpdateControls: AppleUSBAudioEngine:AudioQuest:AudioQuest DragonFly Black v1.5:AQDFBL0120002531:1  --- keeping existing software reference stream control
2026-09-28 20:48:42.671 Df coreaudiod[2872:176ac62] [com.apple.coreaudio:AudioConverter]        AudioConverter.cpp:1068  Created a new in process converter -> 0x7ab016b2a0, from  2 ch,  48000 Hz, lpcm (0x0000004C) 24-bit little-endian signed integer to  2 ch,  48000 Hz, Float32, interleaved
2026-09-28 20:48:42.671 Df coreaudiod[2872:176ac62] [com.apple.coreaudio:aid] [NodeFormatConverter.cpp:62    rtaid::NodeFormatConverter:0x7aaedc8fe8] AudioConverterNew succeeded with incoming format  2 ch,  48000 Hz, lpcm (0x0000004C) 24-bit little-endian signed integer and outgoing format  2 ch,  48000 Hz, Float32, interleaved
2026-09-28 20:48:42.671 Df coreaudiod[2872:176ac62] [com.apple.coreaudio:aid] [Detector.cpp:58    rtaid::Detector:0x7aaf39c8c0] initialized with error = 0
2026-09-28 20:48:42.672 Df coreaudiod[2872:176ac62] [com.apple.coreaudio:aid] [Detector.cpp:122   rtaid::Detector:0x7aaf39c8c0] Node -Output with nodeID 156 already present, replacing it
2026-09-28 20:48:42.672 Df coreaudiod[2872:176ac62] [com.apple.coreaudio:aid] [Detector.cpp:156   rtaid::Detector:0x7aaf39c8c0] Created node -Output with nodeID 156 - reporting period = 10.000000, sample rate = 48000.000000
2026-09-28 20:48:42.672 Df coreaudiod[2872:176ac62] [com.apple.coreaudio:aid] [NodeFormatConverter.cpp:81    rtaid::NodeFormatConverter:0x7aaedc8fe8] AudioConverterNew wasn't needed since incoming and outgoing format are equivalent:  2 ch,  48000 Hz, Float32, interleaved
2026-09-28 20:48:42.672 Df coreaudiod[2872:176ac62] [com.apple.coreaudio:aid] [Detector.cpp:58    rtaid::Detector:0x7aaf39c8c0] initialized with error = 0
2026-09-28 20:48:42.672 Df coreaudiod[2872:176ac62] (CoreAudio)     HALS_PlugInDevice.cpp:2822   HALS_PlugInDevice::HandlePlugIn_RequestConfigChange: AppleUSBAudioEngine:AudioQuest:AudioQuest DragonFly Black v1.5:AQDFBL0120002531:1  --- sending notifications
2026-09-28 20:48:42.686 Df coreaudiod[2872:176ac62] (CoreAudio)     HALS_PlugInDevice.cpp:2873   HALS_PlugInDevice::HandlePlugIn_RequestConfigChange: AppleUSBAudioEngine:AudioQuest:AudioQuest DragonFly Black v1.5:AQDFBL0120002531:1  --- restarting IO
2026-09-28 20:48:42.691 Df coreaudiod[2872:176aa86] (CoreAudio)   HALC_ProxyIOContext.cpp:3576   HALC_IOContext_ResumeIO(359)
2026-09-28 20:48:42.692 Df coreaudiod[2872:176ac62] (CoreAudio)     HALS_PlugInDevice.cpp:2888   HALS_PlugInDevice::HandlePlugIn_RequestConfigChange: AppleUSBAudioEngine:AudioQuest:AudioQuest DragonFly Black v1.5:AQDFBL0120002531:1  <---
2026-09-28 20:48:42.693 Df coreaudiod[2872:176ac69] [com.apple.Accessibility:AXHearingHalPlugin] IsHidden: 1
2026-09-28 20:48:42.694 Df coreaudiod[2872:176ac69] [com.apple.Accessibility:AXHearingHalPlugin] IsHidden: 1
2026-09-28 20:48:42.698 Df coreaudiod[2872:176aab9] (CoreAudio)   HALC_ProxyIOContext.cpp:1146   HALC_ProxyIOContext::PauseIO: -> 0 1 1, id:359 called from <private>
2026-09-28 20:48:42.698 Df coreaudiod[2872:176aab9] (CoreAudio)   HALC_ProxyIOContext.cpp:1159   HALC_ProxyIOContext::PauseIO: <- 0 2 2, id:359 called from <private>
2026-09-28 20:48:42.698 Df coreaudiod[2872:176aa86] (CoreAudio)   HALC_ProxyIOContext.cpp:3542   HALC_IOContext_PauseIO(359)
2026-09-28 20:48:42.700 Df coreaudiod[2872:176a36e] (CoreAudio)   HALC_ProxyIOContext.cpp:3576   HALC_IOContext_ResumeIO(359)
2026-09-28 20:48:42.700 Df coreaudiod[2872:176aab9] (CoreAudio)   HALC_ProxyIOContext.cpp:1193   HALC_ProxyIOContext::ResumeIO: -> 0 2 2 id:359 called from <private>
2026-09-28 20:48:42.700 Df coreaudiod[2872:176aab9] (CoreAudio)   HALC_ProxyIOContext.cpp:1210   HALC_ProxyIOContext::ResumeIO: <- 0 1 1 id:359 called from <private>
2026-09-28 20:48:42.701 Df LosslessSwitcher[2783:176a696] (CoreAudio)   HALC_ProxyIOContext.cpp:1146   HALC_ProxyIOContext::PauseIO: -> 0 1 1, id:610 called from <private>
2026-09-28 20:48:42.701 Df LosslessSwitcher[2783:176a696] (CoreAudio)   HALC_ProxyIOContext.cpp:1159   HALC_ProxyIOContext::PauseIO: <- 0 2 2, id:610 called from <private>
2026-09-28 20:48:42.703 Df coreaudiod[2872:176ac69] (CoreAudio) HALS_DefaultDeviceManager.cpp:410    Heap has 4 items
2026-09-28 20:48:42.703 Df coreaudiod[2872:176ac69] (CoreAudio) HALS_DefaultDeviceManager.cpp:488      126: 'BuiltInMicrophoneDevice'
2026-09-28 20:48:42.703 Df coreaudiod[2872:176ac69] (CoreAudio) HALS_DefaultDeviceManager.cpp:489           Arrival Time:       (0, 0)
2026-09-28 20:48:42.703 Df coreaudiod[2872:176ac69] (CoreAudio) HALS_DefaultDeviceManager.cpp:490           Transport:          'bltn'
2026-09-28 20:48:42.703 Df coreaudiod[2872:176ac69] (CoreAudio) HALS_DefaultDeviceManager.cpp:491           Input Data Source:  'imic'
2026-09-28 20:48:42.703 Df coreaudiod[2872:176ac69] (CoreAudio) HALS_DefaultDeviceManager.cpp:492           Output Data Source: ''
2026-09-28 20:48:42.703 Df coreaudiod[2872:176ac69] (CoreAudio) HALS_DefaultDeviceManager.cpp:493           Input Kind:          Mic
2026-09-28 20:48:42.703 Df coreaudiod[2872:176ac69] (CoreAudio) HALS_DefaultDeviceManager.cpp:494           Output Kind:         None
2026-09-28 20:48:42.703 Df coreaudiod[2872:176ac69] (CoreAudio) HALS_DefaultDeviceManager.cpp:495           Can Be Input:        yes
2026-09-28 20:48:42.703 Df coreaudiod[2872:176ac69] (CoreAudio) HALS_DefaultDeviceManager.cpp:496           Can Be Output:       no
2026-09-28 20:48:42.703 Df coreaudiod[2872:176ac69] (CoreAudio) HALS_DefaultDeviceManager.cpp:497           Can Be System:       no
2026-09-28 20:48:42.703 Df coreaudiod[2872:176ac69] (CoreAudio) HALS_DefaultDeviceManager.cpp:498           Allows Auto-Route:   yes
2026-09-28 20:48:42.703 Df coreaudiod[2872:176ac69] (CoreAudio) HALS_DefaultDeviceManager.cpp:488      551: 'com.rogueamoeba.Loopback:B84C2883-09E2-4BFA-979B-9935F80B4D6D'
2026-09-28 20:48:42.703 Df coreaudiod[2872:176ac69] (CoreAudio) HALS_DefaultDeviceManager.cpp:489           Arrival Time:       (497, 26001960000000)
2026-09-28 20:48:42.703 Df coreaudiod[2872:176ac69] (CoreAudio) HALS_DefaultDeviceManager.cpp:490           Transport:          'virt'
2026-09-28 20:48:42.703 Df coreaudiod[2872:176ac69] (CoreAudio) HALS_DefaultDeviceManager.cpp:491           Input Data Source:  ''
2026-09-28 20:48:42.703 Df coreaudiod[2872:176ac69] (CoreAudio) HALS_DefaultDeviceManager.cpp:492           Output Data Source: ''
2026-09-28 20:48:42.703 Df coreaudiod[2872:176ac69] (CoreAudio) HALS_DefaultDeviceManager.cpp:493           Input Kind:          Don't
2026-09-28 20:48:42.703 Df coreaudiod[2872:176ac69] (CoreAudio) HALS_DefaultDeviceManager.cpp:494           Output Kind:         Don't
2026-09-28 20:48:42.703 Df coreaudiod[2872:176ac69] (CoreAudio) HALS_DefaultDeviceManager.cpp:495           Can Be Input:        yes
2026-09-28 20:48:42.703 Df coreaudiod[2872:176ac69] (CoreAudio) HALS_DefaultDeviceManager.cpp:496           Can Be Output:       yes
2026-09-28 20:48:42.703 Df coreaudiod[2872:176ac69] (CoreAudio) HALS_DefaultDeviceManager.cpp:497           Can Be System:       yes
2026-09-28 20:48:42.703 Df coreaudiod[2872:176ac69] (CoreAudio) HALS_DefaultDeviceManager.cpp:498           Allows Auto-Route:   yes
2026-09-28 20:48:42.703 Df coreaudiod[2872:176ac69] (CoreAudio) HALS_DefaultDeviceManager.cpp:488      70: '597A1DFA-1BE3-47EF-8565-BAD100000003'
2026-09-28 20:48:42.703 Df coreaudiod[2872:176ac69] (CoreAudio) HALS_DefaultDeviceManager.cpp:489           Arrival Time:       (496, 26001120000000)
2026-09-28 20:48:42.703 Df coreaudiod[2872:176ac69] (CoreAudio) HALS_DefaultDeviceManager.cpp:490           Transport:          'ccwd'
2026-09-28 20:48:42.703 Df coreaudiod[2872:176ac69] (CoreAudio) HALS_DefaultDeviceManager.cpp:491           Input Data Source:  ''
2026-09-28 20:48:42.703 Df coreaudiod[2872:176ac69] (CoreAudio) HALS_DefaultDeviceManager.cpp:492           Output Data Source: ''
2026-09-28 20:48:42.703 Df coreaudiod[2872:176ac69] (CoreAudio) HALS_DefaultDeviceManager.cpp:493           Input Kind:          Don't
2026-09-28 20:48:42.703 Df coreaudiod[2872:176ac69] (CoreAudio) HALS_DefaultDeviceManager.cpp:494           Output Kind:         Don't
2026-09-28 20:48:42.703 Df coreaudiod[2872:176ac69] (CoreAudio) HALS_DefaultDeviceManager.cpp:495           Can Be Input:        yes
2026-09-28 20:48:42.703 Df coreaudiod[2872:176ac69] (CoreAudio) HALS_DefaultDeviceManager.cpp:496           Can Be Output:       no
2026-09-28 20:48:42.703 Df coreaudiod[2872:176ac69] (CoreAudio) HALS_DefaultDeviceManager.cpp:497           Can Be System:       no
2026-09-28 20:48:42.703 Df coreaudiod[2872:176ac69] (CoreAudio) HALS_DefaultDeviceManager.cpp:498           Allows Auto-Route:   no
2026-09-28 20:48:42.703 Df coreaudiod[2872:176ac69] (CoreAudio) HALS_DefaultDeviceManager.cpp:488      36: 'AOP Audio-1'
2026-09-28 20:48:42.703 Df coreaudiod[2872:176ac69] (CoreAudio) HALS_DefaultDeviceManager.cpp:489           Arrival Time:       (323, 0)
2026-09-28 20:48:42.703 Df coreaudiod[2872:176ac69] (CoreAudio) HALS_DefaultDeviceManager.cpp:490           Transport:          'virt'
2026-09-28 20:48:42.703 Df coreaudiod[2872:176ac69] (CoreAudio) HALS_DefaultDeviceManager.cpp:491           Input Data Source:  ''
2026-09-28 20:48:42.703 Df coreaudiod[2872:176ac69] (CoreAudio) HALS_DefaultDeviceManager.cpp:492           Output Data Source: ''
2026-09-28 20:48:42.703 Df coreaudiod[2872:176ac69] (CoreAudio) HALS_DefaultDeviceManager.cpp:493           Input Kind:          Don't
2026-09-28 20:48:42.703 Df coreaudiod[2872:176ac69] (CoreAudio) HALS_DefaultDeviceManager.cpp:494           Output Kind:         None
2026-09-28 20:48:42.703 Df coreaudiod[2872:176ac69] (CoreAudio) HALS_DefaultDeviceManager.cpp:495           Can Be Input:        yes
2026-09-28 20:48:42.703 Df coreaudiod[2872:176ac69] (CoreAudio) HALS_DefaultDeviceManager.cpp:496           Can Be Output:       no
2026-09-28 20:48:42.703 Df coreaudiod[2872:176ac69] (CoreAudio) HALS_DefaultDeviceManager.cpp:497           Can Be System:       no
2026-09-28 20:48:42.703 Df coreaudiod[2872:176ac69] (CoreAudio) HALS_DefaultDeviceManager.cpp:498           Allows Auto-Route:   yes
2026-09-28 20:48:42.703 Df coreaudiod[2872:176ac69] (CoreAudio) HALS_DefaultDeviceManager.cpp:1730   HALS_DefaultDeviceManager::PickDefaultDevice:          'dIn ' | picking 126: 'BuiltInMicrophoneDevice'/'imic'
2026-09-28 20:48:42.704 Df coreaudiod[2872:176ac69] (CoreAudio) HALS_DefaultDeviceManager.cpp:1692   HALS_DefaultDeviceManager::FindPreferredDefaultDevice: 'dOut' | found preferred[0] 139: 'LSOutput_UID'/''
2026-09-28 20:48:42.704 Df coreaudiod[2872:176ac69] (CoreAudio) HALS_DefaultDeviceManager.cpp:1692   HALS_DefaultDeviceManager::FindPreferredDefaultDevice: 'sOut' | found preferred[0] 117: 'BuiltInSpeakerDevice'/'ispk'
2026-09-28 20:48:42.705 Df coreaudiod[2872:176ac69] (CoreAudio) HALS_DefaultDeviceManager.cpp:1692   HALS_DefaultDeviceManager::FindPreferredDefaultDevice: 'shrd' | found preferred[0] 139: 'LSOutput_UID'/''
2026-09-28 20:48:42.722 Df coreaudiod[2872:176aab9] (CoreAudio)   HALC_ProxyIOContext.cpp:1146   HALC_ProxyIOContext::PauseIO: -> 0 1 1, id:359 called from <private>
2026-09-28 20:48:42.722 Df coreaudiod[2872:176aab9] (CoreAudio)   HALC_ProxyIOContext.cpp:1159   HALC_ProxyIOContext::PauseIO: <- 0 2 2, id:359 called from <private>
2026-09-28 20:48:42.722 Df coreaudiod[2872:176ac62] (CoreAudio)   HALC_ProxyIOContext.cpp:3542   HALC_IOContext_PauseIO(359)
2026-09-28 20:48:42.724 Df coreaudiod[2872:1769feb] (CoreAudio)   HALC_ProxyIOContext.cpp:3576   HALC_IOContext_ResumeIO(359)
2026-09-28 20:48:42.724 Df coreaudiod[2872:176aab9] (CoreAudio)   HALC_ProxyIOContext.cpp:1193   HALC_ProxyIOContext::ResumeIO: -> 0 2 2 id:359 called from <private>
2026-09-28 20:48:42.724 Df coreaudiod[2872:176aab9] (CoreAudio)   HALC_ProxyIOContext.cpp:1210   HALC_ProxyIOContext::ResumeIO: <- 0 1 1 id:359 called from <private>
2026-09-28 20:48:42.727 Df LosslessSwitcher[2783:176a62e] (CoreAudio)   HALC_ProxyIOContext.cpp:1146   HALC_ProxyIOContext::PauseIO: -> 0 2 2, id:610 called from <private>
2026-09-28 20:48:42.727 Df LosslessSwitcher[2783:176a62e] (CoreAudio)   HALC_ProxyIOContext.cpp:1159   HALC_ProxyIOContext::PauseIO: <- 0 3 3, id:610 called from <private>
2026-09-28 20:48:42.727 Df LosslessSwitcher[2783:176a697] (CoreAudio)   HALC_ProxyIOContext.cpp:3542   HALC_IOContext_PauseIO(610)
2026-09-28 20:48:42.728 Df LosslessSwitcher[2783:176a697] (CoreAudio)   HALC_ProxyIOContext.cpp:3576   HALC_IOContext_ResumeIO(610)
2026-09-28 20:48:42.728 Df LosslessSwitcher[2783:176a62e] (CoreAudio)   HALC_ProxyIOContext.cpp:1193   HALC_ProxyIOContext::ResumeIO: -> 0 3 3 id:610 called from <private>
2026-09-28 20:48:42.728 Df LosslessSwitcher[2783:176a62e] (CoreAudio)   HALC_ProxyIOContext.cpp:1210   HALC_ProxyIOContext::ResumeIO: <- 0 2 2 id:610 called from <private>
2026-09-28 20:48:42.728 Df LosslessSwitcher[2783:176a62e] (CoreAudio)   HALC_ProxyIOContext.cpp:1146   HALC_ProxyIOContext::PauseIO: -> 0 2 2, id:610 called from <private>
2026-09-28 20:48:42.728 Df LosslessSwitcher[2783:176a62e] (CoreAudio)   HALC_ProxyIOContext.cpp:1159   HALC_ProxyIOContext::PauseIO: <- 0 3 3, id:610 called from <private>
2026-09-28 20:48:42.728 Df LosslessSwitcher[2783:176a62e] (CoreAudio)   HALC_ProxyIOContext.cpp:1193   HALC_ProxyIOContext::ResumeIO: -> 0 3 3 id:610 called from <private>
2026-09-28 20:48:42.728 Df LosslessSwitcher[2783:176a62e] (CoreAudio)   HALC_ProxyIOContext.cpp:1210   HALC_ProxyIOContext::ResumeIO: <- 0 2 2 id:610 called from <private>
2026-09-28 20:48:42.728 Df LosslessSwitcher[2783:176a62e] (CoreAudio)   HALC_ProxyIOContext.cpp:3542   HALC_IOContext_PauseIO(610)
2026-09-28 20:48:42.728 Df LosslessSwitcher[2783:176a62e] (CoreAudio)   HALC_ProxyIOContext.cpp:1146   HALC_ProxyIOContext::PauseIO: -> 0 2 2, id:610 called from <private>
2026-09-28 20:48:42.728 Df LosslessSwitcher[2783:176a62e] (CoreAudio)   HALC_ProxyIOContext.cpp:1159   HALC_ProxyIOContext::PauseIO: <- 0 3 3, id:610 called from <private>
2026-09-28 20:48:42.730 Df LosslessSwitcher[2783:176a697] (CoreAudio)   HALC_ProxyIOContext.cpp:3576   HALC_IOContext_ResumeIO(610)
2026-09-28 20:48:42.730 Df LosslessSwitcher[2783:176a696] (CoreAudio)   HALC_ProxyIOContext.cpp:1193   HALC_ProxyIOContext::ResumeIO: -> 0 3 3 id:610 called from <private>
2026-09-28 20:48:42.730 Df LosslessSwitcher[2783:176a696] (CoreAudio)   HALC_ProxyIOContext.cpp:1210   HALC_ProxyIOContext::ResumeIO: <- 0 2 2 id:610 called from <private>
2026-09-28 20:48:42.730 Df LosslessSwitcher[2783:176a697] (CoreAudio)   HALC_ProxyIOContext.cpp:1193   HALC_ProxyIOContext::ResumeIO: -> 0 2 2 id:610 called from <private>
2026-09-28 20:48:42.730 Df LosslessSwitcher[2783:176a697] (CoreAudio)   HALC_ProxyIOContext.cpp:1210   HALC_ProxyIOContext::ResumeIO: <- 0 1 1 id:610 called from <private>
2026-09-28 20:48:42.738 Df coreaudiod[2872:176aab9] (CoreAudio)   HALC_ProxyIOContext.cpp:1146   HALC_ProxyIOContext::PauseIO: -> 0 1 1, id:359 called from <private>
2026-09-28 20:48:42.738 Df coreaudiod[2872:176aab9] (CoreAudio)   HALC_ProxyIOContext.cpp:1159   HALC_ProxyIOContext::PauseIO: <- 0 2 2, id:359 called from <private>
2026-09-28 20:48:42.738 Df coreaudiod[2872:176a36e] (CoreAudio)   HALC_ProxyIOContext.cpp:3542   HALC_IOContext_PauseIO(359)
2026-09-28 20:48:42.740 Df coreaudiod[2872:176a36e] (CoreAudio)   HALC_ProxyIOContext.cpp:3576   HALC_IOContext_ResumeIO(359)
2026-09-28 20:48:42.740 Df coreaudiod[2872:176aab9] (CoreAudio)   HALC_ProxyIOContext.cpp:1193   HALC_ProxyIOContext::ResumeIO: -> 0 2 2 id:359 called from <private>
2026-09-28 20:48:42.740 Df coreaudiod[2872:176aab9] (CoreAudio)   HALC_ProxyIOContext.cpp:1210   HALC_ProxyIOContext::ResumeIO: <- 0 1 1 id:359 called from <private>
2026-09-28 20:48:42.759 Df LosslessSwitcher[2783:176a696] (CoreAudio)   HALC_ProxyIOContext.cpp:1146   HALC_ProxyIOContext::PauseIO: -> 0 1 1, id:610 called from <private>
2026-09-28 20:48:42.759 Df LosslessSwitcher[2783:176a696] (CoreAudio)   HALC_ProxyIOContext.cpp:1159   HALC_ProxyIOContext::PauseIO: <- 0 2 2, id:610 called from <private>
2026-09-28 20:48:42.759 Df LosslessSwitcher[2783:176a697] (CoreAudio)   HALC_ProxyIOContext.cpp:3542   HALC_IOContext_PauseIO(610)
2026-09-28 20:48:42.759 Df LosslessSwitcher[2783:176a697] (CoreAudio)   HALC_ProxyIOContext.cpp:1146   HALC_ProxyIOContext::PauseIO: -> 0 2 2, id:610 called from <private>
2026-09-28 20:48:42.759 Df LosslessSwitcher[2783:176a697] (CoreAudio)   HALC_ProxyIOContext.cpp:1159   HALC_ProxyIOContext::PauseIO: <- 0 3 3, id:610 called from <private>
2026-09-28 20:48:42.762 Df LosslessSwitcher[2783:176a697] (CoreAudio)   HALC_ProxyIOContext.cpp:3576   HALC_IOContext_ResumeIO(610)
2026-09-28 20:48:42.762 Df LosslessSwitcher[2783:176a697] (CoreAudio)   HALC_ProxyIOContext.cpp:1193   HALC_ProxyIOContext::ResumeIO: -> 0 3 3 id:610 called from <private>
2026-09-28 20:48:42.762 Df LosslessSwitcher[2783:176a697] (CoreAudio)   HALC_ProxyIOContext.cpp:1210   HALC_ProxyIOContext::ResumeIO: <- 0 2 2 id:610 called from <private>
2026-09-28 20:48:42.762 Df LosslessSwitcher[2783:176a696] (CoreAudio)   HALC_ProxyIOContext.cpp:1193   HALC_ProxyIOContext::ResumeIO: -> 0 2 2 id:610 called from <private>
2026-09-28 20:48:42.762 Df LosslessSwitcher[2783:176a696] (CoreAudio)   HALC_ProxyIOContext.cpp:1210   HALC_ProxyIOContext::ResumeIO: <- 0 1 1 id:610 called from <private>
2026-09-28 20:48:42.773 Df coreaudiod[2872:176aa87] (CoreAudio)   HALC_ProxyIOContext.cpp:1146   HALC_ProxyIOContext::PauseIO: -> 0 1 1, id:359 called from <private>
2026-09-28 20:48:42.773 Df coreaudiod[2872:176aa87] (CoreAudio)   HALC_ProxyIOContext.cpp:1159   HALC_ProxyIOContext::PauseIO: <- 0 2 2, id:359 called from <private>
2026-09-28 20:48:42.773 Df coreaudiod[2872:176a36f] (CoreAudio)   HALC_ProxyIOContext.cpp:3542   HALC_IOContext_PauseIO(359)
2026-09-28 20:48:42.775 Df coreaudiod[2872:176ac69] (CoreAudio)   HALC_ProxyIOContext.cpp:3576   HALC_IOContext_ResumeIO(359)
2026-09-28 20:48:42.775 Df coreaudiod[2872:176aa87] (CoreAudio)   HALC_ProxyIOContext.cpp:1193   HALC_ProxyIOContext::ResumeIO: -> 0 2 2 id:359 called from <private>
2026-09-28 20:48:42.775 Df coreaudiod[2872:176aa87] (CoreAudio)   HALC_ProxyIOContext.cpp:1210   HALC_ProxyIOContext::ResumeIO: <- 0 1 1 id:359 called from <private>
2026-09-28 20:48:42.775 Df coreaudiod[2872:176aab9] (CoreAudio)   HALC_ProxyIOContext.cpp:1193   HALC_ProxyIOContext::ResumeIO: -> 0 1 1 id:359 called from <private>
2026-09-28 20:48:42.775 Df coreaudiod[2872:176aab9] (CoreAudio)   HALC_ProxyIOContext.cpp:1210   HALC_ProxyIOContext::ResumeIO: <- 0 0 0 id:359 called from <private>
2026-09-28 20:48:42.775 Df coreaudiod[2872:176aab9] (CoreAudio)   HALC_ProxyIOContext.cpp:1146   HALC_ProxyIOContext::PauseIO: -> 0 0 0, id:359 called from <private>
2026-09-28 20:48:42.775 Df coreaudiod[2872:176aab9] (CoreAudio)   HALC_ProxyIOContext.cpp:1159   HALC_ProxyIOContext::PauseIO: <- 0 1 1, id:359 called from <private>
2026-09-28 20:48:42.775 Df coreaudiod[2872:176aab9] (CoreAudio)   HALC_ProxyIOContext.cpp:1193   HALC_ProxyIOContext::ResumeIO: -> 0 1 1 id:359 called from <private>
2026-09-28 20:48:42.775 Df coreaudiod[2872:176aab9] (CoreAudio)   HALC_ProxyIOContext.cpp:1210   HALC_ProxyIOContext::ResumeIO: <- 0 0 0 id:359 called from <private>
2026-09-28 20:48:42.775 Df coreaudiod[2872:176aab9] (CoreAudio)   HALC_ProxyIOContext.cpp:1146   HALC_ProxyIOContext::PauseIO: -> 0 0 0, id:359 called from <private>
2026-09-28 20:48:42.775 Df coreaudiod[2872:176aab9] (CoreAudio)   HALC_ProxyIOContext.cpp:1159   HALC_ProxyIOContext::PauseIO: <- 0 1 1, id:359 called from <private>
2026-09-28 20:48:42.775 Df coreaudiod[2872:176aab9] (CoreAudio)   HALC_ProxyIOContext.cpp:1193   HALC_ProxyIOContext::ResumeIO: -> 0 1 1 id:359 called from <private>
2026-09-28 20:48:42.775 Df coreaudiod[2872:176aab9] (CoreAudio)   HALC_ProxyIOContext.cpp:1210   HALC_ProxyIOContext::ResumeIO: <- 0 0 0 id:359 called from <private>
2026-09-28 20:48:42.775 Df coreaudiod[2872:176aab9] (CoreAudio)   HALC_ProxyIOContext.cpp:1146   HALC_ProxyIOContext::PauseIO: -> 0 0 0, id:359 called from <private>
2026-09-28 20:48:42.775 Df coreaudiod[2872:176aab9] (CoreAudio)   HALC_ProxyIOContext.cpp:1159   HALC_ProxyIOContext::PauseIO: <- 0 1 1, id:359 called from <private>
2026-09-28 20:48:42.775 Df coreaudiod[2872:176aab9] (CoreAudio)   HALC_ProxyIOContext.cpp:1193   HALC_ProxyIOContext::ResumeIO: -> 0 1 1 id:359 called from <private>
2026-09-28 20:48:42.775 Df coreaudiod[2872:176aab9] (CoreAudio)   HALC_ProxyIOContext.cpp:1210   HALC_ProxyIOContext::ResumeIO: <- 0 0 0 id:359 called from <private>
2026-09-28 20:48:42.775 Df coreaudiod[2872:176aab9] (CoreAudio)   HALC_ProxyIOContext.cpp:1146   HALC_ProxyIOContext::PauseIO: -> 0 0 0, id:359 called from <private>
2026-09-28 20:48:42.775 Df coreaudiod[2872:176aab9] (CoreAudio)   HALC_ProxyIOContext.cpp:1159   HALC_ProxyIOContext::PauseIO: <- 0 1 1, id:359 called from <private>
2026-09-28 20:48:42.775 Df coreaudiod[2872:176aab9] (CoreAudio)   HALC_ProxyIOContext.cpp:1193   HALC_ProxyIOContext::ResumeIO: -> 0 1 1 id:359 called from <private>
2026-09-28 20:48:42.775 Df coreaudiod[2872:176aab9] (CoreAudio)   HALC_ProxyIOContext.cpp:1210   HALC_ProxyIOContext::ResumeIO: <- 0 0 0 id:359 called from <private>
2026-09-28 20:48:42.780 Df LosslessSwitcher[2783:176a696] (CoreAudio)   HALC_ProxyIOContext.cpp:1146   HALC_ProxyIOContext::PauseIO: -> 0 1 1, id:610 called from <private>
2026-09-28 20:48:42.780 Df LosslessSwitcher[2783:176a696] (CoreAudio)   HALC_ProxyIOContext.cpp:1159   HALC_ProxyIOContext::PauseIO: <- 0 2 2, id:610 called from <private>
2026-09-28 20:48:42.780 Df LosslessSwitcher[2783:176a697] (CoreAudio)   HALC_ProxyIOContext.cpp:3542   HALC_IOContext_PauseIO(610)
2026-09-28 20:48:42.780 Df LosslessSwitcher[2783:176a697] (CoreAudio)   HALC_ProxyIOContext.cpp:1146   HALC_ProxyIOContext::PauseIO: -> 0 2 2, id:610 called from <private>
2026-09-28 20:48:42.780 Df LosslessSwitcher[2783:176a697] (CoreAudio)   HALC_ProxyIOContext.cpp:1159   HALC_ProxyIOContext::PauseIO: <- 0 3 3, id:610 called from <private>
2026-09-28 20:48:42.781 Df LosslessSwitcher[2783:176a697] (CoreAudio)   HALC_ProxyIOContext.cpp:3576   HALC_IOContext_ResumeIO(610)
2026-09-28 20:48:42.781 Df coreaudiod[2872:176a36e] [com.apple.coreaudio:AMCP]                 HALB_Logging.cpp:72    LogVolumeChangeForClientSide from AudioObjectSetPropertyData: device id 128, property address ['volm', 'outp', 0], device UID AppleUSBAudioEngine:AudioQuest:AudioQuest DragonFly Black v1.5:AQDFBL0120002531:1, volume: 0.562500
2026-09-28 20:48:42.782 Df LosslessSwitcher[2783:176a696] (CoreAudio)   HALC_ProxyIOContext.cpp:1193   HALC_ProxyIOContext::ResumeIO: -> 0 3 3 id:610 called from <private>
2026-09-28 20:48:42.782 Df LosslessSwitcher[2783:176a696] (CoreAudio)   HALC_ProxyIOContext.cpp:1210   HALC_ProxyIOContext::ResumeIO: <- 0 2 2 id:610 called from <private>
2026-09-28 20:48:42.782 Df LosslessSwitcher[2783:176a62e] (CoreAudio)   HALC_ProxyIOContext.cpp:1193   HALC_ProxyIOContext::ResumeIO: -> 0 2 2 id:610 called from <private>
2026-09-28 20:48:42.782 Df LosslessSwitcher[2783:176a62e] (CoreAudio)   HALC_ProxyIOContext.cpp:1210   HALC_ProxyIOContext::ResumeIO: <- 0 1 1 id:610 called from <private>
2026-09-28 20:48:42.785 Df coreaudiod[2872:176a36e] (CoreAudio) HALS_DefaultDeviceManager.cpp:1069   HALS_DefaultDeviceManager::SetDefaultDevice:           'dOut' |  155: 'AppleUSBAudioEngine:AudioQuest:AudioQuest DragonFly Black v1.5:AQDFBL0120002531:1'/''
2026-09-28 20:48:42.787 Df coreaudiod[2872:176ac63] [com.apple.coreaudio:AMCP]                 HALB_Logging.cpp:101   LogVolumeChangeForServerSideControl from HALS_PlugInControl::SetPropertyData: control id 836, property address ['lcsv', 'glob', 0], owning device UID AppleUSBAudioEngine:AudioQuest:AudioQuest DragonFly Black v1.5:AQDFBL0120002531:1, control type external driver, control scope 'outp', control element 0, volume: 0.562500
2026-09-28 20:48:42.789 Df coreaudiod[2872:176a36e] (CoreAudio) HALS_DefaultDeviceManager.cpp:1692   HALS_DefaultDeviceManager::FindPreferredDefaultDevice: 'dOut' | found preferred[0] 155: 'AppleUSBAudioEngine:AudioQuest:AudioQuest DragonFly Black v1.5:AQDFBL0120002531:1'/''
2026-09-28 20:48:42.792 Df coreaudiod[2872:176a36e] (CoreAudio) HALS_DefaultDeviceManager.cpp:1692   HALS_DefaultDeviceManager::FindPreferredDefaultDevice: 'shrd' | found preferred[0] 155: 'AppleUSBAudioEngine:AudioQuest:AudioQuest DragonFly Black v1.5:AQDFBL0120002531:1'/''
2026-09-28 20:48:42.792 Df LosslessSwitcher[2783:176a134] (CoreAudio)      HALDefaultDevice.cpp:525    HALDefaultDeviceProperty::SetData:kAudioHardwarePropertyDefaultOutputDevice  to AppleUSBAudioEngine:AudioQuest:AudioQuest DragonFly Black v1.5:AQDFBL0120002531:1 (Object: 274)
2026-09-28 20:48:42.792 A  coreaudiod[2872:176ac63] (TCC) TCCAccessRequest() IPC
2026-09-28 20:48:42.792 Df coreaudiod[2872:176ac63] [com.apple.xpc:connection] [0x7aaf3d9040] activating connection: mach=true listener=false peer=false name=com.apple.tccd.system
2026-09-28 20:48:42.798 Df coreaudiod[2872:176a36e] (CoreAudio)         HALS_UCPlugIn.cpp:1177   HALS_UCPlugIn::ObjectGetPropertyData: failed:  [<private>/<private>/0], Error: 2003329396 (<private>)
2026-09-28 20:48:42.802 Df coreaudiod[2872:1769feb] (CoreAudio)         HALS_UCPlugIn.cpp:1177   HALS_UCPlugIn::ObjectGetPropertyData: failed:  [<private>/<private>/0], Error: 2003329396 (<private>)
2026-09-28 20:48:42.803 Df coreaudiod[2872:176ac74] [com.apple.coreaudio:AMCP]                  HALS_Device.cpp:5561  [ahal_dsp] Per client DSP has been initialized (Device ID: 837).
2026-09-28 20:48:42.803 Df coreaudiod[2872:1769feb] (CoreAudio)         HALS_UCPlugIn.cpp:1177   HALS_UCPlugIn::ObjectGetPropertyData: failed:  [<private>/<private>/0], Error: 2003329396 (<private>)
2026-09-28 20:48:42.804 Df coreaudiod[2872:1769feb] (CoreAudio)         HALS_UCPlugIn.cpp:1177   HALS_UCPlugIn::ObjectGetPropertyData: failed:  [<private>/<private>/0], Error: 2003329396 (<private>)
2026-09-28 20:48:42.805 Df coreaudiod[2872:1769feb] (CoreAudio)         HALS_UCPlugIn.cpp:1177   HALS_UCPlugIn::ObjectGetPropertyData: failed:  [<private>/<private>/0], Error: 2003329396 (<private>)
2026-09-28 20:48:42.805 Df coreaudiod[2872:176ac74] (CoreAudio)           HALS_Device.cpp:210    HALS_Device::Activate: activating device 837: CADefaultDeviceAggregate-1905-3 Transport Type: <private> Clock Domain: 0
2026-09-28 20:48:42.807 Df coreaudiod[2872:1769feb] (CoreAudio)         HALS_UCPlugIn.cpp:1177   HALS_UCPlugIn::ObjectGetPropertyData: failed:  [<private>/<private>/0], Error: 2003329396 (<private>)
2026-09-28 20:48:42.809 Df coreaudiod[2872:176aa86] [com.apple.Accessibility:AXHearingHalPlugin] IsHidden: 1
2026-09-28 20:48:42.811 Df coreaudiod[2872:176aa86] [com.apple.Accessibility:AXHearingHalPlugin] IsHidden: 1
2026-09-28 20:48:42.812 Df LosslessSwitcher[2783:176a696] [com.apple.xpc:connection] [0x7cdb4a2e40] activating connection: mach=true listener=false peer=false name=com.apple.security.syspolicy.exec
2026-09-28 20:48:42.815 Df LosslessSwitcher[2783:176a696] [com.apple.xpc:connection] [0x7cdb4a2e40] invalidated because the current process cancelled the connection by calling xpc_connection_cancel()
2026-09-28 20:48:42.817 Df coreaudiod[2872:176ac75] (CoreAudio)         HALS_UCPlugIn.cpp:1177   HALS_UCPlugIn::ObjectGetPropertyData: failed:  [<private>/<private>/0], Error: 2003329396 (<private>)
2026-09-28 20:48:42.817 Df coreaudiod[2872:176ac75] (CoreAudio)         HALS_UCPlugIn.cpp:1177   HALS_UCPlugIn::ObjectGetPropertyData: failed:  [<private>/<private>/0], Error: 2003329396 (<private>)
2026-09-28 20:48:42.817 Df coreaudiod[2872:176ac75] (CoreAudio)         HALS_UCPlugIn.cpp:1177   HALS_UCPlugIn::ObjectGetPropertyData: failed:  [<private>/<private>/0], Error: 2003329396 (<private>)
2026-09-28 20:48:42.817 Df coreaudiod[2872:176ac75] [com.apple.coreaudio:AMCP]                 HALB_Logging.cpp:101   LogVolumeChangeForServerSideControl from HALS_PlugInControl::SetPropertyData: control id 835, property address ['bcvl', 'glob', 0], owning device UID AppleUSBAudioEngine:AudioQuest:AudioQuest DragonFly Black v1.5:AQDFBL0120002531:1, control type external driver, control scope 'outp', control element 0, mute: 0.000000
2026-09-28 20:48:42.817 Df coreaudiod[2872:176ac75] [com.apple.coreaudio:AMCP]                 HALB_Logging.cpp:72    LogVolumeChangeForClientSide from AudioObjectSetPropertyData: device id 128, property address ['volm', 'outp', 0], device UID AppleUSBAudioEngine:AudioQuest:AudioQuest DragonFly Black v1.5:AQDFBL0120002531:1, volume: 0.562500
2026-09-28 20:48:42.817 Df coreaudiod[2872:176ac75] [com.apple.coreaudio:AMCP]                 HALB_Logging.cpp:101   LogVolumeChangeForServerSideControl from HALS_PlugInControl::SetPropertyData: control id 836, property address ['lcsv', 'glob', 0], owning device UID AppleUSBAudioEngine:AudioQuest:AudioQuest DragonFly Black v1.5:AQDFBL0120002531:1, control type external driver, control scope 'outp', control element 0, volume: 0.562500
2026-09-28 20:48:42.818 Df coreaudiod[2872:176ac75] (CoreAudio)         HALS_UCPlugIn.cpp:1177   HALS_UCPlugIn::ObjectGetPropertyData: failed:  [<private>/<private>/0], Error: 2003329396 (<private>)
2026-09-28 20:48:42.818 Df coreaudiod[2872:176ac75] (CoreAudio)         HALS_UCPlugIn.cpp:1177   HALS_UCPlugIn::ObjectGetPropertyData: failed:  [<private>/<private>/0], Error: 2003329396 (<private>)
2026-09-28 20:48:42.818 Df coreaudiod[2872:176ac75] (CoreAudio)         HALS_UCPlugIn.cpp:1177   HALS_UCPlugIn::ObjectGetPropertyData: failed:  [<private>/<private>/0], Error: 2003329396 (<private>)
2026-09-28 20:48:42.819 Df coreaudiod[2872:176aa86] (CoreAudio) HALS_DefaultDeviceManager.cpp:410    Heap has 4 items
2026-09-28 20:48:42.819 Df coreaudiod[2872:176aa86] (CoreAudio) HALS_DefaultDeviceManager.cpp:488      126: 'BuiltInMicrophoneDevice'
2026-09-28 20:48:42.819 Df coreaudiod[2872:176aa86] (CoreAudio) HALS_DefaultDeviceManager.cpp:489           Arrival Time:       (0, 0)
2026-09-28 20:48:42.819 Df coreaudiod[2872:176aa86] (CoreAudio) HALS_DefaultDeviceManager.cpp:490           Transport:          'bltn'
2026-09-28 20:48:42.819 Df coreaudiod[2872:176aa86] (CoreAudio) HALS_DefaultDeviceManager.cpp:491           Input Data Source:  'imic'
2026-09-28 20:48:42.819 Df coreaudiod[2872:176aa86] (CoreAudio) HALS_DefaultDeviceManager.cpp:492           Output Data Source: ''
2026-09-28 20:48:42.819 Df coreaudiod[2872:176aa86] (CoreAudio) HALS_DefaultDeviceManager.cpp:493           Input Kind:          Mic
2026-09-28 20:48:42.819 Df coreaudiod[2872:176aa86] (CoreAudio) HALS_DefaultDeviceManager.cpp:494           Output Kind:         None
2026-09-28 20:48:42.819 Df coreaudiod[2872:176aa86] (CoreAudio) HALS_DefaultDeviceManager.cpp:495           Can Be Input:        yes
2026-09-28 20:48:42.819 Df coreaudiod[2872:176aa86] (CoreAudio) HALS_DefaultDeviceManager.cpp:496           Can Be Output:       no
2026-09-28 20:48:42.819 Df coreaudiod[2872:176aa86] (CoreAudio) HALS_DefaultDeviceManager.cpp:497           Can Be System:       no
2026-09-28 20:48:42.819 Df coreaudiod[2872:176aa86] (CoreAudio) HALS_DefaultDeviceManager.cpp:498           Allows Auto-Route:   yes
2026-09-28 20:48:42.819 Df coreaudiod[2872:176aa86] (CoreAudio) HALS_DefaultDeviceManager.cpp:488      551: 'com.rogueamoeba.Loopback:B84C2883-09E2-4BFA-979B-9935F80B4D6D'
2026-09-28 20:48:42.819 Df coreaudiod[2872:176aa86] (CoreAudio) HALS_DefaultDeviceManager.cpp:489           Arrival Time:       (497, 26001960000000)
2026-09-28 20:48:42.819 Df coreaudiod[2872:176aa86] (CoreAudio) HALS_DefaultDeviceManager.cpp:490           Transport:          'virt'
2026-09-28 20:48:42.819 Df coreaudiod[2872:176aa86] (CoreAudio) HALS_DefaultDeviceManager.cpp:491           Input Data Source:  ''
2026-09-28 20:48:42.819 Df coreaudiod[2872:176aa86] (CoreAudio) HALS_DefaultDeviceManager.cpp:492           Output Data Source: ''
2026-09-28 20:48:42.819 Df coreaudiod[2872:176aa86] (CoreAudio) HALS_DefaultDeviceManager.cpp:493           Input Kind:          Don't
2026-09-28 20:48:42.819 Df coreaudiod[2872:176aa86] (CoreAudio) HALS_DefaultDeviceManager.cpp:494           Output Kind:         Don't
2026-09-28 20:48:42.819 Df coreaudiod[2872:176aa86] (CoreAudio) HALS_DefaultDeviceManager.cpp:495           Can Be Input:        yes
2026-09-28 20:48:42.819 Df coreaudiod[2872:176aa86] (CoreAudio) HALS_DefaultDeviceManager.cpp:496           Can Be Output:       yes
2026-09-28 20:48:42.819 Df coreaudiod[2872:176aa86] (CoreAudio) HALS_DefaultDeviceManager.cpp:497           Can Be System:       yes
2026-09-28 20:48:42.819 Df coreaudiod[2872:176aa86] (CoreAudio) HALS_DefaultDeviceManager.cpp:498           Allows Auto-Route:   yes
2026-09-28 20:48:42.819 Df coreaudiod[2872:176aa86] (CoreAudio) HALS_DefaultDeviceManager.cpp:488      70: '597A1DFA-1BE3-47EF-8565-BAD100000003'
2026-09-28 20:48:42.819 Df coreaudiod[2872:176aa86] (CoreAudio) HALS_DefaultDeviceManager.cpp:489           Arrival Time:       (496, 26001120000000)
2026-09-28 20:48:42.819 Df coreaudiod[2872:176aa86] (CoreAudio) HALS_DefaultDeviceManager.cpp:490           Transport:          'ccwd'
2026-09-28 20:48:42.819 Df coreaudiod[2872:176aa86] (CoreAudio) HALS_DefaultDeviceManager.cpp:491           Input Data Source:  ''
2026-09-28 20:48:42.819 Df coreaudiod[2872:176aa86] (CoreAudio) HALS_DefaultDeviceManager.cpp:492           Output Data Source: ''
2026-09-28 20:48:42.819 Df coreaudiod[2872:176aa86] (CoreAudio) HALS_DefaultDeviceManager.cpp:493           Input Kind:          Don't
2026-09-28 20:48:42.819 Df coreaudiod[2872:176aa86] (CoreAudio) HALS_DefaultDeviceManager.cpp:494           Output Kind:         Don't
2026-09-28 20:48:42.819 Df coreaudiod[2872:176aa86] (CoreAudio) HALS_DefaultDeviceManager.cpp:495           Can Be Input:        yes
2026-09-28 20:48:42.819 Df coreaudiod[2872:176aa86] (CoreAudio) HALS_DefaultDeviceManager.cpp:496           Can Be Output:       no
2026-09-28 20:48:42.819 Df coreaudiod[2872:176aa86] (CoreAudio) HALS_DefaultDeviceManager.cpp:497           Can Be System:       no
2026-09-28 20:48:42.819 Df coreaudiod[2872:176aa86] (CoreAudio) HALS_DefaultDeviceManager.cpp:498           Allows Auto-Route:   no
2026-09-28 20:48:42.819 Df coreaudiod[2872:176aa86] (CoreAudio) HALS_DefaultDeviceManager.cpp:488      36: 'AOP Audio-1'
2026-09-28 20:48:42.819 Df coreaudiod[2872:176aa86] (CoreAudio) HALS_DefaultDeviceManager.cpp:489           Arrival Time:       (323, 0)
2026-09-28 20:48:42.819 Df coreaudiod[2872:176aa86] (CoreAudio) HALS_DefaultDeviceManager.cpp:490           Transport:          'virt'
2026-09-28 20:48:42.819 Df coreaudiod[2872:176aa86] (CoreAudio) HALS_DefaultDeviceManager.cpp:491           Input Data Source:  ''
2026-09-28 20:48:42.819 Df coreaudiod[2872:176aa86] (CoreAudio) HALS_DefaultDeviceManager.cpp:492           Output Data Source: ''
2026-09-28 20:48:42.819 Df coreaudiod[2872:176aa86] (CoreAudio) HALS_DefaultDeviceManager.cpp:493           Input Kind:          Don't
2026-09-28 20:48:42.819 Df coreaudiod[2872:176aa86] (CoreAudio) HALS_DefaultDeviceManager.cpp:494           Output Kind:         None
2026-09-28 20:48:42.819 Df coreaudiod[2872:176aa86] (CoreAudio) HALS_DefaultDeviceManager.cpp:495           Can Be Input:        yes
2026-09-28 20:48:42.819 Df coreaudiod[2872:176aa86] (CoreAudio) HALS_DefaultDeviceManager.cpp:496           Can Be Output:       no
2026-09-28 20:48:42.819 Df coreaudiod[2872:176aa86] (CoreAudio) HALS_DefaultDeviceManager.cpp:497           Can Be System:       no
2026-09-28 20:48:42.819 Df coreaudiod[2872:176aa86] (CoreAudio) HALS_DefaultDeviceManager.cpp:498           Allows Auto-Route:   yes
2026-09-28 20:48:42.819 Df coreaudiod[2872:176aa86] (CoreAudio) HALS_DefaultDeviceManager.cpp:1730   HALS_DefaultDeviceManager::PickDefaultDevice:          'dIn ' | picking 126: 'BuiltInMicrophoneDevice'/'imic'
2026-09-28 20:48:42.820 Df coreaudiod[2872:176a36e] [com.apple.coreaudio:AMCP]                 HALB_Logging.cpp:72    LogVolumeChangeForClientSide from AudioObjectSetPropertyData: device id 128, property address ['mute', 'outp', 0], device UID AppleUSBAudioEngine:AudioQuest:AudioQuest DragonFly Black v1.5:AQDFBL0120002531:1, mute: 0.000000
2026-09-28 20:48:42.820 Df coreaudiod[2872:176aa86] (CoreAudio) HALS_DefaultDeviceManager.cpp:1692   HALS_DefaultDeviceManager::FindPreferredDefaultDevice: 'dOut' | found preferred[0] 155: 'AppleUSBAudioEngine:AudioQuest:AudioQuest DragonFly Black v1.5:AQDFBL0120002531:1'/''
2026-09-28 20:48:42.821 Df coreaudiod[2872:176aa86] (CoreAudio) HALS_DefaultDeviceManager.cpp:1692   HALS_DefaultDeviceManager::FindPreferredDefaultDevice: 'sOut' | found preferred[0] 117: 'BuiltInSpeakerDevice'/'ispk'
2026-09-28 20:48:42.822 Df coreaudiod[2872:176aa86] (CoreAudio) HALS_DefaultDeviceManager.cpp:1692   HALS_DefaultDeviceManager::FindPreferredDefaultDevice: 'shrd' | found preferred[0] 155: 'AppleUSBAudioEngine:AudioQuest:AudioQuest DragonFly Black v1.5:AQDFBL0120002531:1'/''
2026-09-28 20:48:42.825 Df coreaudiod[2872:176aa86] (CoreAudio)         HALS_UCPlugIn.cpp:1177   HALS_UCPlugIn::ObjectGetPropertyData: failed:  [<private>/<private>/0], Error: 2003329396 (<private>)
2026-09-28 20:48:42.825 Df coreaudiod[2872:176aa86] (CoreAudio)         HALS_UCPlugIn.cpp:1177   HALS_UCPlugIn::ObjectGetPropertyData: failed:  [<private>/<private>/0], Error: 2003329396 (<private>)
2026-09-28 20:48:42.826 Df coreaudiod[2872:176aa86] (CoreAudio)         HALS_UCPlugIn.cpp:1177   HALS_UCPlugIn::ObjectGetPropertyData: failed:  [<private>/<private>/0], Error: 2003329396 (<private>)
2026-09-28 20:48:42.826 Df coreaudiod[2872:176ac75] (CoreAudio)         HALS_UCPlugIn.cpp:1177   HALS_UCPlugIn::ObjectGetPropertyData: failed:  [<private>/<private>/0], Error: 2003329396 (<private>)
2026-09-28 20:48:42.826 Df coreaudiod[2872:176ac75] (CoreAudio)         HALS_UCPlugIn.cpp:1177   HALS_UCPlugIn::ObjectGetPropertyData: failed:  [<private>/<private>/0], Error: 2003329396 (<private>)
2026-09-28 20:48:42.826 Df coreaudiod[2872:176ac75] (CoreAudio)         HALS_UCPlugIn.cpp:1177   HALS_UCPlugIn::ObjectGetPropertyData: failed:  [<private>/<private>/0], Error: 2003329396 (<private>)
2026-09-28 20:48:42.830 I  LosslessSwitcher[2783:176a696] [com.apple.appleevents:send] AESendMessage(core,getd {core,getd target='psn '[Music]  returnID=23907}...
2026-09-28 20:48:42.831 I  LosslessSwitcher[2783:176a696] [com.apple.appleevents:receive] REPLY:(aevt,ansr) <private>
2026-09-28 20:48:42.831 Df coreaudiod[2872:176ac63] [com.apple.xpc:connection] [0x7aaf3d9040] invalidated after the last release of the connection object
2026-09-28 20:48:42.831 E  coreaudiod[2872:176ac63] (CoreAudio)        HALS_IOContext.cpp:1508   Client is not granted access to the input device.
2026-09-28 20:48:42.832 Df coreaudiod[2872:176aa86] [com.apple.coreaudio:AMCP]                 HALB_Logging.cpp:72    LogVolumeChangeForClientSide from AudioObjectSetPropertyData: device id 128, property address ['mute', 'outp', 0], device UID AppleUSBAudioEngine:AudioQuest:AudioQuest DragonFly Black v1.5:AQDFBL0120002531:1, mute: 0.000000
2026-09-28 20:48:42.834 Df coreaudiod[2872:176ac75] (CoreAudio)         HALS_UCPlugIn.cpp:1177   HALS_UCPlugIn::ObjectGetPropertyData: failed:  [<private>/<private>/0], Error: 2003329396 (<private>)
2026-09-28 20:48:42.835 Df coreaudiod[2872:176ac75] (CoreAudio)         HALS_UCPlugIn.cpp:1177   HALS_UCPlugIn::ObjectGetPropertyData: failed:  [<private>/<private>/0], Error: 2003329396 (<private>)
2026-09-28 20:48:42.835 Df coreaudiod[2872:176a36e] (CoreAudio)         HALS_UCPlugIn.cpp:1177   HALS_UCPlugIn::ObjectGetPropertyData: failed:  [<private>/<private>/0], Error: 2003329396 (<private>)
2026-09-28 20:48:42.835 Df coreaudiod[2872:176aa88] (CoreAudio)           HALS_Device.cpp:293    HALS_Device::_Deactivate: deactivating device 781: CADefaultDeviceAggregate-1905-2
2026-09-28 20:48:42.836 Df coreaudiod[2872:176aa86] (CoreAudio)         HALS_UCPlugIn.cpp:1177   HALS_UCPlugIn::ObjectGetPropertyData: failed:  [<private>/<private>/0], Error: 2003329396 (<private>)
2026-09-28 20:48:42.836 Df coreaudiod[2872:176ac63] (CoreAudio)         HALS_UCPlugIn.cpp:1177   HALS_UCPlugIn::ObjectGetPropertyData: failed:  [<private>/<private>/0], Error: 2003329396 (<private>)
2026-09-28 20:48:42.837 Df coreaudiod[2872:176ac74] (CoreAudio)         HALS_UCPlugIn.cpp:1177   HALS_UCPlugIn::ObjectGetPropertyData: failed:  [<private>/<private>/0], Error: 2003329396 (<private>)
2026-09-28 20:48:42.840 Df coreaudiod[2872:176ac74] [com.apple.coreaudio:AMCP]                 HALB_Logging.cpp:101   LogVolumeChangeForServerSideControl from HALS_PlugInControl::SetPropertyData: control id 835, property address ['bcvl', 'glob', 0], owning device UID AppleUSBAudioEngine:AudioQuest:AudioQuest DragonFly Black v1.5:AQDFBL0120002531:1, control type external driver, control scope 'outp', control element 0, mute: 0.000000
2026-09-28 20:48:42.841 Df coreaudiod[2872:176a36e] [com.apple.Accessibility:AXHearingHalPlugin] IsHidden: 1
2026-09-28 20:48:42.841 Df coreaudiod[2872:176a36e] [com.apple.Accessibility:AXHearingHalPlugin] IsHidden: 1
2026-09-28 20:48:42.848 Df coreaudiod[2872:1769feb] [com.apple.coreaudio:AMCP]                 HALB_Logging.cpp:72    LogVolumeChangeForClientSide from AudioObjectSetPropertyData: device id 128, property address ['volm', 'outp', 0], device UID AppleUSBAudioEngine:AudioQuest:AudioQuest DragonFly Black v1.5:AQDFBL0120002531:1, volume: 0.562500
2026-09-28 20:48:42.849 Df coreaudiod[2872:176ac74] [com.apple.coreaudio:AMCP]                 HALB_Logging.cpp:101   LogVolumeChangeForServerSideControl from HALS_PlugInControl::SetPropertyData: control id 836, property address ['lcsv', 'glob', 0], owning device UID AppleUSBAudioEngine:AudioQuest:AudioQuest DragonFly Black v1.5:AQDFBL0120002531:1, control type external driver, control scope 'outp', control element 0, volume: 0.562500
2026-09-28 20:48:42.849 Df coreaudiod[2872:176a36e] (CoreAudio) HALS_DefaultDeviceManager.cpp:410    Heap has 4 items
2026-09-28 20:48:42.849 Df coreaudiod[2872:176a36e] (CoreAudio) HALS_DefaultDeviceManager.cpp:488      126: 'BuiltInMicrophoneDevice'
2026-09-28 20:48:42.849 Df coreaudiod[2872:176a36e] (CoreAudio) HALS_DefaultDeviceManager.cpp:489           Arrival Time:       (0, 0)
2026-09-28 20:48:42.849 Df coreaudiod[2872:176a36e] (CoreAudio) HALS_DefaultDeviceManager.cpp:490           Transport:          'bltn'
2026-09-28 20:48:42.849 Df coreaudiod[2872:176a36e] (CoreAudio) HALS_DefaultDeviceManager.cpp:491           Input Data Source:  'imic'
2026-09-28 20:48:42.849 Df coreaudiod[2872:176a36e] (CoreAudio) HALS_DefaultDeviceManager.cpp:492           Output Data Source: ''
2026-09-28 20:48:42.849 Df coreaudiod[2872:176a36e] (CoreAudio) HALS_DefaultDeviceManager.cpp:493           Input Kind:          Mic
2026-09-28 20:48:42.849 Df coreaudiod[2872:176a36e] (CoreAudio) HALS_DefaultDeviceManager.cpp:494           Output Kind:         None
2026-09-28 20:48:42.849 Df coreaudiod[2872:176a36e] (CoreAudio) HALS_DefaultDeviceManager.cpp:495           Can Be Input:        yes
2026-09-28 20:48:42.849 Df coreaudiod[2872:176a36e] (CoreAudio) HALS_DefaultDeviceManager.cpp:496           Can Be Output:       no
2026-09-28 20:48:42.849 Df coreaudiod[2872:176a36e] (CoreAudio) HALS_DefaultDeviceManager.cpp:497           Can Be System:       no
2026-09-28 20:48:42.849 Df coreaudiod[2872:176a36e] (CoreAudio) HALS_DefaultDeviceManager.cpp:498           Allows Auto-Route:   yes
2026-09-28 20:48:42.849 Df coreaudiod[2872:176a36e] (CoreAudio) HALS_DefaultDeviceManager.cpp:488      551: 'com.rogueamoeba.Loopback:B84C2883-09E2-4BFA-979B-9935F80B4D6D'
2026-09-28 20:48:42.849 Df coreaudiod[2872:176a36e] (CoreAudio) HALS_DefaultDeviceManager.cpp:489           Arrival Time:       (497, 26001960000000)
2026-09-28 20:48:42.849 Df coreaudiod[2872:176a36e] (CoreAudio) HALS_DefaultDeviceManager.cpp:490           Transport:          'virt'
2026-09-28 20:48:42.849 Df coreaudiod[2872:176a36e] (CoreAudio) HALS_DefaultDeviceManager.cpp:491           Input Data Source:  ''
2026-09-28 20:48:42.849 Df coreaudiod[2872:176a36e] (CoreAudio) HALS_DefaultDeviceManager.cpp:492           Output Data Source: ''
2026-09-28 20:48:42.849 Df coreaudiod[2872:176a36e] (CoreAudio) HALS_DefaultDeviceManager.cpp:493           Input Kind:          Don't
2026-09-28 20:48:42.849 Df coreaudiod[2872:176a36e] (CoreAudio) HALS_DefaultDeviceManager.cpp:494           Output Kind:         Don't
2026-09-28 20:48:42.849 Df coreaudiod[2872:176a36e] (CoreAudio) HALS_DefaultDeviceManager.cpp:495           Can Be Input:        yes
2026-09-28 20:48:42.849 Df coreaudiod[2872:176a36e] (CoreAudio) HALS_DefaultDeviceManager.cpp:496           Can Be Output:       yes
2026-09-28 20:48:42.849 Df coreaudiod[2872:176a36e] (CoreAudio) HALS_DefaultDeviceManager.cpp:497           Can Be System:       yes
2026-09-28 20:48:42.849 Df coreaudiod[2872:176a36e] (CoreAudio) HALS_DefaultDeviceManager.cpp:498           Allows Auto-Route:   yes
2026-09-28 20:48:42.849 Df coreaudiod[2872:176a36e] (CoreAudio) HALS_DefaultDeviceManager.cpp:488      70: '597A1DFA-1BE3-47EF-8565-BAD100000003'
2026-09-28 20:48:42.849 Df coreaudiod[2872:176a36e] (CoreAudio) HALS_DefaultDeviceManager.cpp:489           Arrival Time:       (496, 26001120000000)
2026-09-28 20:48:42.849 Df coreaudiod[2872:176a36e] (CoreAudio) HALS_DefaultDeviceManager.cpp:490           Transport:          'ccwd'
2026-09-28 20:48:42.849 Df coreaudiod[2872:176a36e] (CoreAudio) HALS_DefaultDeviceManager.cpp:491           Input Data Source:  ''
2026-09-28 20:48:42.849 Df coreaudiod[2872:176a36e] (CoreAudio) HALS_DefaultDeviceManager.cpp:492           Output Data Source: ''
2026-09-28 20:48:42.849 Df coreaudiod[2872:176a36e] (CoreAudio) HALS_DefaultDeviceManager.cpp:493           Input Kind:          Don't
2026-09-28 20:48:42.849 Df coreaudiod[2872:176a36e] (CoreAudio) HALS_DefaultDeviceManager.cpp:494           Output Kind:         Don't
2026-09-28 20:48:42.849 Df coreaudiod[2872:176a36e] (CoreAudio) HALS_DefaultDeviceManager.cpp:495           Can Be Input:        yes
2026-09-28 20:48:42.849 Df coreaudiod[2872:176a36e] (CoreAudio) HALS_DefaultDeviceManager.cpp:496           Can Be Output:       no
2026-09-28 20:48:42.849 Df coreaudiod[2872:176a36e] (CoreAudio) HALS_DefaultDeviceManager.cpp:497           Can Be System:       no
2026-09-28 20:48:42.849 Df coreaudiod[2872:176a36e] (CoreAudio) HALS_DefaultDeviceManager.cpp:498           Allows Auto-Route:   no
2026-09-28 20:48:42.849 Df coreaudiod[2872:176a36e] (CoreAudio) HALS_DefaultDeviceManager.cpp:488      36: 'AOP Audio-1'
2026-09-28 20:48:42.849 Df coreaudiod[2872:176a36e] (CoreAudio) HALS_DefaultDeviceManager.cpp:489           Arrival Time:       (323, 0)
2026-09-28 20:48:42.849 Df coreaudiod[2872:176a36e] (CoreAudio) HALS_DefaultDeviceManager.cpp:490           Transport:          'virt'
2026-09-28 20:48:42.849 Df coreaudiod[2872:176a36e] (CoreAudio) HALS_DefaultDeviceManager.cpp:491           Input Data Source:  ''
2026-09-28 20:48:42.849 Df coreaudiod[2872:176a36e] (CoreAudio) HALS_DefaultDeviceManager.cpp:492           Output Data Source: ''
2026-09-28 20:48:42.849 Df coreaudiod[2872:176a36e] (CoreAudio) HALS_DefaultDeviceManager.cpp:493           Input Kind:          Don't
2026-09-28 20:48:42.849 Df coreaudiod[2872:176a36e] (CoreAudio) HALS_DefaultDeviceManager.cpp:494           Output Kind:         None
2026-09-28 20:48:42.849 Df coreaudiod[2872:176a36e] (CoreAudio) HALS_DefaultDeviceManager.cpp:495           Can Be Input:        yes
2026-09-28 20:48:42.849 Df coreaudiod[2872:176a36e] (CoreAudio) HALS_DefaultDeviceManager.cpp:496           Can Be Output:       no
2026-09-28 20:48:42.849 Df coreaudiod[2872:176a36e] (CoreAudio) HALS_DefaultDeviceManager.cpp:497           Can Be System:       no
2026-09-28 20:48:42.849 Df coreaudiod[2872:176a36e] (CoreAudio) HALS_DefaultDeviceManager.cpp:498           Allows Auto-Route:   yes
2026-09-28 20:48:42.849 Df coreaudiod[2872:176a36e] (CoreAudio) HALS_DefaultDeviceManager.cpp:1730   HALS_DefaultDeviceManager::PickDefaultDevice:          'dIn ' | picking 126: 'BuiltInMicrophoneDevice'/'imic'
2026-09-28 20:48:42.851 Df coreaudiod[2872:176a36e] (CoreAudio) HALS_DefaultDeviceManager.cpp:1692   HALS_DefaultDeviceManager::FindPreferredDefaultDevice: 'dOut' | found preferred[0] 155: 'AppleUSBAudioEngine:AudioQuest:AudioQuest DragonFly Black v1.5:AQDFBL0120002531:1'/''
2026-09-28 20:48:42.851 Df coreaudiod[2872:176a36e] (CoreAudio) HALS_DefaultDeviceManager.cpp:1692   HALS_DefaultDeviceManager::FindPreferredDefaultDevice: 'sOut' | found preferred[0] 117: 'BuiltInSpeakerDevice'/'ispk'
2026-09-28 20:48:42.851 Df coreaudiod[2872:1769feb] [com.apple.coreaudio:AMCP]                 HALB_Logging.cpp:72    LogVolumeChangeForClientSide from AudioObjectSetPropertyData: device id 128, property address ['mute', 'outp', 0], device UID AppleUSBAudioEngine:AudioQuest:AudioQuest DragonFly Black v1.5:AQDFBL0120002531:1, mute: 0.000000
2026-09-28 20:48:42.852 Df coreaudiod[2872:176a36e] (CoreAudio) HALS_DefaultDeviceManager.cpp:1692   HALS_DefaultDeviceManager::FindPreferredDefaultDevice: 'shrd' | found preferred[0] 155: 'AppleUSBAudioEngine:AudioQuest:AudioQuest DragonFly Black v1.5:AQDFBL0120002531:1'/''
2026-09-28 20:48:42.852 A  coreaudiod[2872:176aa87] (TCC) TCCAccessRequest() IPC
2026-09-28 20:48:42.852 Df coreaudiod[2872:176aa87] [com.apple.xpc:connection] [0x7aaf3d9040] activating connection: mach=true listener=false peer=false name=com.apple.tccd.system
2026-09-28 20:48:42.852 Df coreaudiod[2872:1769feb] [com.apple.coreaudio:AMCP]                 HALB_Logging.cpp:101   LogVolumeChangeForServerSideControl from HALS_PlugInControl::SetPropertyData: control id 835, property address ['bcvl', 'glob', 0], owning device UID AppleUSBAudioEngine:AudioQuest:AudioQuest DragonFly Black v1.5:AQDFBL0120002531:1, control type external driver, control scope 'outp', control element 0, mute: 0.000000
2026-09-28 20:48:42.863 Df coreaudiod[2872:176aa87] [com.apple.xpc:connection] [0x7aaf3d9040] invalidated after the last release of the connection object
2026-09-28 20:48:42.863 E  coreaudiod[2872:176aa87] (CoreAudio)        HALS_IOContext.cpp:1508   Client is not granted access to the input device.
2026-09-28 20:48:42.871 Df coreaudiod[2872:176ac69] [com.apple.coreaudio:AMCP]                  HALS_Device.cpp:5561  [ahal_dsp] Per client DSP has been initialized (Device ID: 841).
2026-09-28 20:48:42.872 Df coreaudiod[2872:176ac69] (CoreAudio)           HALS_Device.cpp:210    HALS_Device::Activate: activating device 841: CADefaultDeviceAggregate-1908-3 Transport Type: <private> Clock Domain: 0
2026-09-28 20:48:42.872 Df coreaudiod[2872:176ac69] [com.apple.Accessibility:AXHearingHalPlugin] IsHidden: 1
2026-09-28 20:48:42.873 Df coreaudiod[2872:176ac69] [com.apple.Accessibility:AXHearingHalPlugin] IsHidden: 1
2026-09-28 20:48:42.873 Df coreaudiod[2872:176ac69] [com.apple.Accessibility:AXHearingHalPlugin] IsHidden: 1
2026-09-28 20:48:42.873 Df coreaudiod[2872:176ac69] [com.apple.Accessibility:AXHearingHalPlugin] IsHidden: 1
2026-09-28 20:48:42.873 Df coreaudiod[2872:176ac69] [com.apple.Accessibility:AXHearingHalPlugin] IsHidden: 1
2026-09-28 20:48:42.873 Df coreaudiod[2872:176ac69] [com.apple.Accessibility:AXHearingHalPlugin] IsHidden: 1
2026-09-28 20:48:42.873 Df coreaudiod[2872:176ac69] [com.apple.Accessibility:AXHearingHalPlugin] IsHidden: 1
2026-09-28 20:48:42.878 Df coreaudiod[2872:176ac69] [com.apple.Accessibility:AXHearingHalPlugin] IsHidden: 1
2026-09-28 20:48:42.879 Df coreaudiod[2872:176ac69] [com.apple.Accessibility:AXHearingHalPlugin] IsHidden: 1
2026-09-28 20:48:42.883 Df coreaudiod[2872:176ac69] (CoreAudio) HALS_DefaultDeviceManager.cpp:410    Heap has 4 items
2026-09-28 20:48:42.883 Df coreaudiod[2872:176ac69] (CoreAudio) HALS_DefaultDeviceManager.cpp:488      126: 'BuiltInMicrophoneDevice'
2026-09-28 20:48:42.883 Df coreaudiod[2872:176ac69] (CoreAudio) HALS_DefaultDeviceManager.cpp:489           Arrival Time:       (0, 0)
2026-09-28 20:48:42.883 Df coreaudiod[2872:176ac69] (CoreAudio) HALS_DefaultDeviceManager.cpp:490           Transport:          'bltn'
2026-09-28 20:48:42.883 Df coreaudiod[2872:176ac69] (CoreAudio) HALS_DefaultDeviceManager.cpp:491           Input Data Source:  'imic'
2026-09-28 20:48:42.883 Df coreaudiod[2872:176ac69] (CoreAudio) HALS_DefaultDeviceManager.cpp:492           Output Data Source: ''
2026-09-28 20:48:42.883 Df coreaudiod[2872:176ac69] (CoreAudio) HALS_DefaultDeviceManager.cpp:493           Input Kind:          Mic
2026-09-28 20:48:42.883 Df coreaudiod[2872:176ac69] (CoreAudio) HALS_DefaultDeviceManager.cpp:494           Output Kind:         None
2026-09-28 20:48:42.883 Df coreaudiod[2872:176ac69] (CoreAudio) HALS_DefaultDeviceManager.cpp:495           Can Be Input:        yes
2026-09-28 20:48:42.883 Df coreaudiod[2872:176ac69] (CoreAudio) HALS_DefaultDeviceManager.cpp:496           Can Be Output:       no
2026-09-28 20:48:42.883 Df coreaudiod[2872:176ac69] (CoreAudio) HALS_DefaultDeviceManager.cpp:497           Can Be System:       no
2026-09-28 20:48:42.883 Df coreaudiod[2872:176ac69] (CoreAudio) HALS_DefaultDeviceManager.cpp:498           Allows Auto-Route:   yes
2026-09-28 20:48:42.883 Df coreaudiod[2872:176ac69] (CoreAudio) HALS_DefaultDeviceManager.cpp:488      551: 'com.rogueamoeba.Loopback:B84C2883-09E2-4BFA-979B-9935F80B4D6D'
2026-09-28 20:48:42.883 Df coreaudiod[2872:176ac69] (CoreAudio) HALS_DefaultDeviceManager.cpp:489           Arrival Time:       (497, 26001960000000)
2026-09-28 20:48:42.883 Df coreaudiod[2872:176ac69] (CoreAudio) HALS_DefaultDeviceManager.cpp:490           Transport:          'virt'
2026-09-28 20:48:42.883 Df coreaudiod[2872:176ac69] (CoreAudio) HALS_DefaultDeviceManager.cpp:491           Input Data Source:  ''
2026-09-28 20:48:42.883 Df coreaudiod[2872:176ac69] (CoreAudio) HALS_DefaultDeviceManager.cpp:492           Output Data Source: ''
2026-09-28 20:48:42.883 Df coreaudiod[2872:176ac69] (CoreAudio) HALS_DefaultDeviceManager.cpp:493           Input Kind:          Don't
2026-09-28 20:48:42.883 Df coreaudiod[2872:176ac69] (CoreAudio) HALS_DefaultDeviceManager.cpp:494           Output Kind:         Don't
2026-09-28 20:48:42.883 Df coreaudiod[2872:176ac69] (CoreAudio) HALS_DefaultDeviceManager.cpp:495           Can Be Input:        yes
2026-09-28 20:48:42.883 Df coreaudiod[2872:176ac69] (CoreAudio) HALS_DefaultDeviceManager.cpp:496           Can Be Output:       yes
2026-09-28 20:48:42.883 Df coreaudiod[2872:176ac69] (CoreAudio) HALS_DefaultDeviceManager.cpp:497           Can Be System:       yes
2026-09-28 20:48:42.883 Df coreaudiod[2872:176ac69] (CoreAudio) HALS_DefaultDeviceManager.cpp:498           Allows Auto-Route:   yes
2026-09-28 20:48:42.883 Df coreaudiod[2872:176ac69] (CoreAudio) HALS_DefaultDeviceManager.cpp:488      70: '597A1DFA-1BE3-47EF-8565-BAD100000003'
2026-09-28 20:48:42.883 Df coreaudiod[2872:176ac69] (CoreAudio) HALS_DefaultDeviceManager.cpp:489           Arrival Time:       (496, 26001120000000)
2026-09-28 20:48:42.883 Df coreaudiod[2872:176ac69] (CoreAudio) HALS_DefaultDeviceManager.cpp:490           Transport:          'ccwd'
2026-09-28 20:48:42.883 Df coreaudiod[2872:176ac69] (CoreAudio) HALS_DefaultDeviceManager.cpp:491           Input Data Source:  ''
2026-09-28 20:48:42.883 Df coreaudiod[2872:176ac69] (CoreAudio) HALS_DefaultDeviceManager.cpp:492           Output Data Source: ''
2026-09-28 20:48:42.883 Df coreaudiod[2872:176ac69] (CoreAudio) HALS_DefaultDeviceManager.cpp:493           Input Kind:          Don't
2026-09-28 20:48:42.883 Df coreaudiod[2872:176ac69] (CoreAudio) HALS_DefaultDeviceManager.cpp:494           Output Kind:         Don't
2026-09-28 20:48:42.883 Df coreaudiod[2872:176ac69] (CoreAudio) HALS_DefaultDeviceManager.cpp:495           Can Be Input:        yes
2026-09-28 20:48:42.883 Df coreaudiod[2872:176ac69] (CoreAudio) HALS_DefaultDeviceManager.cpp:496           Can Be Output:       no
2026-09-28 20:48:42.883 Df coreaudiod[2872:176ac69] (CoreAudio) HALS_DefaultDeviceManager.cpp:497           Can Be System:       no
2026-09-28 20:48:42.883 Df coreaudiod[2872:176ac69] (CoreAudio) HALS_DefaultDeviceManager.cpp:498           Allows Auto-Route:   no
2026-09-28 20:48:42.883 Df coreaudiod[2872:176ac69] (CoreAudio) HALS_DefaultDeviceManager.cpp:488      36: 'AOP Audio-1'
2026-09-28 20:48:42.883 Df coreaudiod[2872:176ac69] (CoreAudio) HALS_DefaultDeviceManager.cpp:489           Arrival Time:       (323, 0)
2026-09-28 20:48:42.883 Df coreaudiod[2872:176ac69] (CoreAudio) HALS_DefaultDeviceManager.cpp:490           Transport:          'virt'
2026-09-28 20:48:42.883 Df coreaudiod[2872:176ac69] (CoreAudio) HALS_DefaultDeviceManager.cpp:491           Input Data Source:  ''
2026-09-28 20:48:42.883 Df coreaudiod[2872:176ac69] (CoreAudio) HALS_DefaultDeviceManager.cpp:492           Output Data Source: ''
2026-09-28 20:48:42.883 Df coreaudiod[2872:176ac69] (CoreAudio) HALS_DefaultDeviceManager.cpp:493           Input Kind:          Don't
2026-09-28 20:48:42.883 Df coreaudiod[2872:176ac69] (CoreAudio) HALS_DefaultDeviceManager.cpp:494           Output Kind:         None
2026-09-28 20:48:42.883 Df coreaudiod[2872:176ac69] (CoreAudio) HALS_DefaultDeviceManager.cpp:495           Can Be Input:        yes
2026-09-28 20:48:42.883 Df coreaudiod[2872:176ac69] (CoreAudio) HALS_DefaultDeviceManager.cpp:496           Can Be Output:       no
2026-09-28 20:48:42.883 Df coreaudiod[2872:176ac69] (CoreAudio) HALS_DefaultDeviceManager.cpp:497           Can Be System:       no
2026-09-28 20:48:42.883 Df coreaudiod[2872:176ac69] (CoreAudio) HALS_DefaultDeviceManager.cpp:498           Allows Auto-Route:   yes
2026-09-28 20:48:42.883 Df coreaudiod[2872:176ac69] (CoreAudio) HALS_DefaultDeviceManager.cpp:1730   HALS_DefaultDeviceManager::PickDefaultDevice:          'dIn ' | picking 126: 'BuiltInMicrophoneDevice'/'imic'
2026-09-28 20:48:42.884 Df coreaudiod[2872:176ac69] (CoreAudio) HALS_DefaultDeviceManager.cpp:1692   HALS_DefaultDeviceManager::FindPreferredDefaultDevice: 'dOut' | found preferred[0] 155: 'AppleUSBAudioEngine:AudioQuest:AudioQuest DragonFly Black v1.5:AQDFBL0120002531:1'/''
2026-09-28 20:48:42.884 Df coreaudiod[2872:176ac69] (CoreAudio) HALS_DefaultDeviceManager.cpp:1692   HALS_DefaultDeviceManager::FindPreferredDefaultDevice: 'sOut' | found preferred[0] 117: 'BuiltInSpeakerDevice'/'ispk'
2026-09-28 20:48:42.885 Df coreaudiod[2872:176ac69] (CoreAudio) HALS_DefaultDeviceManager.cpp:1692   HALS_DefaultDeviceManager::FindPreferredDefaultDevice: 'shrd' | found preferred[0] 155: 'AppleUSBAudioEngine:AudioQuest:AudioQuest DragonFly Black v1.5:AQDFBL0120002531:1'/''
2026-09-28 20:48:42.895 Df coreaudiod[2872:176aab9] (CoreAudio)           HALS_Device.cpp:293    HALS_Device::_Deactivate: deactivating device 828: CADefaultDeviceAggregate-1908-2
2026-09-28 20:48:42.901 Df coreaudiod[2872:176ac75] [com.apple.Accessibility:AXHearingHalPlugin] IsHidden: 1
2026-09-28 20:48:42.902 Df coreaudiod[2872:176ac75] [com.apple.Accessibility:AXHearingHalPlugin] IsHidden: 1
2026-09-28 20:48:42.907 Df coreaudiod[2872:176ac75] (CoreAudio) HALS_DefaultDeviceManager.cpp:410    Heap has 4 items
2026-09-28 20:48:42.907 Df coreaudiod[2872:176ac75] (CoreAudio) HALS_DefaultDeviceManager.cpp:488      126: 'BuiltInMicrophoneDevice'
2026-09-28 20:48:42.907 Df coreaudiod[2872:176ac75] (CoreAudio) HALS_DefaultDeviceManager.cpp:489           Arrival Time:       (0, 0)
2026-09-28 20:48:42.907 Df coreaudiod[2872:176ac75] (CoreAudio) HALS_DefaultDeviceManager.cpp:490           Transport:          'bltn'
2026-09-28 20:48:42.907 Df coreaudiod[2872:176ac75] (CoreAudio) HALS_DefaultDeviceManager.cpp:491           Input Data Source:  'imic'
2026-09-28 20:48:42.907 Df coreaudiod[2872:176ac75] (CoreAudio) HALS_DefaultDeviceManager.cpp:492           Output Data Source: ''
2026-09-28 20:48:42.907 Df coreaudiod[2872:176ac75] (CoreAudio) HALS_DefaultDeviceManager.cpp:493           Input Kind:          Mic
2026-09-28 20:48:42.907 Df coreaudiod[2872:176ac75] (CoreAudio) HALS_DefaultDeviceManager.cpp:494           Output Kind:         None
2026-09-28 20:48:42.907 Df coreaudiod[2872:176ac75] (CoreAudio) HALS_DefaultDeviceManager.cpp:495           Can Be Input:        yes
2026-09-28 20:48:42.907 Df coreaudiod[2872:176ac75] (CoreAudio) HALS_DefaultDeviceManager.cpp:496           Can Be Output:       no
2026-09-28 20:48:42.907 Df coreaudiod[2872:176ac75] (CoreAudio) HALS_DefaultDeviceManager.cpp:497           Can Be System:       no
2026-09-28 20:48:42.907 Df coreaudiod[2872:176ac75] (CoreAudio) HALS_DefaultDeviceManager.cpp:498           Allows Auto-Route:   yes
2026-09-28 20:48:42.907 Df coreaudiod[2872:176ac75] (CoreAudio) HALS_DefaultDeviceManager.cpp:488      551: 'com.rogueamoeba.Loopback:B84C2883-09E2-4BFA-979B-9935F80B4D6D'
2026-09-28 20:48:42.907 Df coreaudiod[2872:176ac75] (CoreAudio) HALS_DefaultDeviceManager.cpp:489           Arrival Time:       (497, 26001960000000)
2026-09-28 20:48:42.907 Df coreaudiod[2872:176ac75] (CoreAudio) HALS_DefaultDeviceManager.cpp:490           Transport:          'virt'
2026-09-28 20:48:42.907 Df coreaudiod[2872:176ac75] (CoreAudio) HALS_DefaultDeviceManager.cpp:491           Input Data Source:  ''
2026-09-28 20:48:42.907 Df coreaudiod[2872:176ac75] (CoreAudio) HALS_DefaultDeviceManager.cpp:492           Output Data Source: ''
2026-09-28 20:48:42.907 Df coreaudiod[2872:176ac75] (CoreAudio) HALS_DefaultDeviceManager.cpp:493           Input Kind:          Don't
2026-09-28 20:48:42.907 Df coreaudiod[2872:176ac75] (CoreAudio) HALS_DefaultDeviceManager.cpp:494           Output Kind:         Don't
2026-09-28 20:48:42.907 Df coreaudiod[2872:176ac75] (CoreAudio) HALS_DefaultDeviceManager.cpp:495           Can Be Input:        yes
2026-09-28 20:48:42.907 Df coreaudiod[2872:176ac75] (CoreAudio) HALS_DefaultDeviceManager.cpp:496           Can Be Output:       yes
2026-09-28 20:48:42.907 Df coreaudiod[2872:176ac75] (CoreAudio) HALS_DefaultDeviceManager.cpp:497           Can Be System:       yes
2026-09-28 20:48:42.907 Df coreaudiod[2872:176ac75] (CoreAudio) HALS_DefaultDeviceManager.cpp:498           Allows Auto-Route:   yes
2026-09-28 20:48:42.907 Df coreaudiod[2872:176ac75] (CoreAudio) HALS_DefaultDeviceManager.cpp:488      70: '597A1DFA-1BE3-47EF-8565-BAD100000003'
2026-09-28 20:48:42.907 Df coreaudiod[2872:176ac75] (CoreAudio) HALS_DefaultDeviceManager.cpp:489           Arrival Time:       (496, 26001120000000)
2026-09-28 20:48:42.907 Df coreaudiod[2872:176ac75] (CoreAudio) HALS_DefaultDeviceManager.cpp:490           Transport:          'ccwd'
2026-09-28 20:48:42.907 Df coreaudiod[2872:176ac75] (CoreAudio) HALS_DefaultDeviceManager.cpp:491           Input Data Source:  ''
2026-09-28 20:48:42.907 Df coreaudiod[2872:176ac75] (CoreAudio) HALS_DefaultDeviceManager.cpp:492           Output Data Source: ''
2026-09-28 20:48:42.907 Df coreaudiod[2872:176ac75] (CoreAudio) HALS_DefaultDeviceManager.cpp:493           Input Kind:          Don't
2026-09-28 20:48:42.907 Df coreaudiod[2872:176ac75] (CoreAudio) HALS_DefaultDeviceManager.cpp:494           Output Kind:         Don't
2026-09-28 20:48:42.907 Df coreaudiod[2872:176ac75] (CoreAudio) HALS_DefaultDeviceManager.cpp:495           Can Be Input:        yes
2026-09-28 20:48:42.907 Df coreaudiod[2872:176ac75] (CoreAudio) HALS_DefaultDeviceManager.cpp:496           Can Be Output:       no
2026-09-28 20:48:42.907 Df coreaudiod[2872:176ac75] (CoreAudio) HALS_DefaultDeviceManager.cpp:497           Can Be System:       no
2026-09-28 20:48:42.907 Df coreaudiod[2872:176ac75] (CoreAudio) HALS_DefaultDeviceManager.cpp:498           Allows Auto-Route:   no
2026-09-28 20:48:42.907 Df coreaudiod[2872:176ac75] (CoreAudio) HALS_DefaultDeviceManager.cpp:488      36: 'AOP Audio-1'
2026-09-28 20:48:42.907 Df coreaudiod[2872:176ac75] (CoreAudio) HALS_DefaultDeviceManager.cpp:489           Arrival Time:       (323, 0)
2026-09-28 20:48:42.907 Df coreaudiod[2872:176ac75] (CoreAudio) HALS_DefaultDeviceManager.cpp:490           Transport:          'virt'
2026-09-28 20:48:42.907 Df coreaudiod[2872:176ac75] (CoreAudio) HALS_DefaultDeviceManager.cpp:491           Input Data Source:  ''
2026-09-28 20:48:42.907 Df coreaudiod[2872:176ac75] (CoreAudio) HALS_DefaultDeviceManager.cpp:492           Output Data Source: ''
2026-09-28 20:48:42.907 Df coreaudiod[2872:176ac75] (CoreAudio) HALS_DefaultDeviceManager.cpp:493           Input Kind:          Don't
2026-09-28 20:48:42.907 Df coreaudiod[2872:176ac75] (CoreAudio) HALS_DefaultDeviceManager.cpp:494           Output Kind:         None
2026-09-28 20:48:42.907 Df coreaudiod[2872:176ac75] (CoreAudio) HALS_DefaultDeviceManager.cpp:495           Can Be Input:        yes
2026-09-28 20:48:42.907 Df coreaudiod[2872:176ac75] (CoreAudio) HALS_DefaultDeviceManager.cpp:496           Can Be Output:       no
2026-09-28 20:48:42.907 Df coreaudiod[2872:176ac75] (CoreAudio) HALS_DefaultDeviceManager.cpp:497           Can Be System:       no
2026-09-28 20:48:42.907 Df coreaudiod[2872:176ac75] (CoreAudio) HALS_DefaultDeviceManager.cpp:498           Allows Auto-Route:   yes
2026-09-28 20:48:42.907 Df coreaudiod[2872:176ac75] (CoreAudio) HALS_DefaultDeviceManager.cpp:1730   HALS_DefaultDeviceManager::PickDefaultDevice:          'dIn ' | picking 126: 'BuiltInMicrophoneDevice'/'imic'
2026-09-28 20:48:42.908 Df coreaudiod[2872:176ac75] (CoreAudio) HALS_DefaultDeviceManager.cpp:1692   HALS_DefaultDeviceManager::FindPreferredDefaultDevice: 'dOut' | found preferred[0] 155: 'AppleUSBAudioEngine:AudioQuest:AudioQuest DragonFly Black v1.5:AQDFBL0120002531:1'/''
2026-09-28 20:48:42.908 Df coreaudiod[2872:176ac75] (CoreAudio) HALS_DefaultDeviceManager.cpp:1692   HALS_DefaultDeviceManager::FindPreferredDefaultDevice: 'sOut' | found preferred[0] 117: 'BuiltInSpeakerDevice'/'ispk'
2026-09-28 20:48:42.909 Df coreaudiod[2872:176ac75] (CoreAudio) HALS_DefaultDeviceManager.cpp:1692   HALS_DefaultDeviceManager::FindPreferredDefaultDevice: 'shrd' | found preferred[0] 155: 'AppleUSBAudioEngine:AudioQuest:AudioQuest DragonFly Black v1.5:AQDFBL0120002531:1'/''
