[  0.000] log started 2026-09-29 12:06:56.179 -05:00; LosslessSwitcher 2.0 (build 24, commit 449866b), com.dizzysound.LosslessSwitcher.dev; macOS Version 27.0 (Build 26A428), MacBookPro18,3
[  0.002] engine started (virtual device)
[  0.039] debug recording to /tmp/skip/rec.* (150 s)
[  0.046] microphone permission: granted
[  0.061] attached (pid 56801): 0
[  0.068] music only: 'LSmx' = 57518 (Music; was 0): 0
[  0.078] default output -> virtual device: 0
[  0.094] virtual device 202 @ 48000.0 Hz; scalar reset 0
[  0.125] A: output streams off: 0
[  0.250] start A: 0
[  0.252] DAC Babyface Pro (73020432) (de_RME_driver_USBAudioEngine:0) @ 48000.0 Hz, hog owner -1, my pid 56801
[  0.355] hog DAC: 0, hogged
[  0.357] DAC format -> 48000.0 Hz 4 ch 32 bit flags 27: 0
[  0.372] B: DAC inputs off: 0
[  0.678] start B: 0
[  1.183] DAC ready after 0.505 s: phys 48000.0 Hz 4 ch 32 bit flags 27 / virt 48000.0 Hz 4 ch 32 bit flags 9
[  1.184] B writes float32 in 4 bytes, channels 1/2 (virtual format 48000.0 Hz 4 ch 32 bit flags 9)
[  1.185] format listeners: 0 0
[  1.239] volume: forwarding to DAC elements 1,2 (-60.0 dB), linear in dB, 0 to -64 dB (4.0 dB per key step); mute emulated (DAC has none); slider -> 0.0625: 0, mute -> 0: 0
[  1.242] other apps and alert sounds: MacBook Pro Speakers (built-in speakers (automatic))
[  1.341] other apps -> MacBook Pro Speakers at 48000 Hz (AVAudioEngine + varispeed; target fill 2400 frames)
[  1.423] playerInfo: Playing As Alive As You Need Me To Be
[  1.445] new track As Alive As You Need Me To Be (Music's rate for the track; no decoder line at it yet): decoder 48000.0 Hz lossless (seen 0.000 s before Playing), DAC 48000 Hz
[  1.445] decoder: 48000.0 Hz (lossless)
[  1.446] playerInfo: Paused As Alive As You Need Me To Be
[  1.446] playerInfo: Paused As Alive As You Need Me To Be
[  1.446] playerInfo: Playing As Alive As You Need Me To Be
[  1.953] clock: DAC scalar 1.000004 not steady yet; following it until the lock
[  5.500] clock: DAC scalar steady at 1.000004 after 3.5 s
[  5.500] clock lock: phase0 8323.967, fill 1536, cycles A 493 B 460
[  5.983] decoder: 48000.0 Hz (lossless)
[  6.237] playerInfo: Playing This Changes Everything
[  6.292] new track This Changes Everything (Music's rate for the track): decoder 48000.0 Hz lossless (seen 0.255 s before Playing), DAC 48000 Hz
[ 10.063] other apps meter (10 s): loopback ch 3-4 peak silent, player out peak silent; other apps: fill 1944 (target 2400), varispeed 0.999822, dry 0x, over 0; plug-in: ProcessOutput calls 527868, Music's 250843, other apps' frames 145798460, pid 57518; peak in 0.0000, read back 0.0000; time delta max 1986128 frames in 1029 cycles
[ 14.206] decoder: 44100.0 Hz (lossless)
[ 14.498] next track needs 44100 Hz; 246.24 s left, arming the boundary latch in 0.00 s and again in 244.74 s
[ 14.501] boundary latch armed at in frame 684544
[ 14.514] playerInfo: Playing No Time for Caution
[ 14.526] new track No Time for Caution (Music's rate for the track): decoder 44100.0 Hz lossless (seen 0.257 s before Playing), DAC 48000 Hz -> switch to 44100
[ 14.540] playerInfo: Playing No Time for Caution
[ 14.547] switch 1: No Time for Caution (Music's rate for the track) needs 44100 Hz (DAC 48000); latched at the old track's end; paused; boundary reached 0.021 s
[ 14.661] virtual device -> 44100: 0
[ 14.662] DAC format -> 44100.0 Hz 4 ch 32 bit flags 27: 0
[ 14.662] other apps: restarting the player (the virtual device's rate is now 44100 Hz)
[ 15.048] other apps -> MacBook Pro Speakers at 44100 Hz (AVAudioEngine + varispeed; target fill 2205 frames)
[ 16.054]   DAC ready after 1.005 s: phys 44100.0 Hz 4 ch 32 bit flags 27 / virt 44100.0 Hz 4 ch 32 bit flags 9
[ 16.055] B writes float32 in 4 bytes, channels 1/2 (virtual format 44100.0 Hz 4 ch 32 bit flags 9)
[ 16.055] playerInfo: Paused No Time for Caution
[ 16.277]   rewound to 0.000 (was 0.114, played ~0.119 s), play; switch 1 done 1.751 s after the request
[ 16.283] NSRunningApplication lists no Music, but pid 57518 is alive: still running
[ 16.283] clock: DAC scalar 1.000003 not steady yet; following it until the lock
[ 16.485] decoder: 44100.0 Hz (lossless)
[ 16.486] playerInfo: Paused No Time for Caution
[ 16.486] playerInfo: Playing No Time for Caution
[ 19.830] clock: DAC scalar steady at 1.000004 after 3.5 s
[ 19.830] clock lock: phase0 21601.453, fill 2048, cycles A 1776 B 1698
[ 20.349] other apps meter (10 s): loopback ch 3-4 peak silent, player out peak silent; other apps: fill 1714 (target 2205), varispeed 0.999801, dry 0x, over 0; plug-in: ProcessOutput calls 529667, Music's 251743, other apps' frames 146258748, pid 57518; peak in 0.0000, read back 0.0000; time delta max 1986128 frames in 1031 cycles
[ 22.404] decoder: 44100.0 Hz (lossless)
[ 22.658] playerInfo: Playing Bobby's Song
[ 22.689] new track Bobby's Song (Music's rate for the track): decoder 44100.0 Hz lossless (seen 0.251 s before Playing), DAC 44100 Hz
[ 30.463] other apps meter (10 s): loopback ch 3-4 peak silent, player out peak silent; other apps: fill 1802 (target 2205), varispeed 0.999864, dry 0x, over 0; plug-in: ProcessOutput calls 531409, Music's 252614, other apps' frames 146704700, pid 57518; peak in 0.0000, read back 0.0000; time delta max 1986128 frames in 1031 cycles
[ 30.645] decoder: 96000.0 Hz (lossless)
[ 30.933] next track needs 96000 Hz; 327.11 s left, arming the boundary latch in 0.00 s and again in 325.61 s
[ 30.935] boundary latch armed at in frame 1398784
[ 30.946] playerInfo: Playing Age of Anxiety I
[ 30.961] new track Age of Anxiety I (Music's rate for the track): decoder 96000.0 Hz lossless (seen 0.259 s before Playing), DAC 44100 Hz -> switch to 96000
[ 30.972] switch 2: Age of Anxiety I (Music's rate for the track) needs 96000 Hz (DAC 44100); not latched: cut at the play position; paused; boundary reached 0.011 s
[ 31.097] virtual device -> 96000: 0
[ 31.098] DAC format -> 96000.0 Hz 4 ch 32 bit flags 27: 0
[ 31.098] other apps: restarting the player (the virtual device's rate is now 96000 Hz)
[ 31.502] other apps -> MacBook Pro Speakers at 96000 Hz (AVAudioEngine + varispeed; target fill 4800 frames)
[ 32.486]   DAC ready after 0.983 s: phys 96000.0 Hz 4 ch 32 bit flags 27 / virt 96000.0 Hz 4 ch 32 bit flags 9
[ 32.486] B writes float32 in 4 bytes, channels 1/2 (virtual format 96000.0 Hz 4 ch 32 bit flags 9)
[ 32.486] playerInfo: Playing Age of Anxiety I
[ 32.486] playerInfo: Paused Age of Anxiety I
[ 32.887]   rewound to 0.000 (was 0.119, played ~0.119 s), play; switch 2 done 1.926 s after the request
[ 32.894] clock: DAC scalar 1.000004 not steady yet; following it until the lock
[ 32.965] 96000 Hz fill 1536 scalar 1.000003952 under 0 over 0; clock waiting (DAC scalar not steady, following it), DAC scalar 1.000004; 2026-09-29 12:07:29.067 -05:00
[ 32.966] music only: ProcessOutput calls 532128, Music's 252974, other apps' frames 146888140, pid 57518; peak in 0.0000, read back 0.0000; time delta max 1986128 frames in 1035 cycles; other apps: fill 4082 (target 4800), varispeed 0.999913, dry 0x, over 0
[ 32.978] decoder: 96000.0 Hz (lossless)
[ 32.979] playerInfo: Paused Age of Anxiety I
[ 32.979] playerInfo: Playing Age of Anxiety I
[ 36.453] clock: DAC scalar steady at 1.000004 after 3.6 s
[ 36.453] clock lock: phase0 46525.727, fill 1536, cycles A 3703 B 3518
[ 38.837] decoder: 44100.0 Hz (lossless)
[ 39.143] next track needs 44100 Hz; 219.05 s left, arming the boundary latch in 0.00 s and again in 217.55 s
[ 39.146] boundary latch armed at in frame 2154496
[ 39.159] playerInfo: Playing Mountains
[ 39.181] new track Mountains (Music's rate for the track): decoder 44100.0 Hz lossless (seen 0.261 s before Playing), DAC 96000 Hz -> switch to 44100
[ 39.196] switch 3: Mountains (Music's rate for the track) needs 44100 Hz (DAC 96000); not latched: cut at the play position; paused; boundary reached 0.014 s
[ 39.321] virtual device -> 44100: 0
[ 39.322] DAC format -> 44100.0 Hz 4 ch 32 bit flags 27: 0
[ 39.322] other apps: restarting the player (the virtual device's rate is now 44100 Hz)
[ 39.738] other apps -> MacBook Pro Speakers at 44100 Hz (AVAudioEngine + varispeed; target fill 2205 frames)
[ 40.730]   DAC ready after 0.992 s: phys 44100.0 Hz 4 ch 32 bit flags 27 / virt 44100.0 Hz 4 ch 32 bit flags 9
[ 40.731] B writes float32 in 4 bytes, channels 1/2 (virtual format 44100.0 Hz 4 ch 32 bit flags 9)
[ 40.731] playerInfo: Playing Mountains
[ 40.731] playerInfo: Paused Mountains
[ 41.139]   rewound to 0.000 (was 0.145, played ~0.135 s), play; switch 3 done 1.957 s after the request
[ 41.148] clock: DAC scalar 1.000004 not steady yet; following it until the lock
[ 41.154] other apps meter (10 s): loopback ch 3-4 peak silent, player out peak silent; other apps: fill 2205 (target 2205), varispeed 1.000000, dry 0x, over 0; plug-in: ProcessOutput calls 534780, Music's 254301, other apps' frames 147566344, pid 57518; peak in 0.0000, read back 0.0000; time delta max 1986128 frames in 1039 cycles
[ 41.232] decoder: 44100.0 Hz (lossless)
[ 41.232] playerInfo: Paused Mountains
[ 41.232] playerInfo: Playing Mountains
[ 44.689] clock: DAC scalar steady at 1.000004 after 3.5 s
[ 44.690] clock lock: phase0 21575.787, fill 1536, cycles A 4678 B 4462
[ 47.032] decoder: 48000.0 Hz (lossless)
[ 47.318] next track needs 48000 Hz; 127.95 s left, arming the boundary latch in 0.00 s and again in 126.45 s
[ 47.324] boundary latch armed at in frame 2511360
[ 47.342] playerInfo: Playing Init
[ 47.355] new track Init (Music's rate for the track): decoder 48000.0 Hz lossless (seen 0.254 s before Playing), DAC 44100 Hz -> switch to 48000
[ 47.368] playerInfo: Playing Init
[ 47.374] switch 4: Init (Music's rate for the track) needs 48000 Hz (DAC 44100); not latched: cut at the play position; paused; boundary reached 0.019 s
[ 47.501] virtual device -> 48000: 0
[ 47.502] DAC format -> 48000.0 Hz 4 ch 32 bit flags 27: 0
[ 47.502] other apps: restarting the player (the virtual device's rate is now 48000 Hz)
[ 47.910] other apps -> MacBook Pro Speakers at 48000 Hz (AVAudioEngine + varispeed; target fill 2400 frames)
[ 48.884]   DAC ready after 0.974 s: phys 48000.0 Hz 4 ch 32 bit flags 27 / virt 48000.0 Hz 4 ch 32 bit flags 9
[ 48.884] B writes float32 in 4 bytes, channels 1/2 (virtual format 48000.0 Hz 4 ch 32 bit flags 9)
[ 48.885] playerInfo: Paused Init
[ 49.259]   rewound to 0.000 (was 0.102, played ~0.128 s), play; switch 4 done 1.904 s after the request
[ 49.268] clock: DAC scalar 1.000004 not steady yet; following it until the lock
[ 49.293] decoder: 48000.0 Hz (lossless)
[ 49.293] playerInfo: Paused Init
[ 49.293] playerInfo: Playing Init
[ 51.304] other apps meter (10 s): loopback ch 3-4 peak silent, player out peak silent; other apps: fill 2182 (target 2400), varispeed 0.999789, dry 0x, over 0; plug-in: ProcessOutput calls 536540, Music's 255182, other apps' frames 148016392, pid 57518; peak in 0.0000, read back 0.0000; time delta max 1986128 frames in 1040 cycles
[ 52.808] clock: DAC scalar steady at 1.000004 after 3.5 s
[ 52.809] clock lock: phase0 23536.480, fill 1536, cycles A 5393 B 5129
[ 55.222] decoder: 48000.0 Hz (lossless)
[ 55.485] playerInfo: Playing New Directive
[ 55.514] new track New Directive (Music's rate for the track): decoder 48000.0 Hz lossless (seen 0.258 s before Playing), DAC 48000 Hz
[ 61.422] other apps meter (10 s): loopback ch 3-4 peak silent, player out peak silent; other apps: fill 2211 (target 2400), varispeed 0.999836, dry 0x, over 0; plug-in: ProcessOutput calls 538437, Music's 256130, other apps' frames 148502280, pid 57518; peak in 0.0000, read back 0.0000; time delta max 1986128 frames in 1040 cycles
[ 62.894] 48000 Hz fill 1536 scalar 1.000004159 under 0 over 0; clock locked, DAC scalar 1.000004; 2026-09-29 12:07:59.072 -05:00
[ 62.898] music only: ProcessOutput calls 538714, Music's 256269, other apps' frames 148572936, pid 57518; peak in 0.0000, read back 0.0000; time delta max 1986128 frames in 1040 cycles; other apps: fill 2102 (target 2400), varispeed 0.999848, dry 0x, over 0
[ 63.447] decoder: 44100.0 Hz (lossless)
[ 63.724] next track needs 44100 Hz; 207.09 s left, arming the boundary latch in 0.00 s and again in 205.59 s
[ 63.726] boundary latch armed at in frame 3285504
[ 63.737] playerInfo: Playing A Place Among the Stars
[ 63.755] new track A Place Among the Stars (Music's rate for the track): decoder 44100.0 Hz lossless (seen 0.251 s before Playing), DAC 48000 Hz -> switch to 44100
[ 63.768] switch 5: A Place Among the Stars (Music's rate for the track) needs 44100 Hz (DAC 48000); not latched: cut at the play position; paused; boundary reached 0.013 s
[ 63.898] virtual device -> 44100: 0
[ 63.898] DAC format -> 44100.0 Hz 4 ch 32 bit flags 27: 0
[ 63.899] other apps: restarting the player (the virtual device's rate is now 44100 Hz)
[ 64.169] other apps -> MacBook Pro Speakers at 44100 Hz (AVAudioEngine + varispeed; target fill 2205 frames)
[ 65.292]   DAC ready after 1.122 s: phys 44100.0 Hz 4 ch 32 bit flags 27 / virt 44100.0 Hz 4 ch 32 bit flags 9
[ 65.293] B writes float32 in 4 bytes, channels 1/2 (virtual format 44100.0 Hz 4 ch 32 bit flags 9)
[ 65.293] playerInfo: Playing A Place Among the Stars
[ 65.293] playerInfo: Paused A Place Among the Stars
[ 65.684]   rewound to 0.000 (was 0.112, played ~0.119 s), play; switch 5 done 1.928 s after the request
[ 65.693] clock: DAC scalar 1.000003 not steady yet; following it until the lock
[ 65.777] decoder: 44100.0 Hz (lossless)
[ 65.777] playerInfo: Paused A Place Among the Stars
[ 65.777] playerInfo: Playing A Place Among the Stars
[ 69.245] clock: DAC scalar steady at 1.000004 after 3.6 s
[ 69.245] clock lock: phase0 22255.245, fill 1536, cycles A 6872 B 6563
[ 71.629] decoder: 48000.0 Hz (lossless)
[ 71.924] next track needs 48000 Hz; 226.12 s left, arming the boundary latch in 0.00 s and again in 224.62 s
[ 71.927] boundary latch armed at in frame 3636736
[ 71.929] other apps meter (10 s): loopback ch 3-4 peak silent, player out peak silent; other apps: fill 1747 (target 2205), varispeed 0.999797, dry 0x, over 0; plug-in: ProcessOutput calls 540244, Music's 257035, other apps' frames 148964104, pid 57518; peak in 0.0000, read back 0.0000; time delta max 1986128 frames in 1044 cycles
[ 71.941] playerInfo: Playing Echoes
[ 71.955] new track Echoes (Music's rate for the track): decoder 48000.0 Hz lossless (seen 0.255 s before Playing), DAC 44100 Hz -> switch to 48000
[ 71.969] playerInfo: Playing Echoes
[ 71.976] switch 6: Echoes (Music's rate for the track) needs 48000 Hz (DAC 44100); latched at the old track's end; paused; boundary reached 0.020 s
[ 72.100] virtual device -> 48000: 0
[ 72.100] DAC format -> 48000.0 Hz 4 ch 32 bit flags 27: 0
[ 72.100] other apps: restarting the player (the virtual device's rate is now 48000 Hz)
[ 72.490] other apps -> MacBook Pro Speakers at 48000 Hz (AVAudioEngine + varispeed; target fill 2400 frames)
[ 73.492]   DAC ready after 1.002 s: phys 48000.0 Hz 4 ch 32 bit flags 27 / virt 48000.0 Hz 4 ch 32 bit flags 9
[ 73.493] B writes float32 in 4 bytes, channels 1/2 (virtual format 48000.0 Hz 4 ch 32 bit flags 9)
[ 73.494] playerInfo: Paused Echoes
[ 73.890]   rewound to 0.000 (was 0.094, played ~0.119 s), play; switch 6 done 1.934 s after the request
[ 73.895] clock: DAC scalar 1.000004 not steady yet; following it until the lock
[ 73.982] decoder: 48000.0 Hz (lossless)
[ 73.984] playerInfo: Paused Echoes
[ 73.984] playerInfo: Playing Echoes
[ 77.433] clock: DAC scalar steady at 1.000004 after 3.5 s
[ 77.433] clock lock: phase0 23390.289, fill 1536, cycles A 7593 B 7236
[ 79.791] NSRunningApplication lists no Music, but pid 57518 is alive: still running
[ 79.840] decoder: 48000.0 Hz (lossless)
[ 80.088] playerInfo: Playing Who Wants To Live Forever? (feat. Judeline)
[ 80.134] new track Who Wants To Live Forever? (feat. Judeline) (Music's rate for the track): decoder 48000.0 Hz lossless (seen 0.254 s before Playing), DAC 48000 Hz
[ 81.986] other apps meter (10 s): loopback ch 3-4 peak silent, player out peak silent; other apps: fill 1995 (target 2400), varispeed 0.999770, dry 0x, over 0; plug-in: ProcessOutput calls 542079, Music's 257953, other apps' frames 149433608, pid 57518; peak in 0.0000, read back 0.0000; time delta max 1986128 frames in 1047 cycles
[ 87.989] playerInfo: Playing Who Wants To Live Forever? (feat. Judeline)
[ 88.083] decoder: 48000.0 Hz (lossless)
[ 88.260] playerInfo: Paused Who Wants To Live Forever? (feat. Judeline)
