[  0.000] log started 2026-09-29 13:35:11.001 -05:00; LosslessSwitcher 2.0 (build 24, commit 0147f80), com.dizzysound.LosslessSwitcher.dev; macOS Version 27.0 (Build 26A428), MacBookPro18,3
[  0.002] engine started (virtual device)
[  0.026] debug recording to /tmp/pt/rec.* (90 s)
[  0.040] microphone permission: granted
[  0.139] attached (pid 61704): 0
[  0.141] music only: 'LSmx' = 57518 (Music; was 0): 0
[  0.147] default output -> virtual device: 0
[  0.154] virtual device 278 @ 96000.0 Hz; scalar reset 0
[  0.242] A: output streams off: 0
[  0.347] start A: 0
[  0.356] DAC Babyface Pro (73020432) (de_RME_driver_USBAudioEngine:0) @ 96000.0 Hz, hog owner -1, my pid 61704
[  0.358] hog DAC: 0, hogged
[  0.360] DAC format -> 96000.0 Hz 4 ch 32 bit flags 27: 0
[  0.363] virtual device latency -> 33600 frames: 0
[  0.385] B: DAC inputs off: 0
[  0.584] start B: 0
[  1.095] DAC ready after 0.511 s: phys 96000.0 Hz 4 ch 32 bit flags 27 / virt 96000.0 Hz 4 ch 32 bit flags 9
[  1.095] B writes float32 in 4 bytes, channels 1/2 (virtual format 96000.0 Hz 4 ch 32 bit flags 9)
[  1.095] format listeners: 0 0
[  1.136] volume: forwarding to DAC elements 1,2 (-60.0 dB), linear in dB, 0 to -64 dB (4.0 dB per key step); mute emulated (DAC has none); slider -> 0.0625: 0, mute -> 0: 0
[  1.152] other apps and alert sounds: MacBook Pro Speakers (built-in speakers (automatic))
[  1.287] other apps -> MacBook Pro Speakers at 96000 Hz (AVAudioEngine + varispeed; target fill 4800 frames)
[  1.292] playerInfo: Playing Oh, Blest Is He That Came
[  1.311] new track Oh, Blest Is He That Came (Music's rate for the track; no decoder line at it yet): decoder 96000.0 Hz lossless (seen 0.000 s before Playing), DAC 96000 Hz
[  1.311] gate released (same rate) < 10 ms after the output started
[  1.833] clock: DAC scalar 1.000004 not steady yet; following it until the lock
[  3.376] source depth from the samples: 24 bit (197888 of 198651 samples off the 16-bit grid, all on the 24-bit grid)
[  5.389] clock: DAC scalar steady at 1.000004 after 3.6 s
[  5.389] clock lock: phase0 7535.413, fill 69103, cycles A 947 B 901
[  7.996] playerInfo: Stopped 
[  8.007] decoder: 44100.0 Hz 16-bit (lossless)
[  8.235] playerInfo: Playing Short Glide Tone
[  8.334] new track Short Glide Tone (Music's rate for the track): decoder 44100.0 Hz lossless (seen 0.233 s before Playing), DAC 96000 Hz -> switch to 44100
[  8.990] switch 1: Short Glide Tone (Music's rate for the track) needs 44100 Hz (DAC 96000); held at the gate; paused; boundary reached 0.656 s
[  9.020] virtual device -> 44100: 0
[  9.021] DAC format -> 44100.0 Hz 4 ch 32 bit flags 27: 0
[  9.023] virtual device latency -> 15434 frames: 0
[  9.024] other apps: restarting the player (the virtual device's rate is now 44100 Hz)
[  9.351] other apps -> MacBook Pro Speakers at 44100 Hz (AVAudioEngine + varispeed; target fill 2205 frames)
[ 10.283]   DAC ready after 0.928 s: phys 44100.0 Hz 4 ch 32 bit flags 27 / virt 44100.0 Hz 4 ch 32 bit flags 9
[ 10.284] B writes float32 in 4 bytes, channels 1/2 (virtual format 44100.0 Hz 4 ch 32 bit flags 9)
[ 10.324]   rewound to 0.000 (was 1.662, played ~0.151 s), play; switch 1 done 1.990 s after the request
[ 10.329] other apps meter (10 s): loopback ch 3-4 peak silent, player out peak silent; other apps: fill 2205 (target 2205), varispeed 1.000000, dry 0x, over 0; plug-in: ProcessOutput calls 106616, Music's 39227, other apps' frames 34502960, pid 57518; peak in 0.0000, read back 0.0000; time delta max 512 frames in 951 cycles
[ 10.836] clock: DAC scalar 1.000004 not steady yet; following it until the lock
[ 10.843] source depth from the samples: neither 16 nor 24 bit (on neither the 16- nor the 24-bit grid (136257 of 171412 samples): Music changes them (volume, Sound Check, EQ) or the source is float); Music's log said 16 bit
[ 14.395] clock: DAC scalar steady at 1.000004 after 3.6 s
[ 14.396] clock lock: phase0 15468.252, fill 15872, cycles A 2067 B 1983
[ 16.249] playerInfo: Stopped 
[ 16.280] decoder: 96000.0 Hz 24-bit (lossless)
[ 16.538] playerInfo: Playing Oh, Blest Is He That Came
[ 16.601] new track Oh, Blest Is He That Came (Music's rate for the track): decoder 96000.0 Hz lossless (seen 0.250 s before Playing), DAC 44100 Hz -> switch to 96000
[ 16.637] playerInfo: Playing Oh, Blest Is He That Came
[ 16.667] playerInfo: Paused Oh, Blest Is He That Came
[ 16.909] switch 2: Oh, Blest Is He That Came (Music's rate for the track) needs 96000 Hz (DAC 44100); held at the gate; paused; boundary reached 0.309 s
[ 16.945] virtual device -> 96000: 0
[ 16.946] DAC format -> 96000.0 Hz 4 ch 32 bit flags 27: 0
[ 16.949] virtual device latency -> 33600 frames: 0
[ 16.949] other apps: restarting the player (the virtual device's rate is now 96000 Hz)
[ 17.285] other apps -> MacBook Pro Speakers at 96000 Hz (AVAudioEngine + varispeed; target fill 4800 frames)
[ 18.179]   DAC ready after 0.894 s: phys 96000.0 Hz 4 ch 32 bit flags 27 / virt 96000.0 Hz 4 ch 32 bit flags 9
[ 18.180] B writes float32 in 4 bytes, channels 1/2 (virtual format 96000.0 Hz 4 ch 32 bit flags 9)
[ 18.224]   rewound to 0.000 (was 0.000, played ~0.132 s), play; switch 2 done 1.624 s after the request
[ 18.236] clock: DAC scalar 1.000003 not steady yet; following it until the lock
[ 18.333] playerInfo: Paused Oh, Blest Is He That Came
[ 18.333] playerInfo: Playing Oh, Blest Is He That Came
[ 19.757] source depth from the samples: 24 bit (98939 of 99317 samples off the 16-bit grid, all on the 24-bit grid)
[ 20.773] other apps meter (10 s): loopback ch 3-4 peak silent, player out peak silent; other apps: fill 4682 (target 4800), varispeed 0.999684, dry 0x, over 0; plug-in: ProcessOutput calls 109096, Music's 40468, other apps' frames 35137328, pid 57518; peak in 0.0000, read back 0.0000; time delta max 512 frames in 958 cycles
[ 21.768] clock: DAC scalar steady at 1.000004 after 3.5 s
[ 21.768] clock lock: phase0 31583.510, fill 33280, cycles A 3141 B 2972
[ 24.489] playerInfo: Stopped 
[ 24.558] decoder: 44100.0 Hz 16-bit (lossless)
[ 24.751] playerInfo: Playing Short Glide Tone
[ 24.830] new track Short Glide Tone (Music's rate for the track): decoder 44100.0 Hz lossless (seen 0.200 s before Playing), DAC 96000 Hz -> switch to 44100
[ 24.855] playerInfo: Playing Short Glide Tone
[ 24.904] playerInfo: Paused Short Glide Tone
[ 25.174] switch 3: Short Glide Tone (Music's rate for the track) needs 44100 Hz (DAC 96000); held at the gate; paused; boundary reached 0.344 s
[ 25.211] virtual device -> 44100: 0
[ 25.211] DAC format -> 44100.0 Hz 4 ch 32 bit flags 27: 0
[ 25.213] virtual device latency -> 15434 frames: 0
[ 25.213] other apps: restarting the player (the virtual device's rate is now 44100 Hz)
[ 25.555] other apps -> MacBook Pro Speakers at 44100 Hz (AVAudioEngine + varispeed; target fill 2205 frames)
[ 26.466]   DAC ready after 0.911 s: phys 44100.0 Hz 4 ch 32 bit flags 27 / virt 44100.0 Hz 4 ch 32 bit flags 9
[ 26.471] B writes float32 in 4 bytes, channels 1/2 (virtual format 44100.0 Hz 4 ch 32 bit flags 9)
[ 26.512]   rewound to 0.000 (was 0.000, played ~0.132 s), play; switch 3 done 1.681 s after the request
[ 26.598] playerInfo: Paused Short Glide Tone
[ 26.598] playerInfo: Playing Short Glide Tone
[ 27.021] clock: DAC scalar 1.000004 not steady yet; following it until the lock
[ 28.551] source depth from the samples: 16 bit (all 44745 on the 16-bit grid)
[ 30.562] clock: DAC scalar steady at 1.000004 after 3.5 s
[ 30.563] clock lock: phase0 14825.553, fill 15360, cycles A 4222 B 4016
[ 31.075] other apps meter (10 s): loopback ch 3-4 peak silent, player out peak silent; other apps: fill 2229 (target 2205), varispeed 0.999965, dry 0x, over 0; plug-in: ProcessOutput calls 111718, Music's 41779, other apps' frames 35808560, pid 57518; peak in 0.0000, read back 0.0000; time delta max 512 frames in 960 cycles
[ 31.327] 44100 Hz fill 15360 scalar 1.000004267 under 0 over 0; clock locked, DAC scalar 1.000004; 2026-09-29 13:35:42.328 -05:00
[ 31.330] music only: ProcessOutput calls 111762, Music's 41801, other apps' frames 35819824, pid 57518; peak in 0.0000, read back 0.0000; time delta max 512 frames in 960 cycles; other apps: fill 2229 (target 2205), varispeed 0.999974, dry 0x, over 0
[ 32.730] playerInfo: Stopped 
[ 32.747] decoder: 96000.0 Hz 24-bit (lossless)
[ 32.944] playerInfo: Playing Oh, Blest Is He That Came
[ 33.006] new track Oh, Blest Is He That Came (Music's rate for the track): decoder 96000.0 Hz lossless (seen 0.192 s before Playing), DAC 44100 Hz -> switch to 96000
[ 33.022] switch 4: Oh, Blest Is He That Came (Music's rate for the track) needs 96000 Hz (DAC 44100); latched at the gap before it (after the fact, 15245 frames back; B 115 frames before it); paused; boundary reached 0.016 s
[ 33.049] virtual device -> 96000: 0
[ 33.050] DAC format -> 96000.0 Hz 4 ch 32 bit flags 27: 0
[ 33.055] virtual device latency -> 33600 frames: 0
[ 33.055] other apps: restarting the player (the virtual device's rate is now 96000 Hz)
[ 33.373] other apps -> MacBook Pro Speakers at 96000 Hz (AVAudioEngine + varispeed; target fill 4800 frames)
[ 34.252]   DAC ready after 0.879 s: phys 96000.0 Hz 4 ch 32 bit flags 27 / virt 96000.0 Hz 4 ch 32 bit flags 9
[ 34.254] B writes float32 in 4 bytes, channels 1/2 (virtual format 96000.0 Hz 4 ch 32 bit flags 9)
[ 34.254] playerInfo: Playing Oh, Blest Is He That Came
[ 34.255] playerInfo: Paused Oh, Blest Is He That Came
[ 34.301]   rewound to 0.000 (was 0.000, played ~0.121 s), play; switch 4 done 1.295 s after the request
[ 34.393] playerInfo: Paused Oh, Blest Is He That Came
[ 34.393] playerInfo: Playing Oh, Blest Is He That Came
[ 34.814] clock: DAC scalar 1.000004 not steady yet; following it until the lock
[ 36.347] source depth from the samples: 24 bit (191765 of 192496 samples off the 16-bit grid, all on the 24-bit grid)
[ 38.354] clock: DAC scalar steady at 1.000004 after 3.5 s
[ 38.354] clock lock: phase0 36049.337, fill 33792, cycles A 5393 B 5096
[ 40.958] playerInfo: Stopped 
[ 40.973] decoder: 44100.0 Hz 16-bit (lossless)
[ 41.184] playerInfo: Playing Short Glide Tone
[ 41.262] new track Short Glide Tone (Music's rate for the track): decoder 44100.0 Hz lossless (seen 0.214 s before Playing), DAC 96000 Hz -> switch to 44100
[ 41.280] playerInfo: Playing Short Glide Tone
[ 41.318] playerInfo: Paused Short Glide Tone
[ 41.578] switch 5: Short Glide Tone (Music's rate for the track) needs 44100 Hz (DAC 96000); held at the gate; paused; boundary reached 0.316 s
[ 41.599] virtual device -> 44100: 0
[ 41.600] DAC format -> 44100.0 Hz 4 ch 32 bit flags 27: 0
[ 41.603] virtual device latency -> 15434 frames: 0
[ 41.603] other apps: restarting the player (the virtual device's rate is now 44100 Hz)
[ 41.933] other apps -> MacBook Pro Speakers at 44100 Hz (AVAudioEngine + varispeed; target fill 2205 frames)
[ 42.856]   DAC ready after 0.921 s: phys 44100.0 Hz 4 ch 32 bit flags 27 / virt 44100.0 Hz 4 ch 32 bit flags 9
[ 42.857] B writes float32 in 4 bytes, channels 1/2 (virtual format 44100.0 Hz 4 ch 32 bit flags 9)
[ 42.908]   rewound to 0.000 (was 0.000, played ~0.136 s), play; switch 5 done 1.646 s after the request
[ 42.913] other apps meter (10 s): loopback ch 3-4 peak silent, player out peak silent; other apps: fill 2205 (target 2205), varispeed 1.000000, dry 0x, over 0; plug-in: ProcessOutput calls 115376, Music's 43612, other apps' frames 36742616, pid 57518; peak in 0.0000, read back 0.0000; time delta max 803836 frames in 966 cycles
[ 42.948] playerInfo: Paused Short Glide Tone
[ 42.949] playerInfo: Playing Short Glide Tone
[ 43.426] clock: DAC scalar 1.000004 not steady yet; following it until the lock
[ 44.970] source depth from the samples: 16 bit (all 45223 on the 16-bit grid)
[ 46.973] clock: DAC scalar steady at 1.000004 after 3.5 s
[ 46.974] clock lock: phase0 15718.865, fill 15872, cycles A 6440 B 6106
[ 49.228] playerInfo: Stopped 
[ 49.255] decoder: 96000.0 Hz 24-bit (lossless)
[ 49.467] playerInfo: Playing Oh, Blest Is He That Came
[ 49.535] new track Oh, Blest Is He That Came (Music's rate for the track): decoder 96000.0 Hz lossless (seen 0.216 s before Playing), DAC 44100 Hz -> switch to 96000
[ 49.546] playerInfo: Playing Oh, Blest Is He That Came
[ 49.592] playerInfo: Paused Oh, Blest Is He That Came
[ 49.866] switch 6: Oh, Blest Is He That Came (Music's rate for the track) needs 96000 Hz (DAC 44100); held at the gate; paused; boundary reached 0.331 s
[ 49.889] virtual device -> 96000: 0
[ 49.890] DAC format -> 96000.0 Hz 4 ch 32 bit flags 27: 0
[ 49.892] virtual device latency -> 33600 frames: 0
[ 49.893] other apps: restarting the player (the virtual device's rate is now 96000 Hz)
[ 50.243] other apps -> MacBook Pro Speakers at 96000 Hz (AVAudioEngine + varispeed; target fill 4800 frames)
[ 51.141]   DAC ready after 0.898 s: phys 96000.0 Hz 4 ch 32 bit flags 27 / virt 96000.0 Hz 4 ch 32 bit flags 9
[ 51.142] B writes float32 in 4 bytes, channels 1/2 (virtual format 96000.0 Hz 4 ch 32 bit flags 9)
[ 51.181]   rewound to 0.000 (was 0.000, played ~0.126 s), play; switch 6 done 1.646 s after the request
[ 51.190] clock: DAC scalar 1.000003 not steady yet; following it until the lock
[ 51.248] playerInfo: Paused Oh, Blest Is He That Came
[ 51.249] playerInfo: Playing Oh, Blest Is He That Came
[ 52.700] source depth from the samples: 24 bit (96898 of 97269 samples off the 16-bit grid, all on the 24-bit grid)
[ 53.217] other apps meter (10 s): loopback ch 3-4 peak silent, player out peak silent; other apps: fill 4164 (target 4800), varispeed 0.999593, dry 0x, over 0; plug-in: ProcessOutput calls 117726, Music's 44787, other apps' frames 37344216, pid 57518; peak in 0.0000, read back 0.0000; time delta max 803836 frames in 969 cycles
[ 54.728] clock: DAC scalar steady at 1.000004 after 3.5 s
[ 54.728] clock lock: phase0 32515.871, fill 33280, cycles A 7548 B 7126
[ 57.350] playerInfo: Playing Oh, Blest Is He That Came
[ 57.398] playerInfo: Paused Oh, Blest Is He That Came
