[  0.000] log started 2026-09-29 06:25:03.187 -05:00; LosslessSwitcher 2.0 (build 24, commit 13c74f8), com.dizzysound.LosslessSwitcher.dev; macOS Version 27.0 (Build 26A428), MacBookPro18,3
[  0.000] engine started (virtual device)
[  0.037] microphone permission: granted
[  0.645] attached (pid 31994): 0
[  0.651] default output -> virtual device: 0
[  0.663] virtual device 311 @ 44100.0 Hz; scalar reset 0
[  0.753] A: output streams off: 0
[  0.848] start A: 0
[  0.849] DAC Babyface Pro (73020432) (de_RME_driver_USBAudioEngine:0) @ 44100.0 Hz, hog owner -1, my pid 31994
[  0.850] hog DAC: 0, hogged
[  0.852] DAC format -> 44100.0 Hz 4 ch 32 bit flags 27: 0
[  0.888] B: DAC inputs off: 0
[  1.101] start B: 0
[  1.613] DAC ready after 0.512 s: phys 44100.0 Hz 4 ch 32 bit flags 27 / virt 44100.0 Hz 4 ch 32 bit flags 9
[  1.614] B writes float32 in 4 bytes, channels 1/2 (virtual format 44100.0 Hz 4 ch 32 bit flags 9)
[  1.614] format listeners: 0 0
[  1.653] volume: forwarding to DAC elements 1,2 (-36.0 dB), linear in dB, 0 to -64 dB (4.0 dB per key step); mute emulated (DAC has none); slider -> 0.4375: 0, mute -> 0: 0
[  1.659] decoder: 44100.0 Hz (lossless)
[  1.659] playerInfo: Paused Badlands
[  1.682] playerInfo: Paused Badlands
[  1.689] playerInfo: Playing Badlands
[  1.689] new track Badlands: decoder 44100.0 Hz lossless (seen 1.293 s before Playing), DAC 44100 Hz
[  2.208] clock: DAC scalar 1.000005 not steady yet; following it until the lock
[  2.300] decoder: 44100.0 Hz (lossy)
[  5.758] clock: DAC scalar steady at 1.000005 after 3.5 s
[  5.758] clock lock: phase0 3566.105, fill 2048, cycles A 4664 B 4571
[ 31.700] 44100 Hz fill 1536 scalar 1.000007779 under 512 over 0; clock locked, DAC scalar 1.000008; 2026-09-29 06:25:34.887 -05:00
[ 32.271] playerInfo: Playing Real Thing
[ 32.271] new track Real Thing: the newest decoder line (44100 Hz, 29.501 s before Playing) may be the previous track's; waiting 1 s for its own
[ 33.278] no newer decoder line for Real Thing within 1 s; the earlier one decides
[ 33.282] new track Real Thing: decoder 44100.0 Hz lossless (seen 29.501 s before Playing), DAC 44100 Hz
[ 61.705] 44100 Hz fill 2048 scalar 1.000006959 under 512 over 0; clock locked, DAC scalar 1.000007; 2026-09-29 06:26:04.891 -05:00
[ 91.712] 44100 Hz fill 1536 scalar 1.000007868 under 512 over 0; clock locked, DAC scalar 1.000008; 2026-09-29 06:26:34.899 -05:00
[121.724] 44100 Hz fill 2048 scalar 1.000007852 under 512 over 0; clock locked, DAC scalar 1.000008; 2026-09-29 06:27:04.903 -05:00
[147.140] decoder: 44100.0 Hz (lossless)
[151.721] 44100 Hz fill 2048 scalar 1.000008065 under 512 over 0; clock locked, DAC scalar 1.000008; 2026-09-29 06:27:34.907 -05:00
[181.722] 44100 Hz fill 2048 scalar 1.000007840 under 512 over 0; clock locked, DAC scalar 1.000008; 2026-09-29 06:28:04.909 -05:00
[211.734] 44100 Hz fill 2048 scalar 1.000007848 under 512 over 0; clock locked, DAC scalar 1.000008; 2026-09-29 06:28:34.920 -05:00
[241.748] 44100 Hz fill 2048 scalar 1.000007818 under 512 over 0; clock locked, DAC scalar 1.000008; 2026-09-29 06:29:04.926 -05:00
[271.744] 44100 Hz fill 2048 scalar 1.000008009 under 512 over 0; clock locked, DAC scalar 1.000008; 2026-09-29 06:29:34.931 -05:00
[275.443] playerInfo: Playing False Start
[275.443] new track False Start: decoder 44100.0 Hz lossless (seen 128.301 s before Playing), DAC 44100 Hz
[276.361] decoder: 96000.0 Hz (lossless)
[301.757] 44100 Hz fill 2048 scalar 1.000008193 under 512 over 0; clock locked, DAC scalar 1.000008; 2026-09-29 06:30:04.944 -05:00
[331.766] 44100 Hz fill 2048 scalar 1.000008071 under 512 over 0; clock locked, DAC scalar 1.000008; 2026-09-29 06:30:34.952 -05:00
[334.804] playerInfo: Stopped 
[334.863] playerInfo: Playing Born to Run
[334.863] new track Born to Run: the newest decoder line (96000 Hz, 58.498 s before Playing) may be the previous track's; waiting 1 s for its own
[334.921] playerInfo: Playing Born to Run
[335.430] decoder: 44100.0 Hz (lossless)
[335.430] new track Born to Run: decoder 44100.0 Hz lossless (seen -0.568 s before Playing), DAC 44100 Hz
[361.767] 44100 Hz fill 2048 scalar 1.000007543 under 512 over 0; clock locked, DAC scalar 1.000008; 2026-09-29 06:31:04.954 -05:00
[391.782] 44100 Hz fill 2048 scalar 1.000007670 under 512 over 0; clock locked, DAC scalar 1.000008; 2026-09-29 06:31:34.969 -05:00
[410.929] playerInfo: Stopped 
[410.976] decoder: 96000.0 Hz 24-bit (lossless)
[411.150] playerInfo: Playing Oh, Blest Is He That Came
[411.152] new track Oh, Blest Is He That Came: decoder 96000.0 Hz lossless (seen 0.167 s before Playing), DAC 44100 Hz -> switch to 96000
[411.179] switch 1: Oh, Blest Is He That Came needs 96000 Hz (DAC 44100); not latched: cut at the play position; paused; boundary reached 0.027 s
[411.204] virtual device -> 96000: 0
[411.205] DAC format -> 96000.0 Hz 4 ch 32 bit flags 27: 0
[412.412]   DAC ready after 1.207 s: phys 96000.0 Hz 4 ch 32 bit flags 27 / virt 96000.0 Hz 4 ch 32 bit flags 9
[412.413] B writes float32 in 4 bytes, channels 1/2 (virtual format 96000.0 Hz 4 ch 32 bit flags 9)
[412.413] playerInfo: Playing Oh, Blest Is He That Came
[412.413] playerInfo: Paused Oh, Blest Is He That Came
[412.458]   rewound to 0.000 (was 0.000, played ~0.058 s), play; switch 1 done 1.306 s after the request
[412.493] playerInfo: Paused Oh, Blest Is He That Came
[412.493] playerInfo: Playing Oh, Blest Is He That Came
[412.966] clock: DAC scalar 1.000005 not steady yet; following it until the lock
[416.516] clock: DAC scalar steady at 1.000005 after 3.5 s
[416.516] clock lock: phase0 34573.466, fill 1536, cycles A 40547 B 40359
[421.789] 96000 Hz fill 1536 scalar 1.000005972 under 512 over 0; clock locked, DAC scalar 1.000006; 2026-09-29 06:32:04.976 -05:00
[451.795] 96000 Hz fill 1536 scalar 1.000008137 under 512 over 0; clock locked, DAC scalar 1.000008; 2026-09-29 06:32:34.982 -05:00
[481.808] 96000 Hz fill 2048 scalar 1.000007699 under 512 over 0; clock locked, DAC scalar 1.000008; 2026-09-29 06:33:04.994 -05:00
[511.817] 96000 Hz fill 1536 scalar 1.000007678 under 512 over 0; clock locked, DAC scalar 1.000008; 2026-09-29 06:33:35.003 -05:00
[530.645] playerInfo: Paused Oh, Blest Is He That Came
[530.675] playerInfo: Stopped 
[530.761] playerInfo: Stopped 
[541.824] 96000 Hz fill 2048 scalar 1.000007758 under 512 over 0; clock locked, DAC scalar 1.000008; 2026-09-29 06:34:05.011 -05:00
[571.831] 96000 Hz fill 1536 scalar 1.000007870 under 512 over 0; clock locked, DAC scalar 1.000008; 2026-09-29 06:34:35.018 -05:00
[590.648] Music idle 60 s: stepping aside (DAC and default output given back)
[590.724] hog released: 0, owner -1
[590.727] virtual device scalar reset: 0
[590.732] default output restored to Babyface Pro (73020432): 0
[593.750] default output after 3 s: Babyface Pro (73020432)
[593.754] detached (pid 0): 0
[594.000] DAC probe: start 0 after 0.209 s
[601.839] 96000 Hz fill 0 scalar 1.000007925 under 5120 over 0; clock stepped aside, DAC scalar 1.000008; 2026-09-29 06:35:05.026 -05:00
[619.489] playerInfo: Playing Badlands
[619.489] playback began while stepped aside (Badlands); taking the output back
[619.556] playerInfo: Playing Badlands
[619.556] playerInfo: Paused Badlands
[619.571] attached (pid 31994): 0
[619.575] default output -> virtual device: 0
[619.581] virtual device 311 @ 96000.0 Hz; scalar reset 0
[619.640] A: output streams off: 0
[619.691] start A: 0
[619.691] DAC Babyface Pro (73020432) (de_RME_driver_USBAudioEngine:0) @ 96000.0 Hz, hog owner -1, my pid 31994
[619.692] hog DAC: 0, hogged
[619.694] DAC format -> 96000.0 Hz 4 ch 32 bit flags 27: 0
[619.734] B: DAC inputs off: 0
[619.932] start B: 0
[620.442] DAC ready after 0.510 s: phys 96000.0 Hz 4 ch 32 bit flags 27 / virt 96000.0 Hz 4 ch 32 bit flags 9
[620.443] B writes float32 in 4 bytes, channels 1/2 (virtual format 96000.0 Hz 4 ch 32 bit flags 9)
[620.443] format listeners: 0 0
[620.466] volume: forwarding to DAC elements 1,2 (-36.0 dB), linear in dB, 0 to -64 dB (4.0 dB per key step); mute emulated (DAC has none); slider -> 0.4375: 0, mute -> 0: 0
[620.619] playerInfo: Paused Badlands
[620.619] decoder: 44100.0 Hz (lossy)
[620.627] switch 2: Badlands restarts at 96000 Hz (no rate change); not latched: cut at the play position; paused; boundary reached 0.019 s
[620.673]   rewound to 0.000 (was 0.000, played ~0.120 s), play; switch 2 done 0.065 s after the request
[620.688] playerInfo: Paused Badlands
[620.688] playerInfo: Playing Badlands
[620.692] clock: DAC scalar 1.000003 not steady yet; following it until the lock
[624.254] clock: DAC scalar steady at 1.000005 after 3.6 s
[624.254] clock lock: phase0 7671.723, fill 2048, cycles A 74053 B 73831
[631.842] 96000 Hz fill 2048 scalar 1.000005456 under 5120 over 0; clock locked, DAC scalar 1.000006; 2026-09-29 06:35:35.028 -05:00
[661.850] 96000 Hz fill 1536 scalar 1.000006669 under 5120 over 0; clock locked, DAC scalar 1.000007; 2026-09-29 06:36:05.037 -05:00
[691.851] 96000 Hz fill 2048 scalar 1.000007958 under 5120 over 0; clock locked, DAC scalar 1.000008; 2026-09-29 06:36:35.038 -05:00
[721.854] 96000 Hz fill 2048 scalar 1.000008105 under 5120 over 0; clock locked, DAC scalar 1.000008; 2026-09-29 06:37:05.041 -05:00
[725.324] playerInfo: Stopped 
[725.339] decoder: 44100.0 Hz 16-bit (lossless)
[725.505] playerInfo: Playing The Right Rite (Higher Things Crucified 2014)
[725.508] new track The Right Rite (Higher Things Crucified 2014): decoder 44100.0 Hz lossless (seen 0.170 s before Playing), DAC 96000 Hz -> switch to 44100
[725.536] switch 3: The Right Rite (Higher Things Crucified 2014) needs 44100 Hz (DAC 96000); not latched: cut at the play position; paused; boundary reached 0.028 s
[725.556] virtual device -> 44100: 0
[725.556] DAC format -> 44100.0 Hz 4 ch 32 bit flags 27: 0
[726.791]   DAC ready after 1.234 s: phys 44100.0 Hz 4 ch 32 bit flags 27 / virt 44100.0 Hz 4 ch 32 bit flags 9
[726.792] B writes float32 in 4 bytes, channels 1/2 (virtual format 44100.0 Hz 4 ch 32 bit flags 9)
[726.792] playerInfo: Playing The Right Rite (Higher Things Crucified 2014)
[726.792] playerInfo: Paused The Right Rite (Higher Things Crucified 2014)
[726.852]   rewound to 0.000 (was 0.000, played ~0.057 s), play; switch 3 done 1.344 s after the request
[726.936] playerInfo: Paused The Right Rite (Higher Things Crucified 2014)
[726.936] playerInfo: Playing The Right Rite (Higher Things Crucified 2014)
[727.364] clock: DAC scalar 1.000004 not steady yet; following it until the lock
[730.919] clock: DAC scalar steady at 1.000005 after 3.6 s
[730.919] clock lock: phase0 17729.623, fill 2048, cycles A 93493 B 93227
[751.866] 44100 Hz fill 2048 scalar 1.000008114 under 5120 over 0; clock locked, DAC scalar 1.000008; 2026-09-29 06:37:35.052 -05:00
[781.878] 44100 Hz fill 2048 scalar 1.000007854 under 5120 over 0; clock locked, DAC scalar 1.000008; 2026-09-29 06:38:05.065 -05:00
[811.884] 44100 Hz fill 2048 scalar 1.000008148 under 5120 over 0; clock locked, DAC scalar 1.000008; 2026-09-29 06:38:35.071 -05:00
[841.895] 44100 Hz fill 2048 scalar 1.000008537 under 5120 over 0; clock locked, DAC scalar 1.000009; 2026-09-29 06:39:05.082 -05:00
[871.899] 44100 Hz fill 2048 scalar 1.000008375 under 5120 over 0; clock locked, DAC scalar 1.000008; 2026-09-29 06:39:35.085 -05:00
[901.908] 44100 Hz fill 2048 scalar 1.000008528 under 5120 over 0; clock locked, DAC scalar 1.000009; 2026-09-29 06:40:05.094 -05:00
[931.913] 44100 Hz fill 2048 scalar 1.000008464 under 5120 over 0; clock locked, DAC scalar 1.000009; 2026-09-29 06:40:35.099 -05:00
[961.924] 44100 Hz fill 2048 scalar 1.000008621 under 5120 over 0; clock locked, DAC scalar 1.000009; 2026-09-29 06:41:05.111 -05:00
[991.926] 44100 Hz fill 2048 scalar 1.000007313 under 5120 over 0; clock locked, DAC scalar 1.000008; 2026-09-29 06:41:35.113 -05:00
[1021.934] 44100 Hz fill 2048 scalar 1.000008623 under 5120 over 0; clock locked, DAC scalar 1.000009; 2026-09-29 06:42:05.120 -05:00
[1051.943] 44100 Hz fill 1536 scalar 1.000008332 under 5120 over 0; clock locked, DAC scalar 1.000009; 2026-09-29 06:42:35.129 -05:00
[1081.956] 44100 Hz fill 2048 scalar 1.000008716 under 5120 over 0; clock locked, DAC scalar 1.000009; 2026-09-29 06:43:05.143 -05:00
[1111.969] 44100 Hz fill 2048 scalar 1.000008748 under 5120 over 0; clock locked, DAC scalar 1.000009; 2026-09-29 06:43:35.156 -05:00
[1141.978] 44100 Hz fill 1536 scalar 1.000008813 under 5120 over 0; clock locked, DAC scalar 1.000009; 2026-09-29 06:44:05.165 -05:00
[1171.992] 44100 Hz fill 2048 scalar 1.000008904 under 5120 over 0; clock locked, DAC scalar 1.000009; 2026-09-29 06:44:35.179 -05:00
[1202.002] 44100 Hz fill 1536 scalar 1.000008789 under 5120 over 0; clock locked, DAC scalar 1.000009; 2026-09-29 06:45:05.189 -05:00
[1232.009] 44100 Hz fill 2048 scalar 1.000008800 under 5120 over 0; clock locked, DAC scalar 1.000009; 2026-09-29 06:45:35.196 -05:00
[1262.018] 44100 Hz fill 2048 scalar 1.000008940 under 5120 over 0; clock locked, DAC scalar 1.000009; 2026-09-29 06:46:05.204 -05:00
[1292.030] 44100 Hz fill 2048 scalar 1.000008233 under 5120 over 0; clock locked, DAC scalar 1.000008; 2026-09-29 06:46:35.216 -05:00
[1322.035] 44100 Hz fill 2048 scalar 1.000008816 under 5120 over 0; clock locked, DAC scalar 1.000009; 2026-09-29 06:47:05.222 -05:00
[1352.037] 44100 Hz fill 2048 scalar 1.000009280 under 5120 over 0; clock locked, DAC scalar 1.000009; 2026-09-29 06:47:35.224 -05:00
