[  0.000] log started 2026-09-29 06:23:51.887 -05:00; LosslessSwitcher 2.0 (build 24, commit 13c74f8), com.dizzysound.LosslessSwitcher.dev; macOS Version 27.0 (Build 26A428), MacBookPro18,3
[  0.001] engine started (virtual device)
[  0.012] microphone permission: not determined; asking, and leaving the output alone until it is answered
[  2.701] microphone permission granted
[  2.735] attached (pid 31994): 0
[  2.745] default output -> virtual device: 0
[  2.749] virtual device 132 @ 44100.0 Hz; scalar reset 0
[  2.798] A: output streams off: 0
[  2.906] start A: 0
[  2.906] DAC Babyface Pro (73020432) (de_RME_driver_USBAudioEngine:0) @ 44100.0 Hz, hog owner -1, my pid 31994
[  3.115] hog DAC: 0, hogged
[  3.121] DAC format -> 44100.0 Hz 4 ch 32 bit flags 27: 0
[  3.165] B: DAC inputs off: 0
[  3.780] start B: 0
[  4.295] DAC ready after 0.514 s: phys 44100.0 Hz 4 ch 32 bit flags 27 / virt 44100.0 Hz 4 ch 32 bit flags 9
[  4.297] B writes float32 in 4 bytes, channels 1/2 (virtual format 44100.0 Hz 4 ch 32 bit flags 9)
[  4.297] format listeners: 0 0
[  4.304] volume: forwarding to DAC elements 1,2 (-36.0 dB), linear in dB, 0 to -64 dB (4.0 dB per key step); mute emulated (DAC has none); slider -> 0.4375: 0, mute -> 0: 0
[  4.811] clock: DAC scalar 1.000005 not steady yet; following it until the lock
[  8.362] clock: DAC scalar steady at 1.000005 after 3.6 s
[  8.362] clock lock: phase0 30837.902, fill 1536, cycles A 470 B 395
[ 34.317] 44100 Hz fill 1536 scalar 1.000008473 under 0 over 0; clock locked, DAC scalar 1.000008; 2026-09-29 06:24:26.203 -05:00
[ 52.404] hog released: 0, owner -1
[ 52.405] virtual device scalar reset: 0
[ 52.410] default output restored to Babyface Pro (73020432): 0
[ 55.461] default output after 3 s: Babyface Pro (73020432)
[ 55.463] detached (pid 0): 0
[ 55.467] engine stopped
