[  0.000] log started 2026-09-29 06:56:51.441 -05:00; LosslessSwitcher 2.0 (build 24, commit ccbaf2a), com.dizzysound.LosslessSwitcher.dev; macOS Version 27.0 (Build 26A428), MacBookPro18,3
[  0.002] engine started (virtual device)
[  0.015] microphone permission: not determined; asking, and leaving the output alone until it is answered
[ 28.913] microphone permission granted
[ 28.948] attached (pid 44119): 0
[ 28.966] default output -> virtual device: 0
[ 28.974] virtual device 166 @ 44100.0 Hz; scalar reset 0
[ 29.029] A: output streams off: 0
[ 29.176] start A: 0
[ 29.176] DAC Babyface Pro (73020432) (de_RME_driver_USBAudioEngine:0) @ 44100.0 Hz, hog owner -1, my pid 44119
[ 29.179] hog DAC: 0, hogged
[ 29.181] DAC format -> 44100.0 Hz 4 ch 32 bit flags 27: 0
[ 29.232] B: DAC inputs off: 0
[ 29.447] start B: 0
[ 29.952] DAC ready after 0.504 s: phys 44100.0 Hz 4 ch 32 bit flags 27 / virt 44100.0 Hz 4 ch 32 bit flags 9
[ 29.954] B writes float32 in 4 bytes, channels 1/2 (virtual format 44100.0 Hz 4 ch 32 bit flags 9)
[ 29.954] format listeners: 0 0
[ 29.996] volume: forwarding to DAC elements 1,2 (-36.0 dB), linear in dB, 0 to -64 dB (4.0 dB per key step); mute emulated (DAC has none); slider -> 0.4375: 0, mute -> 0: 0
[ 30.520] clock: DAC scalar 1.000005 not steady yet; following it until the lock
[ 34.048] clock: DAC scalar steady at 1.000005 after 3.5 s
[ 34.048] clock lock: phase0 4880.049, fill 1536, cycles A 420 B 396
[ 40.002] Music idle 10 s: stepping aside (DAC and default output given back)
[ 40.062] hog released: 0, owner -1
[ 40.069] virtual device scalar reset: 0
[ 40.072] default output restored to Babyface Pro (73020432): 0
[ 43.084] default output after 3 s: Babyface Pro (73020432)
[ 43.087] detached (pid 0): 0
[ 43.338] DAC probe: start 0 after 0.221 s
[ 49.177] playerInfo: Stopped 
[ 49.264] decoder: 96000.0 Hz 24-bit (lossless)
[ 49.484] playerInfo: Playing Oh, Blest Is He That Came
[ 49.484] playback began while stepped aside (Oh, Blest Is He That Came); taking the output back
[ 49.540] playerInfo: Playing Oh, Blest Is He That Came
[ 49.793] playerInfo: Paused Oh, Blest Is He That Came
[ 49.805] attached (pid 44119): 0
[ 49.821] default output -> virtual device: 0
[ 49.827] virtual device 166 @ 44100.0 Hz; scalar reset 0
[ 49.835] A: output streams off: 0
[ 49.870] start A: 0
[ 49.871] DAC Babyface Pro (73020432) (de_RME_driver_USBAudioEngine:0) @ 44100.0 Hz, hog owner -1, my pid 44119
[ 49.946] DAC was still running for another client; stopped after 0.076 s
[ 49.949] hog DAC: 0, hogged
[ 49.954] DAC format -> 44100.0 Hz 4 ch 32 bit flags 27: 0
[ 49.973] B: DAC inputs off: 0
[ 50.182] start B: 0
[ 50.686] DAC ready after 0.502 s: phys 44100.0 Hz 4 ch 32 bit flags 27 / virt 44100.0 Hz 4 ch 32 bit flags 9
[ 50.688] B writes float32 in 4 bytes, channels 1/2 (virtual format 44100.0 Hz 4 ch 32 bit flags 9)
[ 50.688] format listeners: 0 0
[ 50.754] volume: forwarding to DAC elements 1,2 (-36.0 dB), linear in dB, 0 to -64 dB (4.0 dB per key step); mute emulated (DAC has none); slider -> 0.4375: 0, mute -> 0: 0
[ 50.757] resume: Oh, Blest Is He That Came at 96000 Hz (its decoder line)
[ 50.789] switch 1: Oh, Blest Is He That Came needs 96000 Hz (DAC 44100); not latched: cut at the play position; paused; boundary reached 0.028 s
[ 50.822] virtual device -> 96000: 0
[ 50.823] DAC format -> 96000.0 Hz 4 ch 32 bit flags 27: 0
[ 52.109]   DAC ready after 1.285 s: phys 96000.0 Hz 4 ch 32 bit flags 27 / virt 96000.0 Hz 4 ch 32 bit flags 9
[ 52.110] B writes float32 in 4 bytes, channels 1/2 (virtual format 96000.0 Hz 4 ch 32 bit flags 9)
[ 52.147]   rewound to 0.000 (was 0.000, played ~0.106 s), play; switch 1 done 1.385 s after the request
[ 52.163] playerInfo: Paused Oh, Blest Is He That Came
[ 52.168] clock: DAC scalar 1.000005 not steady yet; following it until the lock
[ 52.184] playerInfo: Playing Oh, Blest Is He That Came
[ 55.723] clock: DAC scalar steady at 1.000005 after 3.6 s
[ 55.723] clock lock: phase0 42483.633, fill 1536, cycles A 1897 B 1742
[ 60.009] 96000 Hz fill 2048 scalar 1.000005341 under 512 over 0; clock locked, DAC scalar 1.000005; 2026-09-29 06:57:51.449 -05:00
[ 64.703] playerInfo: Playing Oh, Blest Is He That Came
[ 64.746] playerInfo: Paused Oh, Blest Is He That Came
[ 74.747] Music idle 10 s: stepping aside (DAC and default output given back)
[ 74.821] hog released: 0, owner -1
[ 74.823] virtual device scalar reset: 0
[ 74.829] default output restored to Babyface Pro (73020432): 0
[ 77.855] default output after 3 s: Babyface Pro (73020432)
[ 77.858] detached (pid 0): 0
[ 78.094] DAC probe: start 0 after 0.206 s
[ 78.382] playerInfo: Stopped 
[ 78.394] decoder: 44100.0 Hz 16-bit (lossless)
[ 78.630] playerInfo: Playing 2014-08-20
[ 78.630] playback began while stepped aside (2014-08-20); taking the output back
[ 79.042] playerInfo: Playing 2014-08-20
[ 79.083] playerInfo: Paused 2014-08-20
[ 79.115] attached (pid 44119): 0
[ 79.126] default output -> virtual device: 0
[ 79.134] virtual device 166 @ 96000.0 Hz; scalar reset 0
[ 79.145] A: output streams off: 0
[ 79.179] start A: 0
[ 79.180] DAC Babyface Pro (73020432) (de_RME_driver_USBAudioEngine:0) @ 96000.0 Hz, hog owner -1, my pid 44119
[ 79.257] DAC was still running for another client; stopped after 0.077 s
[ 79.258] hog DAC: 0, hogged
[ 79.263] DAC format -> 96000.0 Hz 4 ch 32 bit flags 27: 0
[ 79.286] B: DAC inputs off: 0
[ 79.489] start B: 0
[ 80.003] DAC ready after 0.513 s: phys 96000.0 Hz 4 ch 32 bit flags 27 / virt 96000.0 Hz 4 ch 32 bit flags 9
[ 80.004] B writes float32 in 4 bytes, channels 1/2 (virtual format 96000.0 Hz 4 ch 32 bit flags 9)
[ 80.004] format listeners: 0 0
[ 80.051] volume: forwarding to DAC elements 1,2 (-36.0 dB), linear in dB, 0 to -64 dB (4.0 dB per key step); mute emulated (DAC has none); slider -> 0.4375: 0, mute -> 0: 0
[ 80.053] resume: 2014-08-20 at 44100 Hz (its decoder line)
[ 80.075] switch 2: 2014-08-20 needs 44100 Hz (DAC 96000); not latched: cut at the play position; paused; boundary reached 0.019 s
[ 80.095] virtual device -> 44100: 0
[ 80.096] DAC format -> 44100.0 Hz 4 ch 32 bit flags 27: 0
[ 81.396]   DAC ready after 1.299 s: phys 44100.0 Hz 4 ch 32 bit flags 27 / virt 44100.0 Hz 4 ch 32 bit flags 9
[ 81.396] B writes float32 in 4 bytes, channels 1/2 (virtual format 44100.0 Hz 4 ch 32 bit flags 9)
[ 81.448]   rewound to 0.000 (was 0.225, played ~0.435 s), play; switch 2 done 1.391 s after the request
[ 81.485] playerInfo: Paused 2014-08-20
[ 81.485] playerInfo: Playing 2014-08-20
[ 81.969] clock: DAC scalar 1.000005 not steady yet; following it until the lock
[ 85.521] clock: DAC scalar steady at 1.000005 after 3.6 s
[ 85.521] clock lock: phase0 18924.765, fill 2048, cycles A 6080 B 5838
[ 90.017] 44100 Hz fill 2048 scalar 1.000005187 under 5120 over 0; clock locked, DAC scalar 1.000005; 2026-09-29 06:58:21.458 -05:00
[ 95.827] playerInfo: Stopped 
[ 95.855] decoder: 96000.0 Hz 24-bit (lossless)
[ 96.072] playerInfo: Playing Oh, Blest Is He That Came
[ 96.073] new track Oh, Blest Is He That Came: decoder 96000.0 Hz lossless (seen 0.225 s before Playing), DAC 44100 Hz -> switch to 96000
[ 96.111] switch 3: Oh, Blest Is He That Came needs 96000 Hz (DAC 44100); not latched: cut at the play position; paused; boundary reached 0.038 s
[ 96.133] virtual device -> 96000: 0
[ 96.134] DAC format -> 96000.0 Hz 4 ch 32 bit flags 27: 0
[ 97.357]   DAC ready after 1.223 s: phys 96000.0 Hz 4 ch 32 bit flags 27 / virt 96000.0 Hz 4 ch 32 bit flags 9
[ 97.358] B writes float32 in 4 bytes, channels 1/2 (virtual format 96000.0 Hz 4 ch 32 bit flags 9)
[ 97.428]   rewound to 0.000 (was 1.285, played ~0.056 s), play; switch 3 done 1.355 s after the request
[ 97.431] clock: DAC scalar 1.000005 not steady yet; following it until the lock
[100.991] clock: DAC scalar steady at 1.000005 after 3.6 s
[100.992] clock lock: phase0 38937.654, fill 2048, cycles A 7867 B 7530
[105.146] playerInfo: Playing Oh, Blest Is He That Came
[105.187] playerInfo: Paused Oh, Blest Is He That Came
[115.197] Music idle 10 s: stepping aside (DAC and default output given back)
[115.280] hog released: 0, owner -1
[115.282] virtual device scalar reset: 0
[115.287] default output restored to Babyface Pro (73020432): 0
[118.310] default output after 3 s: Babyface Pro (73020432)
[118.314] detached (pid 0): 0
[118.555] DAC probe: start 0 after 0.208 s
[118.884] playerInfo: Stopped 
[118.909] playerInfo: Playing Badlands
[118.909] playback began while stepped aside (Badlands); taking the output back
[119.670] decoder: 44100.0 Hz (lossy)
[119.969] playerInfo: Playing Badlands
[119.972] new track Badlands: decoder 44100.0 Hz lossy (seen 0.286 s before Playing), DAC 96000 Hz -> switch to 44100
[120.155] playerInfo: Playing Badlands
[120.163] playerInfo: Paused Badlands
[121.150] switch 4: Badlands needs 44100 Hz (DAC 96000); not latched: cut at the play position; paused; boundary NOT reached 1.178 s
[121.176] virtual device -> 44100: 0
[121.177] DAC format -> 44100.0 Hz 4 ch 32 bit flags 27: 0
[133.216]   DAC NOT ready after 12.038 s: phys 44100.0 Hz 4 ch 32 bit flags 27 / virt 44100.0 Hz 4 ch 32 bit flags 9
[133.217] B writes float32 in 4 bytes, channels 1/2 (virtual format 44100.0 Hz 4 ch 32 bit flags 9)
[134.253] attached (pid 44119): 0
[134.267] default output was Babyface Pro (73020432); back to the virtual device: 0
[134.274]   rewound to 0.000 (was 0.000, played ~0.059 s), play; switch 4 done 14.301 s after the request
[134.287] attached (pid 44119): 0
[134.292] virtual device 166 @ 44100.0 Hz; scalar reset 0
[134.332] A: output streams off: 0
[134.406] start A: 0
[134.407] DAC Babyface Pro (73020432) (de_RME_driver_USBAudioEngine:0) @ 44100.0 Hz, hog owner -1, my pid 44119
[134.572] DAC was still running for another client; stopped after 0.165 s
[134.573] hog DAC: 0, hogged
[134.575] DAC format -> 44100.0 Hz 4 ch 32 bit flags 27: 0
[134.588] B: DAC inputs off: 0
[134.802] start B: 0
[135.311] DAC ready after 0.508 s: phys 44100.0 Hz 4 ch 32 bit flags 27 / virt 44100.0 Hz 4 ch 32 bit flags 9
[135.312] B writes float32 in 4 bytes, channels 1/2 (virtual format 44100.0 Hz 4 ch 32 bit flags 9)
[135.313] format listeners: 0 0
[135.367] volume: forwarding to DAC elements 1,2 (-36.0 dB), linear in dB, 0 to -64 dB (4.0 dB per key step); mute emulated (DAC has none); slider -> 0.4375: 0, mute -> 0: 0
[135.378] playerInfo: Paused Badlands
[135.379] playerInfo: Playing Badlands
[135.379] gate released (same track) < 10 ms after the output started
[135.407] switch 5: Badlands restarts at 44100 Hz (no rate change); not latched: cut at the play position; paused; boundary reached 0.020 s
[135.407] playerInfo: Playing Badlands
[135.479]   rewound to 0.000 (was 0.947, played ~0.085 s), play; switch 5 done 0.092 s after the request
[135.599] playerInfo: Paused Badlands
[135.599] playerInfo: Paused Badlands
[135.600] playerInfo: Playing Badlands
[135.603] clock: DAC scalar 1.000005 not steady yet; following it until the lock
[135.608] 44100 Hz fill 2048 scalar 1.000004701 under 10240 over 0; clock waiting (DAC scalar not steady, following it), DAC scalar 1.000005; 2026-09-29 06:59:07.041 -05:00
[139.140] clock: DAC scalar steady at 1.000005 after 3.5 s
[139.141] clock lock: phase0 9740.923, fill 2048, cycles A 10938 B 10581
[165.602] 44100 Hz fill 2048 scalar 1.000008345 under 10240 over 0; clock locked, DAC scalar 1.000008; 2026-09-29 06:59:37.043 -05:00
[195.611] 44100 Hz fill 1536 scalar 1.000007837 under 10240 over 0; clock locked, DAC scalar 1.000008; 2026-09-29 07:00:07.052 -05:00
