[  0.000] log started 2026-09-29 12:26:47.965 -05:00; LosslessSwitcher 2.0 (build 24, commit 4915970), com.dizzysound.LosslessSwitcher.dev; macOS Version 27.0 (Build 26A428), MacBookPro18,3
[  0.002] engine started (virtual device)
[  0.009] debug recording to /tmp/skip2/rec.* (150 s)
[  0.016] microphone permission: granted
[  0.034] attached (pid 57982): 0
[  0.038] music only: 'LSmx' = 57518 (Music; was 0): 0
[  0.046] default output -> virtual device: 0
[  0.053] virtual device 278 @ 48000.0 Hz; scalar reset 0
[  0.081] A: output streams off: 0
[  0.190] start A: 0
[  0.190] DAC Babyface Pro (73020432) (de_RME_driver_USBAudioEngine:0) @ 48000.0 Hz, hog owner -1, my pid 57982
[  0.194] hog DAC: 0, hogged
[  0.196] DAC format -> 48000.0 Hz 4 ch 32 bit flags 27: 0
[  0.201] virtual device latency -> 16800 frames: 0
[  0.307] B: DAC inputs off: 0
[  0.504] start B: 0
[  1.009] DAC ready after 0.505 s: phys 48000.0 Hz 4 ch 32 bit flags 27 / virt 48000.0 Hz 4 ch 32 bit flags 9
[  1.010] B writes float32 in 4 bytes, channels 1/2 (virtual format 48000.0 Hz 4 ch 32 bit flags 9)
[  1.010] format listeners: 0 0
[  1.048] volume: forwarding to DAC elements 1,2 (-60.0 dB), linear in dB, 0 to -64 dB (4.0 dB per key step); mute emulated (DAC has none); slider -> 0.0625: 0, mute -> 0: 0
[  1.052] other apps and alert sounds: MacBook Pro Speakers (built-in speakers (automatic))
[  1.192] other apps -> MacBook Pro Speakers at 48000 Hz (AVAudioEngine + varispeed; target fill 2400 frames)
[  1.199] playerInfo: Playing Who Wants To Live Forever? (feat. Judeline)
[  1.227] new track Who Wants To Live Forever? (feat. Judeline) (Music's rate for the track; no decoder line at it yet): decoder 48000.0 Hz lossless (seen 0.000 s before Playing), DAC 48000 Hz
[  1.227] gate released (same rate) < 10 ms after the output started
[  1.227] playerInfo: Paused Who Wants To Live Forever? (feat. Judeline)
[  1.228] decoder: 48000.0 Hz (lossless)
[  1.235] playerInfo: Paused Who Wants To Live Forever? (feat. Judeline)
[  1.235] playerInfo: Playing Who Wants To Live Forever? (feat. Judeline)
[  1.235] gate released (same track) < 10 ms after the output started
[  1.742] clock: DAC scalar 1.000004 not steady yet; following it until the lock
[  5.293] clock: DAC scalar steady at 1.000004 after 3.6 s
[  5.293] clock lock: phase0 7584.300, fill 17920, cycles A 478 B 449
[  5.987] decoder: 48000.0 Hz (lossless)
[  6.269] playerInfo: Playing I Know You Can Feel It
[  6.324] new track I Know You Can Feel It (Music's rate for the track): decoder 48000.0 Hz lossless (seen 0.283 s before Playing), DAC 48000 Hz
[ 10.382] other apps meter (10 s): loopback ch 3-4 peak silent, player out peak silent; other apps: fill 2132 (target 2400), varispeed 1.000013, dry 0x, over 0; plug-in: ProcessOutput calls 2921, Music's 896, other apps' frames 1036800, pid 57518; peak in 0.0000, read back 0.0000; time delta max 512 frames in 1 cycles
[ 14.186] decoder: 44100.0 Hz (lossless)
[ 14.483] next track needs 44100 Hz; 506.88 s left, arming the boundary latch in 0.00 s and again in 505.38 s
[ 14.485] boundary latch: the skip's gap is 15392 frames back, B 3040 frames before it; latched there
[ 14.485] latched at ring 670688 (fill 18432)
[ 14.498] playerInfo: Playing Coward
[ 14.519] new track Coward (Music's rate for the track): decoder 44100.0 Hz lossless (seen 0.274 s before Playing), DAC 48000 Hz -> switch to 44100
[ 14.534] playerInfo: Playing Coward
[ 14.541] switch 1: Coward (Music's rate for the track) needs 44100 Hz (DAC 48000); latched at the old track's end; paused; boundary reached 0.021 s
[ 14.568] virtual device -> 44100: 0
[ 14.569] DAC format -> 44100.0 Hz 4 ch 32 bit flags 27: 0
[ 14.570] virtual device latency -> 15434 frames: 0
[ 14.570] other apps: restarting the player (the virtual device's rate is now 44100 Hz)
[ 14.850] other apps -> MacBook Pro Speakers at 44100 Hz (AVAudioEngine + varispeed; target fill 2205 frames)
[ 15.795]   DAC ready after 0.945 s: phys 44100.0 Hz 4 ch 32 bit flags 27 / virt 44100.0 Hz 4 ch 32 bit flags 9
[ 15.796] B writes float32 in 4 bytes, channels 1/2 (virtual format 44100.0 Hz 4 ch 32 bit flags 9)
[ 15.798] decoder: 44100.0 Hz (lossless)
[ 15.798] playerInfo: Paused Coward
[ 16.228]   rewound to 0.000 (was 0.000, played ~0.120 s), play; switch 1 done 1.708 s after the request
[ 16.239] clock: DAC scalar 1.000003 not steady yet; following it until the lock
[ 16.260] decoder: 44100.0 Hz (lossless)
[ 16.260] playerInfo: Paused Coward
[ 16.260] playerInfo: Playing Coward
[ 19.783] clock: DAC scalar steady at 1.000004 after 3.5 s
[ 19.783] clock lock: phase0 15792.687, fill 15872, cycles A 1777 B 1706
[ 20.789] other apps meter (10 s): loopback ch 3-4 peak silent, player out peak silent; other apps: fill 1695 (target 2205), varispeed 0.999959, dry 0x, over 0; plug-in: ProcessOutput calls 4738, Music's 1806, other apps' frames 1501184, pid 57518; peak in 0.0000, read back 0.0000; time delta max 512 frames in 1 cycles
[ 22.416] decoder: 44100.0 Hz (lossless)
[ 22.688] playerInfo: Playing The Ten Commandments
[ 22.720] new track The Ten Commandments (Music's rate for the track): decoder 44100.0 Hz lossless (seen 0.276 s before Playing), DAC 44100 Hz
[ 30.637] decoder: 48000.0 Hz (lossless)
[ 30.932] next track needs 48000 Hz; 234.85 s left, arming the boundary latch in 0.00 s and again in 233.35 s
[ 30.932] boundary latch: the skip's gap is 13895 frames back, B 1977 frames before it; latched there
[ 30.933] latched at ring 1341369 (fill 15872)
[ 30.934] other apps meter (10 s): loopback ch 3-4 peak silent, player out peak silent; other apps: fill 2214 (target 2205), varispeed 0.999995, dry 0x, over 0; plug-in: ProcessOutput calls 6486, Music's 2680, other apps' frames 1948672, pid 57518; peak in 0.0000, read back 0.0000; time delta max 512 frames in 1 cycles
[ 30.946] playerInfo: Playing 100% Expendable
[ 30.961] new track 100% Expendable (Music's rate for the track): decoder 48000.0 Hz lossless (seen 0.252 s before Playing), DAC 44100 Hz -> switch to 48000
[ 30.970] switch 2: 100% Expendable (Music's rate for the track) needs 48000 Hz (DAC 44100); latched at the old track's end; paused; boundary reached 0.009 s
[ 30.984] virtual device -> 48000: 0
[ 30.984] DAC format -> 48000.0 Hz 4 ch 32 bit flags 27: 0
[ 30.986] virtual device latency -> 16800 frames: 0
[ 30.987] other apps: restarting the player (the virtual device's rate is now 48000 Hz)
[ 31.277] other apps -> MacBook Pro Speakers at 48000 Hz (AVAudioEngine + varispeed; target fill 2400 frames)
[ 32.217]   DAC ready after 0.939 s: phys 48000.0 Hz 4 ch 32 bit flags 27 / virt 48000.0 Hz 4 ch 32 bit flags 9
[ 32.218] B writes float32 in 4 bytes, channels 1/2 (virtual format 48000.0 Hz 4 ch 32 bit flags 9)
[ 32.219] playerInfo: Playing 100% Expendable
[ 32.219] playerInfo: Paused 100% Expendable
[ 32.219] decoder: 48000.0 Hz (lossless)
[ 32.624]   rewound to 0.000 (was 0.000, played ~0.130 s), play; switch 2 done 1.663 s after the request
[ 32.626] clock: DAC scalar 1.000004 not steady yet; following it until the lock
[ 32.696] 48000 Hz fill 16384 scalar 1.000003845 under 0 over 0; clock waiting (DAC scalar not steady, following it), DAC scalar 1.000004; 2026-09-29 12:27:20.589 -05:00
[ 32.700] music only: ProcessOutput calls 6778, Music's 2826, other apps' frames 2023424, pid 57518; peak in 0.0000, read back 0.0000; time delta max 512 frames in 2 cycles; other apps: fill 2131 (target 2400), varispeed 1.000025, dry 0x, over 0
[ 32.713] decoder: 48000.0 Hz (lossless)
[ 32.713] playerInfo: Paused 100% Expendable
[ 32.713] playerInfo: Playing 100% Expendable
[ 36.176] clock: DAC scalar steady at 1.000004 after 3.5 s
[ 36.176] clock lock: phase0 17950.029, fill 16896, cycles A 3209 B 3090
[ 38.825] decoder: 44100.0 Hz (lossless)
[ 39.123] next track needs 44100 Hz; 402.17 s left, arming the boundary latch in 0.00 s and again in 400.67 s
[ 39.125] boundary latch: the skip's gap is 15192 frames back, B 1192 frames before it; latched there
[ 39.125] latched at ring 1672872 (fill 16384)
[ 39.135] playerInfo: Playing Detach
[ 39.153] new track Detach (Music's rate for the track): decoder 44100.0 Hz lossless (seen 0.264 s before Playing), DAC 48000 Hz -> switch to 44100
[ 39.161] switch 3: Detach (Music's rate for the track) needs 44100 Hz (DAC 48000); latched at the old track's end; paused; boundary reached 0.007 s
[ 39.177] virtual device -> 44100: 0
[ 39.178] DAC format -> 44100.0 Hz 4 ch 32 bit flags 27: 0
[ 39.179] virtual device latency -> 15434 frames: 0
[ 39.179] other apps: restarting the player (the virtual device's rate is now 44100 Hz)
[ 39.462] other apps -> MacBook Pro Speakers at 44100 Hz (AVAudioEngine + varispeed; target fill 2205 frames)
[ 40.409]   DAC ready after 0.944 s: phys 44100.0 Hz 4 ch 32 bit flags 27 / virt 44100.0 Hz 4 ch 32 bit flags 9
[ 40.410] B writes float32 in 4 bytes, channels 1/2 (virtual format 44100.0 Hz 4 ch 32 bit flags 9)
[ 40.410] playerInfo: Playing Detach
[ 40.410] decoder: 44100.0 Hz (lossless)
[ 40.410] playerInfo: Paused Detach
[ 40.795]   rewound to 0.000 (was 0.000, played ~0.121 s), play; switch 3 done 1.642 s after the request
[ 40.800] clock: DAC scalar 1.000004 not steady yet; following it until the lock
[ 40.886] decoder: 44100.0 Hz (lossless)
[ 40.886] playerInfo: Paused Detach
[ 40.886] playerInfo: Playing Detach
[ 41.311] other apps meter (10 s): loopback ch 3-4 peak silent, player out peak silent; other apps: fill 2205 (target 2205), varispeed 1.000000, dry 0x, over 0; plug-in: ProcessOutput calls 8323, Music's 3599, other apps' frames 2418688, pid 57518; peak in 0.0000, read back 0.0000; time delta max 512 frames in 4 cycles
[ 44.359] clock: DAC scalar steady at 1.000004 after 3.6 s
[ 44.360] clock lock: phase0 15751.354, fill 15360, cycles A 3918 B 3757
[ 47.034] decoder: 44100.0 Hz (lossless)
[ 47.307] playerInfo: Playing Afraid of Time
[ 47.324] new track Afraid of Time (Music's rate for the track): decoder 44100.0 Hz lossless (seen 0.269 s before Playing), DAC 44100 Hz
[ 51.465] other apps meter (10 s): loopback ch 3-4 peak silent, player out peak silent; other apps: fill 2207 (target 2205), varispeed 0.999959, dry 0x, over 0; plug-in: ProcessOutput calls 10073, Music's 4474, other apps' frames 2866688, pid 57518; peak in 0.0000, read back 0.0000; time delta max 512 frames in 4 cycles
[ 55.212] decoder: 48000.0 Hz (lossless)
[ 55.498] next track needs 48000 Hz; 309.53 s left, arming the boundary latch in 0.00 s and again in 308.03 s
[ 55.502] boundary latch: the skip's gap is 13035 frames back, B 2325 frames before it; latched there
[ 55.502] latched at ring 2341653 (fill 15872)
[ 55.515] playerInfo: Playing Daemonize
[ 55.527] new track Daemonize (Music's rate for the track): decoder 48000.0 Hz lossless (seen 0.240 s before Playing), DAC 44100 Hz -> switch to 48000
[ 55.534] playerInfo: Playing Daemonize
[ 55.553] switch 4: Daemonize (Music's rate for the track) needs 48000 Hz (DAC 44100); latched at the old track's end; paused; boundary reached 0.027 s
[ 55.577] virtual device -> 48000: 0
[ 55.578] DAC format -> 48000.0 Hz 4 ch 32 bit flags 27: 0
[ 55.582] virtual device latency -> 16800 frames: 0
[ 55.582] other apps: restarting the player (the virtual device's rate is now 48000 Hz)
[ 55.872] other apps -> MacBook Pro Speakers at 48000 Hz (AVAudioEngine + varispeed; target fill 2400 frames)
[ 56.786]   DAC ready after 0.914 s: phys 48000.0 Hz 4 ch 32 bit flags 27 / virt 48000.0 Hz 4 ch 32 bit flags 9
[ 56.787] B writes float32 in 4 bytes, channels 1/2 (virtual format 48000.0 Hz 4 ch 32 bit flags 9)
[ 56.787] decoder: 48000.0 Hz (lossless)
[ 56.787] playerInfo: Paused Daemonize
[ 57.176]   rewound to 0.000 (was 0.000, played ~0.123 s), play; switch 4 done 1.650 s after the request
[ 57.186] clock: DAC scalar 1.000004 not steady yet; following it until the lock
[ 57.272] decoder: 48000.0 Hz (lossless)
[ 57.273] playerInfo: Paused Daemonize
[ 57.274] playerInfo: Playing Daemonize
[ 60.700] clock: DAC scalar steady at 1.000004 after 3.5 s
[ 60.700] clock lock: phase0 16963.645, fill 16384, cycles A 5345 B 5139
[ 61.731] other apps meter (10 s): loopback ch 3-4 peak silent, player out peak silent; other apps: fill 2267 (target 2400), varispeed 0.999937, dry 0x, over 0; plug-in: ProcessOutput calls 11897, Music's 5386, other apps' frames 3333632, pid 57518; peak in 0.0000, read back 0.0000; time delta max 512 frames in 8 cycles
[ 62.635] 48000 Hz fill 16384 scalar 1.000004037 under 0 over 0; clock locked, DAC scalar 1.000004; 2026-09-29 12:27:50.599 -05:00
[ 62.637] music only: ProcessOutput calls 12067, Music's 5471, other apps' frames 3377152, pid 57518; peak in 0.0000, read back 0.0000; time delta max 512 frames in 8 cycles; other apps: fill 2322 (target 2400), varispeed 0.999946, dry 0x, over 0
[ 63.435] decoder: 96000.0 Hz (lossless)
[ 63.727] next track needs 96000 Hz; 477.31 s left, arming the boundary latch in 0.00 s and again in 475.81 s
[ 63.728] boundary latch: the skip's gap is 15136 frames back, B 1248 frames before it; latched there
[ 63.728] latched at ring 2674912 (fill 16384)
[ 63.740] playerInfo: Playing Back-Woods Song
[ 63.751] new track Back-Woods Song (Music's rate for the track): decoder 96000.0 Hz lossless (seen 0.249 s before Playing), DAC 48000 Hz -> switch to 96000
[ 63.763] switch 5: Back-Woods Song (Music's rate for the track) needs 96000 Hz (DAC 48000); latched at the old track's end; paused; boundary reached 0.012 s
[ 63.783] virtual device -> 96000: 0
[ 63.784] DAC format -> 96000.0 Hz 4 ch 32 bit flags 27: 0
[ 63.785] virtual device latency -> 33600 frames: 0
[ 63.785] other apps: restarting the player (the virtual device's rate is now 96000 Hz)
[ 64.137] other apps -> MacBook Pro Speakers at 96000 Hz (AVAudioEngine + varispeed; target fill 4800 frames)
[ 65.025]   DAC ready after 0.887 s: phys 96000.0 Hz 4 ch 32 bit flags 27 / virt 96000.0 Hz 4 ch 32 bit flags 9
[ 65.026] B writes float32 in 4 bytes, channels 1/2 (virtual format 96000.0 Hz 4 ch 32 bit flags 9)
[ 65.026] playerInfo: Playing Back-Woods Song
[ 65.026] playerInfo: Paused Back-Woods Song
[ 65.026] decoder: 96000.0 Hz (lossless)
[ 65.424]   rewound to 0.000 (was 0.000, played ~0.125 s), play; switch 5 done 1.673 s after the request
[ 65.430] clock: DAC scalar 1.000004 not steady yet; following it until the lock
[ 65.520] decoder: 96000.0 Hz (lossless)
[ 65.521] playerInfo: Paused Back-Woods Song
[ 65.521] playerInfo: Playing Back-Woods Song
[ 68.981] clock: DAC scalar steady at 1.000004 after 3.6 s
[ 68.982] clock lock: phase0 32764.512, fill 33600, cycles A 6562 B 6266
[ 71.634] decoder: 44100.0 Hz (lossless)
[ 71.906] next track needs 44100 Hz; 386.22 s left, arming the boundary latch in 0.00 s and again in 384.72 s
[ 71.907] boundary latch: the skip's gap is 30796 frames back, B 2804 frames before it; latched there
[ 71.907] latched at ring 3320756 (fill 33600)
[ 71.919] playerInfo: Playing Emergence
[ 71.935] new track Emergence (Music's rate for the track): decoder 44100.0 Hz lossless (seen 0.244 s before Playing), DAC 96000 Hz -> switch to 44100
[ 71.944] switch 6: Emergence (Music's rate for the track) needs 44100 Hz (DAC 96000); latched at the old track's end; paused; boundary reached 0.008 s
[ 71.965] virtual device -> 44100: 0
[ 71.965] DAC format -> 44100.0 Hz 4 ch 32 bit flags 27: 0
[ 71.967] virtual device latency -> 15434 frames: 0
[ 71.967] other apps: restarting the player (the virtual device's rate is now 44100 Hz)
[ 72.313] other apps -> MacBook Pro Speakers at 44100 Hz (AVAudioEngine + varispeed; target fill 2205 frames)
[ 73.220]   DAC ready after 0.906 s: phys 44100.0 Hz 4 ch 32 bit flags 27 / virt 44100.0 Hz 4 ch 32 bit flags 9
[ 73.221] B writes float32 in 4 bytes, channels 1/2 (virtual format 44100.0 Hz 4 ch 32 bit flags 9)
[ 73.221] playerInfo: Playing Emergence
[ 73.221] decoder: 44100.0 Hz (lossless)
[ 73.222] playerInfo: Paused Emergence
[ 73.626]   rewound to 0.000 (was 0.000, played ~0.117 s), play; switch 6 done 1.690 s after the request
[ 73.636] clock: DAC scalar 1.000003 not steady yet; following it until the lock
[ 73.638] other apps meter (10 s): loopback ch 3-4 peak silent, player out peak silent; other apps: fill 2205 (target 2205), varispeed 1.000000, dry 0x, over 0; plug-in: ProcessOutput calls 15501, Music's 7189, other apps' frames 4255744, pid 57518; peak in 0.0000, read back 0.0000; time delta max 512 frames in 939 cycles
[ 73.719] decoder: 44100.0 Hz (lossless)
[ 73.719] playerInfo: Paused Emergence
[ 73.719] playerInfo: Playing Emergence
[ 77.168] clock: DAC scalar steady at 1.000004 after 3.5 s
[ 77.168] clock lock: phase0 15215.894, fill 15360, cycles A 7547 B 7213
[ 79.860] decoder: 48000.0 Hz (lossless)
[ 79.890] next track needs 48000 Hz; 131.50 s left, arming the boundary latch in 0.00 s and again in 130.00 s
[ 79.890] playerInfo: Playing Building Better Worlds
[ 80.068] new track Building Better Worlds (Music's rate for the track): decoder 48000.0 Hz lossless (seen 0.008 s before Playing), DAC 44100 Hz -> switch to 48000
[ 80.079] playerInfo: Playing Building Better Worlds
[ 80.164] switch 7: Building Better Worlds (Music's rate for the track) needs 48000 Hz (DAC 44100); latched at the gap before it (after the fact, 11563 frames back; B 3797 frames before it); paused; boundary reached 0.096 s
[ 80.189] virtual device -> 48000: 0
[ 80.191] DAC format -> 48000.0 Hz 4 ch 32 bit flags 27: 0
[ 80.192] virtual device latency -> 16800 frames: 0
[ 80.192] other apps: restarting the player (the virtual device's rate is now 48000 Hz)
[ 80.483] other apps -> MacBook Pro Speakers at 48000 Hz (AVAudioEngine + varispeed; target fill 2400 frames)
[ 81.435]   DAC ready after 0.952 s: phys 48000.0 Hz 4 ch 32 bit flags 27 / virt 48000.0 Hz 4 ch 32 bit flags 9
[ 81.437] B writes float32 in 4 bytes, channels 1/2 (virtual format 48000.0 Hz 4 ch 32 bit flags 9)
[ 81.438] playerInfo: Paused Building Better Worlds
[ 81.833]   rewound to 0.000 (was 0.000, played ~0.259 s), play; switch 7 done 1.766 s after the request
[ 81.842] clock: DAC scalar 1.000004 not steady yet; following it until the lock
[ 81.920] decoder: 48000.0 Hz (lossless)
[ 81.920] playerInfo: Paused Building Better Worlds
[ 81.920] playerInfo: Playing Building Better Worlds
[ 83.864] other apps meter (10 s): loopback ch 3-4 peak silent, player out peak silent; other apps: fill 2778 (target 2400), varispeed 0.999873, dry 0x, over 0; plug-in: ProcessOutput calls 17285, Music's 8083, other apps' frames 4711424, pid 57518; peak in 0.0000, read back 0.0000; time delta max 512 frames in 940 cycles
[ 85.379] clock: DAC scalar steady at 1.000004 after 3.5 s
[ 85.379] clock lock: phase0 21152.704, fill 16800, cycles A 8275 B 7891
[ 87.966] playerInfo: Playing Building Better Worlds
[ 88.041] decoder: 48000.0 Hz (lossless)
[ 88.228] playerInfo: Paused Building Better Worlds
