[  0.000] log started 2026-09-29 05:59:45.721 -05:00; LosslessSwitcher 2.0 (build 24, commit 13c74f8), com.dizzysound.LosslessSwitcher.dev; macOS Version 27.0 (Build 26A428), Mac14,2
[  0.001] engine started (virtual device)
[  0.010] microphone permission: not determined; asking, and leaving the output alone until it is answered
[ 41.661] microphone permission granted
[ 41.711] attached (pid 30369): 0
[ 41.725] default output -> virtual device: 0
[ 41.728] virtual device 145 @ 44100.0 Hz; scalar reset 0
[ 41.758] A: output streams off: 0
[ 41.788] start A: 0
[ 41.789] DAC AudioQuest DragonFly Black v1.5 (AppleUSBAudioEngine:AudioQuest:AudioQuest DragonFly Black v1.5:AQDFBL0120002531:1) @ 44100.0 Hz, hog owner -1, my pid 30369
[ 41.792] hog DAC: 0, hogged
[ 41.795] DAC format -> 44100.0 Hz 2 ch 24 bit flags 76: 0
[ 41.796] B: DAC inputs off: 0
[ 42.078] start B: 0
[ 42.581] DAC ready after 0.502 s: phys 44100.0 Hz 2 ch 24 bit flags 76 / virt 44100.0 Hz 2 ch 24 bit flags 76
[ 42.582] B writes int24 in 3 bytes, channels 1/2 (virtual format 44100.0 Hz 2 ch 24 bit flags 76)
[ 42.582] format listeners: 0 0
[ 42.624] volume: forwarding to DAC element 0 (-48.0 dB), linear in dB, 0 to -64 dB (4.0 dB per key step), set in dB (no dB -> scalar on the DAC); mute to element 0; slider -> 0.2500: 0, mute -> 0: 0
[ 45.598] decoder: 44100.0 Hz (lossless)
[ 45.598] playerInfo: Playing Victim Or The Crime
[ 45.600] new track Victim Or The Crime: decoder 44100.0 Hz lossless (seen 7.503 s before Playing), DAC 44100 Hz
[ 45.600] playerInfo: Playing Uncertain Weather
[ 45.659] new track Uncertain Weather: no decoder line for it yet; playing on at 44100 Hz until one comes (3 s)
[ 45.659] decoder: 44100.0 Hz (lossless)
[ 45.659] new track Uncertain Weather: decoder 44100.0 Hz lossless (seen -0.456 s before Playing), DAC 44100 Hz
[ 45.659] playerInfo: Playing My Head's in Mississippi
[ 45.659] new track My Head's in Mississippi: the newest decoder line (44100 Hz, 7.494 s before Playing) may be the previous track's; waiting 1 s for its own
[ 45.659] decoder: 44100.0 Hz (lossy)
[ 45.660] new track My Head's in Mississippi: decoder 44100.0 Hz lossy (seen -0.731 s before Playing), DAC 44100 Hz
[ 45.660] playerInfo: Playing Middle of June
[ 45.660] new track Middle of June: the newest decoder line (44100 Hz, 7.585 s before Playing) may be the previous track's; waiting 1 s for its own
[ 45.660] decoder: 44100.0 Hz (lossless)
[ 45.660] new track Middle of June: decoder 44100.0 Hz lossless (seen -0.449 s before Playing), DAC 44100 Hz
[ 45.660] playerInfo: Playing Coconut Boogaloo
[ 45.660] new track Coconut Boogaloo: the newest decoder line (44100 Hz, 7.503 s before Playing) may be the previous track's; waiting 1 s for its own
[ 45.660] decoder: 44100.0 Hz (lossless)
[ 45.661] new track Coconut Boogaloo: decoder 44100.0 Hz lossless (seen -0.718 s before Playing), DAC 44100 Hz
[ 45.661] playerInfo: Playing Coconut Boogaloo
[ 45.661] playerInfo: Paused Coconut Boogaloo
[ 45.661] playerInfo: Paused Coconut Boogaloo
[ 45.667] playerInfo: Playing Coconut Boogaloo
[ 45.667] playerInfo: Paused Coconut Boogaloo
[ 46.094] decoder: 44100.0 Hz (lossless)
[ 46.318] playerInfo: Playing Coconut Boogaloo
[ 46.835] clock: DAC scalar 0.998864 not steady yet; following it until the lock
[ 50.364] clock: DAC scalar steady at 0.998861 after 3.5 s
[ 50.365] clock lock: phase0 13496.481, fill 1536, cycles A 740 B 714
[ 76.331] 44100 Hz fill 1536 scalar 0.998862504 under 0 over 0; clock locked, DAC scalar 0.998865; 2026-09-29 06:01:02.052 -05:00
[106.338] 44100 Hz fill 1536 scalar 0.999285284 under 0 over 0; clock locked, DAC scalar 0.999242; 2026-09-29 06:01:32.058 -05:00
[136.338] 44100 Hz fill 1024 scalar 0.999794882 under 0 over 0; clock locked, DAC scalar 0.999691; 2026-09-29 06:02:02.059 -05:00
[166.342] 44100 Hz fill 1536 scalar 0.999609239 under 0 over 0; clock locked, DAC scalar 0.999620; 2026-09-29 06:02:32.063 -05:00
[196.344] 44100 Hz fill 1536 scalar 0.999576283 under 0 over 0; clock locked, DAC scalar 0.999578; 2026-09-29 06:03:02.065 -05:00
[226.350] 44100 Hz fill 1024 scalar 0.999554887 under 0 over 0; clock locked, DAC scalar 0.999585; 2026-09-29 06:03:32.070 -05:00
[256.359] 44100 Hz fill 1536 scalar 0.999559034 under 0 over 0; clock locked, DAC scalar 0.999577; 2026-09-29 06:04:02.079 -05:00
[283.452] decoder: 44100.0 Hz (lossy)
[283.739] playerInfo: Playing The Observer
[283.740] new track The Observer: decoder 44100.0 Hz lossy (seen 0.291 s before Playing), DAC 44100 Hz
[286.365] 44100 Hz fill 1536 scalar 0.999558547 under 0 over 0; clock locked, DAC scalar 0.999585; 2026-09-29 06:04:32.086 -05:00
[316.376] 44100 Hz fill 1536 scalar 0.999548805 under 0 over 0; clock locked, DAC scalar 0.999588; 2026-09-29 06:05:02.096 -05:00
[346.386] 44100 Hz fill 1024 scalar 0.999588019 under 0 over 0; clock locked, DAC scalar 0.999590; 2026-09-29 06:05:32.107 -05:00
[376.395] 44100 Hz fill 1536 scalar 0.999645319 under 0 over 0; clock locked, DAC scalar 0.999626; 2026-09-29 06:06:02.116 -05:00
[406.403] 44100 Hz fill 1536 scalar 0.999757578 under 0 over 0; clock locked, DAC scalar 0.999681; 2026-09-29 06:06:32.123 -05:00
[436.413] 44100 Hz fill 1536 scalar 0.999670143 under 0 over 0; clock locked, DAC scalar 0.999681; 2026-09-29 06:07:02.134 -05:00
[466.413] 44100 Hz fill 1536 scalar 0.999561549 under 0 over 0; clock locked, DAC scalar 0.999578; 2026-09-29 06:07:32.134 -05:00
[496.424] 44100 Hz fill 1536 scalar 0.999561613 under 0 over 0; clock locked, DAC scalar 0.999582; 2026-09-29 06:08:02.145 -05:00
[526.433] 44100 Hz fill 1024 scalar 0.999554734 under 0 over 0; clock locked, DAC scalar 0.999584; 2026-09-29 06:08:32.153 -05:00
[534.984] playerInfo: Playing Orange Blossom Special
[535.060] new track Orange Blossom Special: no decoder line for it yet; playing on at 44100 Hz until one comes (3 s)
[538.067] no decoder line for Orange Blossom Special within 3 s; playing at 44100 Hz
[556.442] 44100 Hz fill 1536 scalar 0.999559843 under 0 over 0; clock locked, DAC scalar 0.999574; 2026-09-29 06:09:02.162 -05:00
[586.448] 44100 Hz fill 1536 scalar 0.999557072 under 0 over 0; clock locked, DAC scalar 0.999577; 2026-09-29 06:09:32.168 -05:00
[616.449] 44100 Hz fill 1536 scalar 0.999563216 under 0 over 0; clock locked, DAC scalar 0.999591; 2026-09-29 06:10:02.169 -05:00
[646.454] 44100 Hz fill 1536 scalar 0.999596854 under 0 over 0; clock locked, DAC scalar 0.999602; 2026-09-29 06:10:32.174 -05:00
[667.207] playerInfo: Playing Whole Lotta Love
[667.758] new track Whole Lotta Love: no decoder line for it yet; playing on at 44100 Hz until one comes (3 s)
[670.758] no decoder line for Whole Lotta Love within 3 s; playing at 44100 Hz
[676.456] 44100 Hz fill 1024 scalar 0.999679208 under 0 over 0; clock locked, DAC scalar 0.999643; 2026-09-29 06:11:02.176 -05:00
[706.457] 44100 Hz fill 1536 scalar 0.999786530 under 0 over 0; clock locked, DAC scalar 0.999710; 2026-09-29 06:11:32.178 -05:00
[733.180] playerInfo: Stopped 
[733.192] playerInfo: Playing Intruder
[733.243] new track Intruder: no decoder line for it yet; holding at the gate until one comes (3 s)
[733.286] playerInfo: Playing Intruder
[733.696] decoder: 44100.0 Hz (lossy)
[733.698] new track Intruder: decoder 44100.0 Hz lossy (seen -0.507 s before Playing), DAC 44100 Hz
[736.458] 44100 Hz fill 1536 scalar 0.999572675 under 0 over 0; clock locked, DAC scalar 0.999580; 2026-09-29 06:12:02.178 -05:00
[766.459] 44100 Hz fill 1536 scalar 0.999561949 under 0 over 0; clock locked, DAC scalar 0.999568; 2026-09-29 06:12:32.180 -05:00
[796.478] 44100 Hz fill 1536 scalar 0.999573440 under 0 over 0; clock locked, DAC scalar 0.999586; 2026-09-29 06:13:02.193 -05:00
[826.480] 44100 Hz fill 1024 scalar 0.999565545 under 0 over 0; clock locked, DAC scalar 0.999578; 2026-09-29 06:13:32.201 -05:00
[836.367] playerInfo: Stopped 
[836.396] playerInfo: Playing Biko (Live)
[836.396] new track Biko (Live): the newest decoder line (44100 Hz, 102.687 s before Playing) may be the previous track's; waiting 1 s for its own
[836.917] decoder: 48000.0 Hz (lossy)
[836.920] new track Biko (Live): decoder 48000.0 Hz lossy (seen -0.534 s before Playing), DAC 44100 Hz -> switch to 48000
[836.931] playerInfo: Playing Biko (Live)
[836.931] playerInfo: Paused Biko (Live)
[836.938] switch 1: Biko (Live) needs 48000 Hz (DAC 44100); not latched: cut at the play position; paused; boundary reached 0.018 s
[836.957] virtual device -> 48000: 0
[836.958] DAC format -> 48000.0 Hz 2 ch 24 bit flags 76: 0
[838.242]   DAC ready after 1.283 s: phys 48000.0 Hz 2 ch 24 bit flags 76 / virt 48000.0 Hz 2 ch 24 bit flags 76
[838.244] B writes int24 in 3 bytes, channels 1/2 (virtual format 48000.0 Hz 2 ch 24 bit flags 76)
[838.245] decoder: 48000.0 Hz (lossless)
[838.432]   rewound to 0.000 (was 0.000, played ~0.587 s), play; switch 1 done 1.512 s after the request
[838.436] clock: DAC scalar 0.999560 not steady yet; following it until the lock
[838.451] decoder: 48000.0 Hz (lossless)
[838.451] playerInfo: Paused Biko (Live)
[838.451] playerInfo: Playing Biko (Live)
[842.999] clock: DAC scalar steady at 0.998960 after 4.6 s
[842.999] clock lock: phase0 32302.200, fill 2048, cycles A 69072 B 68990
[856.489] 48000 Hz fill 1536 scalar 0.998952024 under 0 over 0; clock locked, DAC scalar 0.998960; 2026-09-29 06:14:02.210 -05:00
[886.492] 48000 Hz fill 2048 scalar 0.999835515 under 0 over 0; clock locked, DAC scalar 0.999819; 2026-09-29 06:14:32.212 -05:00
[916.500] 48000 Hz fill 1536 scalar 1.000111896 under 0 over 0; clock locked, DAC scalar 0.999993; 2026-09-29 06:15:02.220 -05:00
[946.502] 48000 Hz fill 2048 scalar 0.999973687 under 0 over 0; clock locked, DAC scalar 0.999996; 2026-09-29 06:15:32.222 -05:00
[976.510] 48000 Hz fill 2048 scalar 0.999992430 under 0 over 0; clock locked, DAC scalar 0.999995; 2026-09-29 06:16:02.230 -05:00
[987.021] playerInfo: Stopped 
[987.136] playerInfo: Playing I Can't (BBC Radio 1 Evening Session)
[987.136] new track I Can't (BBC Radio 1 Evening Session): the newest decoder line (48000 Hz, 148.692 s before Playing) may be the previous track's; waiting 1 s for its own
[987.681] decoder: 44100.0 Hz (lossy)
[987.684] new track I Can't (BBC Radio 1 Evening Session): decoder 44100.0 Hz lossy (seen -0.536 s before Playing), DAC 48000 Hz -> switch to 44100
[987.695] switch 2: I Can't (BBC Radio 1 Evening Session) needs 44100 Hz (DAC 48000); not latched: cut at the play position; paused; boundary reached 0.011 s
[987.718] virtual device -> 44100: 0
[987.719] DAC format -> 44100.0 Hz 2 ch 24 bit flags 76: 0
[988.993]   DAC ready after 1.273 s: phys 44100.0 Hz 2 ch 24 bit flags 76 / virt 44100.0 Hz 2 ch 24 bit flags 76
[988.994] B writes int24 in 3 bytes, channels 1/2 (virtual format 44100.0 Hz 2 ch 24 bit flags 76)
[988.994] playerInfo: Playing I Can't (BBC Radio 1 Evening Session)
[988.994] playerInfo: Paused I Can't (BBC Radio 1 Evening Session)
[989.042]   rewound to 0.000 (was 0.000, played ~0.600 s), play; switch 2 done 1.358 s after the request
[989.055] playerInfo: Paused I Can't (BBC Radio 1 Evening Session)
[989.066] playerInfo: Playing I Can't (BBC Radio 1 Evening Session)
[989.548] clock: DAC scalar 0.998941 not steady yet; following it until the lock
[993.118] clock: DAC scalar steady at 0.998867 after 3.6 s
[993.118] clock lock: phase0 29970.912, fill 1536, cycles A 83091 B 82962
[1006.512] 44100 Hz fill 1536 scalar 0.998866724 under 0 over 0; clock locked, DAC scalar 0.998861; 2026-09-29 06:16:32.232 -05:00
[1036.518] 44100 Hz fill 1536 scalar 0.998861501 under 0 over 0; clock locked, DAC scalar 0.998865; 2026-09-29 06:17:02.238 -05:00
[1066.524] 44100 Hz fill 1536 scalar 0.999778960 under 0 over 0; clock locked, DAC scalar 0.999553; 2026-09-29 06:17:32.244 -05:00
[1096.527] 44100 Hz fill 1536 scalar 0.999514211 under 0 over 0; clock locked, DAC scalar 0.999568; 2026-09-29 06:18:02.247 -05:00
[1126.530] 44100 Hz fill 1536 scalar 0.999542118 under 0 over 0; clock locked, DAC scalar 0.999573; 2026-09-29 06:18:32.250 -05:00
[1156.544] 44100 Hz fill 2048 scalar 0.999555917 under 0 over 0; clock locked, DAC scalar 0.999584; 2026-09-29 06:19:02.264 -05:00
[1186.555] 44100 Hz fill 2048 scalar 0.999554455 under 0 over 0; clock locked, DAC scalar 0.999602; 2026-09-29 06:19:32.275 -05:00
[1216.567] 44100 Hz fill 2048 scalar 0.999585141 under 0 over 0; clock locked, DAC scalar 0.999613; 2026-09-29 06:20:02.287 -05:00
[1224.282] playerInfo: Playing Take A Friend
[1224.282] new track Take A Friend: the newest decoder line (44100 Hz, 236.602 s before Playing) may be the previous track's; waiting 1 s for its own
[1225.294] no newer decoder line for Take A Friend within 1 s; the earlier one decides
[1225.296] new track Take A Friend: decoder 44100.0 Hz lossy (seen 236.602 s before Playing), DAC 44100 Hz
[1246.576] 44100 Hz fill 1536 scalar 0.999664227 under 0 over 0; clock locked, DAC scalar 0.999636; 2026-09-29 06:20:32.296 -05:00
[1276.578] 44100 Hz fill 1536 scalar 0.999756831 under 0 over 0; clock locked, DAC scalar 0.999683; 2026-09-29 06:21:02.298 -05:00
[1306.582] 44100 Hz fill 1536 scalar 0.999661209 under 0 over 0; clock locked, DAC scalar 0.999661; 2026-09-29 06:21:32.303 -05:00
[1336.584] 44100 Hz fill 1536 scalar 0.999573132 under 0 over 0; clock locked, DAC scalar 0.999565; 2026-09-29 06:22:02.304 -05:00
[1366.588] 44100 Hz fill 1536 scalar 0.999558866 under 0 over 0; clock locked, DAC scalar 0.999567; 2026-09-29 06:22:32.308 -05:00
[1396.593] 44100 Hz fill 1536 scalar 0.999558720 under 0 over 0; clock locked, DAC scalar 0.999577; 2026-09-29 06:23:02.314 -05:00
[1426.597] 44100 Hz fill 1536 scalar 0.999552231 under 0 over 0; clock locked, DAC scalar 0.999575; 2026-09-29 06:23:32.318 -05:00
[1456.605] 44100 Hz fill 1536 scalar 0.999552981 under 0 over 0; clock locked, DAC scalar 0.999587; 2026-09-29 06:24:02.325 -05:00
[1486.607] 44100 Hz fill 1536 scalar 0.999565479 under 0 over 0; clock locked, DAC scalar 0.999590; 2026-09-29 06:24:32.328 -05:00
[1492.113] decoder: 44100.0 Hz (lossless)
[1492.437] playerInfo: Playing Aeroplane (Zabriskie Point)
[1492.439] new track Aeroplane (Zabriskie Point): decoder 44100.0 Hz lossless (seen 0.314 s before Playing), DAC 44100 Hz
[1516.613] 44100 Hz fill 1536 scalar 0.999588315 under 0 over 0; clock locked, DAC scalar 0.999597; 2026-09-29 06:25:02.333 -05:00
[1546.617] 44100 Hz fill 2048 scalar 0.999664413 under 0 over 0; clock locked, DAC scalar 0.999623; 2026-09-29 06:25:32.337 -05:00
[1576.621] 44100 Hz fill 1536 scalar 0.999770509 under 0 over 0; clock locked, DAC scalar 0.999686; 2026-09-29 06:26:02.341 -05:00
[1606.624] 44100 Hz fill 1536 scalar 0.999657709 under 0 over 0; clock locked, DAC scalar 0.999640; 2026-09-29 06:26:32.342 -05:00
[1630.185] decoder: 44100.0 Hz (lossy)
[1630.452] playerInfo: Playing Pow R. Toc H. - Astronomy Domine - Syd and Roger Interview [BBC 14 May 1967]
[1630.453] new track Pow R. Toc H. - Astronomy Domine - Syd and Roger Interview [BBC 14 May 1967]: decoder 44100.0 Hz lossy (seen 0.259 s before Playing), DAC 44100 Hz
[1636.627] 44100 Hz fill 2048 scalar 0.999563274 under 0 over 0; clock locked, DAC scalar 0.999570; 2026-09-29 06:27:02.348 -05:00
