[  0.000] log started 2026-09-29 13:58:35.029 -05:00; LosslessSwitcher 2.0 (build 24, commit eebe7e9), com.dizzysound.LosslessSwitcher.dev; macOS Version 27.0 (Build 26A428), MacBookPro18,3
[  0.001] engine started (virtual device)
[  0.009] debug recording to /tmp/glrec/rec.* (90 s)
[  0.015] microphone permission: granted
[  0.034] attached (pid 63245): 0
[  0.036] music only: 'LSmx' = 57518 (Music; was 0): 0
[  0.047] default output -> virtual device: 0
[  0.054] virtual device 278 @ 44100.0 Hz; scalar reset 0
[  0.170] A: output streams off: 0
[  0.277] start A: 0
[  0.278] DAC Babyface Pro (73020432) (de_RME_driver_USBAudioEngine:0) @ 44100.0 Hz, hog owner -1, my pid 63245
[  0.279] hog DAC: 0, hogged
[  0.284] DAC format -> 44100.0 Hz 4 ch 32 bit flags 27: 0
[  0.288] virtual device latency -> 22050 frames: 0
[  0.336] B: DAC inputs off: 0
[  0.547] start B: 0
[  1.062] DAC ready after 0.515 s: phys 44100.0 Hz 4 ch 32 bit flags 27 / virt 44100.0 Hz 4 ch 32 bit flags 9
[  1.063] B writes float32 in 4 bytes, channels 1/2 (virtual format 44100.0 Hz 4 ch 32 bit flags 9)
[  1.063] format listeners: 0 0
[  1.119] volume: forwarding to DAC elements 1,2 (-60.0 dB), linear in dB, 0 to -64 dB (4.0 dB per key step); mute emulated (DAC has none); slider -> 0.0625: 0, mute -> 0: 0
[  1.124] other apps and alert sounds: MacBook Pro Speakers (built-in speakers (automatic))
[  1.260] other apps -> MacBook Pro Speakers at 44100 Hz (AVAudioEngine + varispeed; target fill 2205 frames)
[  1.261] decoder: 44100.0 Hz 16-bit (lossless)
[  1.261] playerInfo: Playing LS-gapless-A
[  1.273] new track LS-gapless-A (Music's rate for the track): decoder 44100.0 Hz lossless (seen 0.379 s before Playing), DAC 44100 Hz
[  1.273] gate released (same rate) < 10 ms after the output started
[  1.776] clock: DAC scalar 1.000004 not steady yet; following it until the lock
[  3.287] source depth from the samples: 16 bit (all 88064 on the 16-bit grid)
[  5.294] clock: DAC scalar steady at 1.000004 after 3.5 s
[  5.294] clock lock: phase0 4658.844, fill 30208, cycles A 432 B 409
[  5.864] decoder: 48000.0 Hz 16-bit (lossless)
[  5.871] next track needs 48000 Hz; 10.20 s left, arming the boundary latch in 8.70 s
[ 10.377] other apps meter (10 s): loopback ch 3-4 peak silent, player out peak silent; other apps: fill 1772 (target 2205), varispeed 0.999824, dry 0x, over 0; plug-in: ProcessOutput calls 236900, Music's 81242, other apps' frames 79695524, pid 57518; peak in 0.0000, read back 0.0000; time delta max 803836 frames in 972 cycles
[ 14.573] boundary latch armed at in frame 630784
[ 15.414] NSRunningApplication lists no Music, but pid 57518 is alive: still running
[ 15.586] latched at ring 675253 (fill 30720)
[ 16.183] playerInfo: Playing LS-gapless-B
[ 16.197] new track LS-gapless-B (Music's rate for the track): decoder 48000.0 Hz lossless (seen 10.313 s before Playing), DAC 44100 Hz -> switch to 48000
[ 16.217] playerInfo: Playing LS-gapless-B
[ 16.255] playerInfo: Paused LS-gapless-B
[ 16.278] switch 1: LS-gapless-B (Music's rate for the track) needs 48000 Hz (DAC 44100); latched at the old track's end; paused; boundary reached 0.081 s
[ 16.303] virtual device -> 48000: 0
[ 16.304] DAC format -> 48000.0 Hz 4 ch 32 bit flags 27: 0
[ 16.305] virtual device latency -> 24000 frames: 0
[ 16.305] other apps: restarting the player (the virtual device's rate is now 48000 Hz)
[ 16.602] other apps -> MacBook Pro Speakers at 48000 Hz (AVAudioEngine + varispeed; target fill 2400 frames)
[ 17.515]   DAC ready after 0.912 s: phys 48000.0 Hz 4 ch 32 bit flags 27 / virt 48000.0 Hz 4 ch 32 bit flags 9
[ 17.515] B writes float32 in 4 bytes, channels 1/2 (virtual format 48000.0 Hz 4 ch 32 bit flags 9)
[ 17.545]   rewound to 0.000 (was 0.000, played ~0.069 s), play; switch 1 done 1.348 s after the request
[ 17.639] playerInfo: Paused LS-gapless-B
[ 17.639] playerInfo: Playing LS-gapless-B
[ 18.054] clock: DAC scalar 1.000004 not steady yet; following it until the lock
[ 19.073] source depth from the samples: 16 bit (all 49152 on the 16-bit grid)
[ 20.588] other apps meter (10 s): loopback ch 3-4 peak silent, player out peak silent; other apps: fill 2440 (target 2400), varispeed 0.999801, dry 0x, over 0; plug-in: ProcessOutput calls 238682, Music's 82135, other apps' frames 80150692, pid 57518; peak in 0.0000, read back 0.0000; time delta max 803836 frames in 974 cycles
[ 21.600] clock: DAC scalar steady at 1.000004 after 3.5 s
[ 21.600] clock lock: phase0 17280.978, fill 24064, cycles A 1854 B 1788
[ 22.170] decoder: 44100.0 Hz 16-bit (lossless)
[ 22.194] next track needs 44100 Hz; 10.43 s left, arming the boundary latch in 8.93 s
[ 30.735] other apps meter (10 s): loopback ch 3-4 peak silent, player out peak silent; other apps: fill 2363 (target 2400), varispeed 0.999930, dry 0x, over 0; plug-in: ProcessOutput calls 240584, Music's 83086, other apps' frames 80637604, pid 57518; peak in 0.0000, read back 0.0000; time delta max 803836 frames in 974 cycles
[ 31.127] boundary latch armed at in frame 1406464
[ 31.262] 48000 Hz fill 24064 scalar 1.000004603 under 0 over 0; clock locked, DAC scalar 1.000005; 2026-09-29 13:59:06.291 -05:00
[ 31.263] music only: ProcessOutput calls 240684, Music's 83136, other apps' frames 80663204, pid 57518; peak in 0.0000, read back 0.0000; time delta max 803836 frames in 974 cycles; other apps: fill 2331 (target 2400), varispeed 0.999854, dry 0x, over 0
[ 32.515] latched at ring 1424887 (fill 24064)
[ 33.097] playerInfo: Playing LS-gapless-C
[ 33.164] new track LS-gapless-C (Music's rate for the track): decoder 44100.0 Hz lossless (seen 10.921 s before Playing), DAC 48000 Hz -> switch to 44100
[ 33.175] switch 2: LS-gapless-C (Music's rate for the track) needs 44100 Hz (DAC 48000); latched at the old track's end; paused; boundary reached 0.011 s
[ 33.203] virtual device -> 44100: 0
[ 33.204] DAC format -> 44100.0 Hz 4 ch 32 bit flags 27: 0
[ 33.205] virtual device latency -> 22050 frames: 0
[ 33.205] other apps: restarting the player (the virtual device's rate is now 44100 Hz)
[ 33.486] other apps -> MacBook Pro Speakers at 44100 Hz (AVAudioEngine + varispeed; target fill 2205 frames)
[ 34.435]   DAC ready after 0.948 s: phys 44100.0 Hz 4 ch 32 bit flags 27 / virt 44100.0 Hz 4 ch 32 bit flags 9
[ 34.436] B writes float32 in 4 bytes, channels 1/2 (virtual format 44100.0 Hz 4 ch 32 bit flags 9)
[ 34.437] playerInfo: Playing LS-gapless-C
[ 34.437] playerInfo: Playing LS-gapless-C
[ 34.437] playerInfo: Paused LS-gapless-C
[ 34.495]   rewound to 0.000 (was 0.000, played ~0.131 s), play; switch 2 done 1.331 s after the request
[ 34.562] playerInfo: Paused LS-gapless-C
[ 34.562] playerInfo: Playing LS-gapless-C
[ 34.998] clock: DAC scalar 1.000004 not steady yet; following it until the lock
[ 36.007] source depth from the samples: 16 bit (all 45056 on the 16-bit grid)
[ 38.552] clock: DAC scalar steady at 1.000004 after 3.6 s
[ 38.552] clock lock: phase0 15349.353, fill 22016, cycles A 3382 B 3276
[ 41.097] other apps meter (10 s): loopback ch 3-4 peak silent, player out peak silent; other apps: fill 2265 (target 2205), varispeed 0.999829, dry 0x, over 0; plug-in: ProcessOutput calls 242367, Music's 83977, other apps' frames 81094308, pid 57518; peak in 0.0000, read back 0.0000; time delta max 803836 frames in 976 cycles
[ 50.036] playerInfo: Paused LS-gapless-C
[ 50.047] playerInfo: Stopped 
[ 50.191] playerInfo: Stopped 
[ 51.231] other apps meter (10 s): loopback ch 3-4 peak silent, player out peak silent; other apps: fill 1808 (target 2205), varispeed 0.999907, dry 0x, over 0; plug-in: ProcessOutput calls 244112, Music's 84850, other apps' frames 81540772, pid 57518; peak in 0.0000, read back 0.0000; time delta max 803836 frames in 976 cycles
