[  0.000] log started 2026-09-29 14:03:31.607 -05:00; LosslessSwitcher 2.0 (build 24, commit eebe7e9), com.dizzysound.LosslessSwitcher.dev; macOS Version 27.0 (Build 26A428), MacBookPro18,3
[  0.002] engine started (virtual device)
[  0.020] debug recording to /tmp/skip5/rec.* (150 s)
[  0.030] microphone permission: granted
[  0.046] attached (pid 63562): 0
[  0.048] music only: 'LSmx' = 57518 (Music; was 0): 0
[  0.053] default output -> virtual device: 0
[  0.067] virtual device 278 @ 48000.0 Hz; scalar reset 0
[  0.117] A: output streams off: 0
[  0.241] start A: 0
[  0.242] DAC Babyface Pro (73020432) (de_RME_driver_USBAudioEngine:0) @ 48000.0 Hz, hog owner -1, my pid 63562
[  0.244] hog DAC: 0, hogged
[  0.249] DAC format -> 48000.0 Hz 4 ch 32 bit flags 27: 0
[  0.254] virtual device latency -> 24000 frames: 0
[  0.286] B: DAC inputs off: 0
[  0.483] start B: 0
[  0.992] DAC ready after 0.508 s: phys 48000.0 Hz 4 ch 32 bit flags 27 / virt 48000.0 Hz 4 ch 32 bit flags 9
[  0.992] B writes float32 in 4 bytes, channels 1/2 (virtual format 48000.0 Hz 4 ch 32 bit flags 9)
[  0.992] format listeners: 0 0
[  1.036] volume: forwarding to DAC elements 1,2 (-60.0 dB), linear in dB, 0 to -64 dB (4.0 dB per key step); mute emulated (DAC has none); slider -> 0.0625: 0, mute -> 0: 0
[  1.040] other apps and alert sounds: MacBook Pro Speakers (built-in speakers (automatic))
[  1.180] other apps -> MacBook Pro Speakers at 48000 Hz (AVAudioEngine + varispeed; target fill 2400 frames)
[  1.185] playerInfo: Playing Init
[  1.279] new track Init (Music's rate for the track; no decoder line at it yet): decoder 48000.0 Hz lossless (seen 0.000 s before Playing), DAC 48000 Hz
[  1.279] decoder: 48000.0 Hz (lossless)
[  1.279] playerInfo: Paused Init
[  1.286] playerInfo: Paused Init
[  1.286] playerInfo: Playing Init
[  1.802] clock: DAC scalar 1.000004 not steady yet; following it until the lock
[  3.323] source depth from the samples: 24 bit (97930 of 98304 samples off the 16-bit grid, all on the 24-bit grid)
[  3.700] decoder: 48000.0 Hz (lossless)
[  3.830] playerInfo: Playing This Changes Everything
[  3.865] new track This Changes Everything (Music's rate for the track): decoder 48000.0 Hz lossless (seen 0.118 s before Playing), DAC 48000 Hz
[  5.387] clock: DAC scalar steady at 1.000004 after 3.6 s
[  5.388] clock lock: phase0 5484.948, fill 23488, cycles A 485 B 460
[  5.904] source depth from the samples: 24 bit (96967 of 97280 samples off the 16-bit grid, all on the 24-bit grid)
[  9.953] other apps meter (10 s): loopback ch 3-4 peak silent, player out peak silent; other apps: fill 2221 (target 2400), varispeed 0.999879, dry 0x, over 0; plug-in: ProcessOutput calls 255993, Music's 87944, other apps' frames 86039716, pid 57518; peak in 0.0000, read back 0.0000; time delta max 803836 frames in 980 cycles
[ 12.955] decoder: 48000.0 Hz (lossless)
[ 13.096] playerInfo: Playing Building Better Worlds
[ 13.129] new track Building Better Worlds (Music's rate for the track): decoder 48000.0 Hz lossless (seen 0.143 s before Playing), DAC 48000 Hz
[ 15.528] source depth from the samples: 24 bit (96863 of 97280 samples off the 16-bit grid, all on the 24-bit grid)
[ 20.086] other apps meter (10 s): loopback ch 3-4 peak silent, player out peak silent; other apps: fill 2175 (target 2400), varispeed 0.999884, dry 0x, over 0; plug-in: ProcessOutput calls 257893, Music's 88894, other apps' frames 86526116, pid 57518; peak in 0.0000, read back 0.0000; time delta max 803836 frames in 980 cycles
[ 22.155] decoder: 48000.0 Hz (lossless)
[ 22.315] playerInfo: Playing 100% Expendable
[ 22.347] new track 100% Expendable (Music's rate for the track): decoder 48000.0 Hz lossless (seen 0.159 s before Playing), DAC 48000 Hz
[ 24.630] source depth from the samples: 24 bit (95878 of 96256 samples off the 16-bit grid, all on the 24-bit grid)
[ 30.198] other apps meter (10 s): loopback ch 3-4 peak silent, player out peak silent; other apps: fill 2206 (target 2400), varispeed 0.999982, dry 0x, over 0; plug-in: ProcessOutput calls 259789, Music's 89842, other apps' frames 87011492, pid 57518; peak in 0.0000, read back 0.0000; time delta max 803836 frames in 980 cycles
[ 31.292] 48000 Hz fill 24000 scalar 1.000005256 under 0 over 0; clock locked, DAC scalar 1.000005; 2026-09-29 14:04:02.899 -05:00
[ 31.294] music only: ProcessOutput calls 259995, Music's 89945, other apps' frames 87064228, pid 57518; peak in 0.0000, read back 0.0000; time delta max 803836 frames in 980 cycles; other apps: fill 2559 (target 2400), varispeed 0.999964, dry 0x, over 0
[ 31.402] decoder: 44100.0 Hz (lossless)
[ 31.712] next track needs 44100 Hz; 152.64 s left, arming the boundary latch in 0.00 s and again in 151.14 s
[ 31.717] boundary latch: the skip's gap is 16416 frames back, B 7584 frames before it; latched there
[ 31.717] latched at ring 1496032 (fill 24000)
[ 31.731] playerInfo: Playing Afraid of Time
[ 31.743] new track Afraid of Time (Music's rate for the track): decoder 44100.0 Hz lossless (seen 0.272 s before Playing), DAC 48000 Hz -> switch to 44100
[ 31.752] playerInfo: Playing Afraid of Time
[ 31.873] switch 1: Afraid of Time (Music's rate for the track) needs 44100 Hz (DAC 48000); latched at the old track's end; paused; boundary reached 0.130 s
[ 31.900] virtual device -> 44100: 0
[ 31.901] DAC format -> 44100.0 Hz 4 ch 32 bit flags 27: 0
[ 31.902] virtual device latency -> 22050 frames: 0
[ 31.903] other apps: restarting the player (the virtual device's rate is now 44100 Hz)
[ 32.183] other apps -> MacBook Pro Speakers at 44100 Hz (AVAudioEngine + varispeed; target fill 2205 frames)
[ 33.132]   DAC ready after 0.947 s: phys 44100.0 Hz 4 ch 32 bit flags 27 / virt 44100.0 Hz 4 ch 32 bit flags 9
[ 33.133] B writes float32 in 4 bytes, channels 1/2 (virtual format 44100.0 Hz 4 ch 32 bit flags 9)
[ 33.134] playerInfo: Paused Afraid of Time
[ 33.552]   rewound to 0.000 (was 0.000, played ~0.127 s), play; switch 1 done 1.809 s after the request
[ 33.559] clock: DAC scalar 1.000003 not steady yet; following it until the lock
[ 33.655] decoder: 44100.0 Hz (lossless)
[ 33.655] playerInfo: Paused Afraid of Time
[ 33.655] playerInfo: Playing Afraid of Time
[ 35.086] source depth from the samples: 24 bit (44906 of 45054 samples off the 16-bit grid, all on the 24-bit grid)
[ 37.096] clock: DAC scalar steady at 1.000004 after 3.5 s
[ 37.096] clock lock: phase0 16542.025, fill 22016, cycles A 3399 B 3331
[ 40.630] decoder: 44100.0 Hz (lossless)
[ 40.650] other apps meter (10 s): loopback ch 3-4 peak silent, player out peak silent; other apps: fill 2208 (target 2205), varispeed 0.999974, dry 0x, over 0; plug-in: ProcessOutput calls 261579, Music's 90738, other apps' frames 87469220, pid 57518; peak in 0.0000, read back 0.0000; time delta max 803836 frames in 984 cycles
[ 40.901] playerInfo: Playing A Place Among the Stars
[ 40.931] new track A Place Among the Stars (Music's rate for the track): decoder 44100.0 Hz lossless (seen 0.269 s before Playing), DAC 44100 Hz
[ 43.169] source depth from the samples: 24 bit (88756 of 89084 samples off the 16-bit grid, all on the 24-bit grid)
[ 49.850] decoder: 48000.0 Hz (lossless)
[ 50.093] next track needs 48000 Hz; 207.12 s left, arming the boundary latch in 0.00 s and again in 205.62 s
[ 50.095] boundary latch: the skip's gap is 11931 frames back, B 10085 frames before it; latched there
[ 50.095] latched at ring 2255205 (fill 22016)
[ 50.107] playerInfo: Playing Next Mission
[ 50.122] new track Next Mission (Music's rate for the track): decoder 48000.0 Hz lossless (seen 0.244 s before Playing), DAC 44100 Hz -> switch to 48000
[ 50.134] playerInfo: Playing Next Mission
[ 50.141] playerInfo: Paused Next Mission
[ 50.331] switch 2: Next Mission (Music's rate for the track) needs 48000 Hz (DAC 44100); latched at the old track's end; paused; boundary reached 0.207 s
[ 50.356] virtual device -> 48000: 0
[ 50.357] DAC format -> 48000.0 Hz 4 ch 32 bit flags 27: 0
[ 50.359] virtual device latency -> 24000 frames: 0
[ 50.360] other apps: restarting the player (the virtual device's rate is now 48000 Hz)
[ 50.677] other apps -> MacBook Pro Speakers at 48000 Hz (AVAudioEngine + varispeed; target fill 2400 frames)
[ 51.570]   DAC ready after 0.893 s: phys 48000.0 Hz 4 ch 32 bit flags 27 / virt 48000.0 Hz 4 ch 32 bit flags 9
[ 51.575] B writes float32 in 4 bytes, channels 1/2 (virtual format 48000.0 Hz 4 ch 32 bit flags 9)
[ 51.987]   rewound to 0.000 (was 0.000, played ~0.082 s), play; switch 2 done 1.865 s after the request
[ 51.998] clock: DAC scalar 1.000003 not steady yet; following it until the lock
[ 52.003] other apps meter (10 s): loopback ch 3-4 peak silent, player out peak silent; other apps: fill 2028 (target 2400), varispeed 1.000000, dry 0x, over 0; plug-in: ProcessOutput calls 263520, Music's 91710, other apps' frames 87965348, pid 57518; peak in 0.0000, read back 0.0000; time delta max 803836 frames in 987 cycles
[ 52.089] decoder: 48000.0 Hz (lossless)
[ 52.090] playerInfo: Paused Next Mission
[ 52.090] playerInfo: Playing Next Mission
[ 54.007] source depth from the samples: 16 bit (all 48112 on the 16-bit grid)
[ 55.512] clock: DAC scalar steady at 1.000004 after 3.5 s
[ 55.512] clock lock: phase0 16480.477, fill 23552, cycles A 5003 B 4892
[ 59.058] decoder: 44100.0 Hz (lossless)
[ 59.386] next track needs 44100 Hz; 386.21 s left, arming the boundary latch in 0.00 s and again in 384.71 s
[ 59.387] boundary latch: the skip's gap is 16672 frames back, B 6880 frames before it; latched there
[ 59.387] latched at ring 2634976 (fill 23552)
[ 59.400] playerInfo: Playing Emergence
[ 59.417] new track Emergence (Music's rate for the track): decoder 44100.0 Hz lossless (seen 0.279 s before Playing), DAC 48000 Hz -> switch to 44100
[ 59.426] playerInfo: Playing Emergence
[ 59.533] switch 3: Emergence (Music's rate for the track) needs 44100 Hz (DAC 48000); latched at the old track's end; paused; boundary reached 0.116 s
[ 59.563] virtual device -> 44100: 0
[ 59.565] DAC format -> 44100.0 Hz 4 ch 32 bit flags 27: 0
[ 59.567] virtual device latency -> 22050 frames: 0
[ 59.567] other apps: restarting the player (the virtual device's rate is now 44100 Hz)
[ 59.853] other apps -> MacBook Pro Speakers at 44100 Hz (AVAudioEngine + varispeed; target fill 2205 frames)
[ 60.764]   DAC ready after 0.910 s: phys 44100.0 Hz 4 ch 32 bit flags 27 / virt 44100.0 Hz 4 ch 32 bit flags 9
[ 60.765] B writes float32 in 4 bytes, channels 1/2 (virtual format 44100.0 Hz 4 ch 32 bit flags 9)
[ 60.767] playerInfo: Paused Emergence
[ 61.210]   rewound to 0.000 (was 0.000, played ~0.130 s), play; switch 3 done 1.792 s after the request
[ 61.217] clock: DAC scalar 1.000004 not steady yet; following it until the lock
[ 61.298] decoder: 44100.0 Hz (lossless)
[ 61.299] playerInfo: Paused Emergence
[ 61.299] playerInfo: Playing Emergence
[ 61.299] 44100 Hz fill 22050 scalar 1.000003723 under 0 over 0; clock waiting (DAC scalar not steady, following it), DAC scalar 1.000004; 2026-09-29 14:04:32.905 -05:00
[ 61.299] music only: ProcessOutput calls 265207, Music's 92554, other apps' frames 88396964, pid 57518; peak in 0.0000, read back 0.0000; time delta max 803836 frames in 990 cycles; other apps: fill 1693 (target 2205), varispeed 0.999744, dry 0x, over 0
[ 62.231] other apps meter (10 s): loopback ch 3-4 peak silent, player out peak silent; other apps: fill 1703 (target 2205), varispeed 0.999796, dry 0x, over 0; plug-in: ProcessOutput calls 265367, Music's 92634, other apps' frames 88437924, pid 57518; peak in 0.0000, read back 0.0000; time delta max 803836 frames in 990 cycles
[ 62.731] source depth from the samples: 24 bit (44861 of 45056 samples off the 16-bit grid, all on the 24-bit grid)
[ 64.753] clock: DAC scalar steady at 1.000004 after 3.5 s
[ 64.753] clock lock: phase0 16998.979, fill 21538, cycles A 5814 B 5661
[ 68.285] decoder: 48000.0 Hz (lossless)
[ 68.542] next track needs 48000 Hz; 226.12 s left, arming the boundary latch in 0.00 s and again in 224.62 s
[ 68.543] boundary latch: the skip's gap is 12427 frames back, B 9623 frames before it; latched there
[ 68.543] latched at ring 2988917 (fill 22050)
[ 68.557] playerInfo: Playing Echoes
[ 68.581] new track Echoes (Music's rate for the track): decoder 48000.0 Hz lossless (seen 0.225 s before Playing), DAC 44100 Hz -> switch to 48000
[ 68.591] playerInfo: Playing Echoes
[ 68.763] switch 4: Echoes (Music's rate for the track) needs 48000 Hz (DAC 44100); latched at the old track's end; paused; boundary reached 0.182 s
[ 68.787] virtual device -> 48000: 0
[ 68.788] DAC format -> 48000.0 Hz 4 ch 32 bit flags 27: 0
[ 68.789] virtual device latency -> 24000 frames: 0
[ 68.790] other apps: restarting the player (the virtual device's rate is now 48000 Hz)
[ 69.099] other apps -> MacBook Pro Speakers at 48000 Hz (AVAudioEngine + varispeed; target fill 2400 frames)
[ 69.989]   DAC ready after 0.890 s: phys 48000.0 Hz 4 ch 32 bit flags 27 / virt 48000.0 Hz 4 ch 32 bit flags 9
[ 69.990] B writes float32 in 4 bytes, channels 1/2 (virtual format 48000.0 Hz 4 ch 32 bit flags 9)
[ 69.990] playerInfo: Paused Echoes
[ 70.399]   rewound to 0.000 (was 0.000, played ~0.128 s), play; switch 4 done 1.817 s after the request
[ 70.407] clock: DAC scalar 1.000004 not steady yet; following it until the lock
[ 70.493] decoder: 48000.0 Hz (lossless)
[ 70.494] playerInfo: Paused Echoes
[ 70.494] playerInfo: Playing Echoes
[ 72.437] other apps meter (10 s): loopback ch 3-4 peak silent, player out peak silent; other apps: fill 1887 (target 2400), varispeed 0.999850, dry 0x, over 0; plug-in: ProcessOutput calls 267148, Music's 93525, other apps' frames 88893604, pid 57518; peak in 0.0000, read back 0.0000; time delta max 803836 frames in 993 cycles
[ 72.437] source depth from the samples: 24 bit (47941 of 48128 samples off the 16-bit grid, all on the 24-bit grid)
[ 73.942] clock: DAC scalar steady at 1.000004 after 3.5 s
[ 73.942] clock lock: phase0 18237.860, fill 24000, cycles A 6628 B 6427
[ 77.529] decoder: 48000.0 Hz (lossless)
[ 77.769] playerInfo: Playing Daemonize
[ 77.808] new track Daemonize (Music's rate for the track): decoder 48000.0 Hz lossless (seen 0.242 s before Playing), DAC 48000 Hz
[ 80.027] source depth from the samples: 24 bit (96891 of 97280 samples off the 16-bit grid, all on the 24-bit grid)
[ 82.553] other apps meter (10 s): loopback ch 3-4 peak silent, player out peak silent; other apps: fill 1968 (target 2400), varispeed 0.999782, dry 0x, over 0; plug-in: ProcessOutput calls 269045, Music's 94474, other apps' frames 89378980, pid 57518; peak in 0.0000, read back 0.0000; time delta max 803836 frames in 993 cycles
[ 86.754] decoder: 44100.0 Hz (lossless)
[ 87.059] next track needs 44100 Hz; 219.06 s left, arming the boundary latch in 0.00 s and again in 217.56 s
[ 87.059] boundary latch: the skip's gap is 15732 frames back, B 8268 frames before it; latched there
[ 87.059] latched at ring 3814028 (fill 24000)
[ 87.072] playerInfo: Playing Mountains
[ 87.097] new track Mountains (Music's rate for the track): decoder 44100.0 Hz lossless (seen 0.260 s before Playing), DAC 48000 Hz -> switch to 44100
[ 87.108] playerInfo: Playing Mountains
[ 87.242] switch 5: Mountains (Music's rate for the track) needs 44100 Hz (DAC 48000); latched at the old track's end; paused; boundary reached 0.145 s
[ 87.270] virtual device -> 44100: 0
[ 87.270] DAC format -> 44100.0 Hz 4 ch 32 bit flags 27: 0
[ 87.272] virtual device latency -> 22050 frames: 0
[ 87.272] other apps: restarting the player (the virtual device's rate is now 44100 Hz)
[ 87.574] other apps -> MacBook Pro Speakers at 44100 Hz (AVAudioEngine + varispeed; target fill 2205 frames)
[ 88.506]   DAC ready after 0.931 s: phys 44100.0 Hz 4 ch 32 bit flags 27 / virt 44100.0 Hz 4 ch 32 bit flags 9
[ 88.507] B writes float32 in 4 bytes, channels 1/2 (virtual format 44100.0 Hz 4 ch 32 bit flags 9)
[ 88.507] playerInfo: Paused Mountains
[ 88.915]   rewound to 0.000 (was 0.000, played ~0.123 s), play; switch 5 done 1.818 s after the request
[ 88.921] clock: DAC scalar 1.000003 not steady yet; following it until the lock
[ 88.953] decoder: 44100.0 Hz (lossless)
[ 88.953] playerInfo: Paused Mountains
[ 88.953] playerInfo: Playing Mountains
[ 91.305] 44100 Hz fill 22016 scalar 1.000003978 under 0 over 0; clock waiting (DAC scalar not steady, following it), DAC scalar 1.000004; 2026-09-29 14:05:02.911 -05:00
[ 91.308] music only: ProcessOutput calls 270596, Music's 95250, other apps' frames 89775780, pid 57518; peak in 0.0000, read back 0.0000; time delta max 803836 frames in 994 cycles; other apps: fill 1717 (target 2205), varispeed 0.999781, dry 0x, over 0
[ 91.465] source depth from the samples: 24 bit (89735 of 90112 samples off the 16-bit grid, all on the 24-bit grid)
[ 92.477] clock: DAC scalar steady at 1.000004 after 3.6 s
[ 92.480] clock lock: phase0 17844.185, fill 22016, cycles A 8311 B 8064
[ 92.999] other apps meter (10 s): loopback ch 3-4 peak silent, player out peak silent; other apps: fill 2241 (target 2205), varispeed 0.999854, dry 0x, over 0; plug-in: ProcessOutput calls 270887, Music's 95395, other apps' frames 89850532, pid 57518; peak in 0.0000, read back 0.0000; time delta max 803836 frames in 994 cycles
